<?xml version="1.0" encoding="ISO-8859-1" ?>
<link_info>
   <banner>TI ARM Linker PC v20.2.7.LTS</banner>
   <copyright>Copyright (c) 1996-2018 Texas Instruments Incorporated</copyright>
   <link_time>0x67e59c92</link_time>
   <link_errors>0x0</link_errors>
   <output_file>Lab8.out</output_file>
   <entry_point>
      <name>_c_int00_noargs</name>
      <address>0x2dbd</address>
   </entry_point>
   <input_file_list>
      <input_file id="fl-2">
         <path>.\</path>
         <kind>object</kind>
         <file>Timer.obj</file>
         <name>Timer.obj</name>
      </input_file>
      <input_file id="fl-3">
         <path>.\</path>
         <kind>object</kind>
         <file>adc.obj</file>
         <name>adc.obj</name>
      </input_file>
      <input_file id="fl-4">
         <path>.\</path>
         <kind>object</kind>
         <file>lcd.obj</file>
         <name>lcd.obj</name>
      </input_file>
      <input_file id="fl-5">
         <path>.\</path>
         <kind>object</kind>
         <file>main.obj</file>
         <name>main.obj</name>
      </input_file>
      <input_file id="fl-6">
         <path>.\</path>
         <kind>object</kind>
         <file>tm4c123gh6pm_startup_ccs.obj</file>
         <name>tm4c123gh6pm_startup_ccs.obj</name>
      </input_file>
      <input_file id="fl-b">
         <kind>object</kind>
         <file>&lt;internal&gt;</file>
         <name>&lt;internal&gt;</name>
      </input_file>
      <input_file id="fl-c1">
         <path>C:\ti\ccs1271\ccs\tools\compiler\ti-cgt-arm_20.2.7.LTS\lib\</path>
         <kind>archive</kind>
         <file>rtsv7M4_T_le_v4SPD16_eabi.lib</file>
         <name>e_powf.c.obj</name>
      </input_file>
      <input_file id="fl-c2">
         <path>C:\ti\ccs1271\ccs\tools\compiler\ti-cgt-arm_20.2.7.LTS\lib\</path>
         <kind>archive</kind>
         <file>rtsv7M4_T_le_v4SPD16_eabi.lib</file>
         <name>e_sqrtf.c.obj</name>
      </input_file>
      <input_file id="fl-c3">
         <path>C:\ti\ccs1271\ccs\tools\compiler\ti-cgt-arm_20.2.7.LTS\lib\</path>
         <kind>archive</kind>
         <file>rtsv7M4_T_le_v4SPD16_eabi.lib</file>
         <name>s_scalbnf.c.obj</name>
      </input_file>
      <input_file id="fl-c4">
         <path>C:\ti\ccs1271\ccs\tools\compiler\ti-cgt-arm_20.2.7.LTS\lib\</path>
         <kind>archive</kind>
         <file>rtsv7M4_T_le_v4SPD16_eabi.lib</file>
         <name>vsnprintf.c.obj</name>
      </input_file>
      <input_file id="fl-c5">
         <path>C:\ti\ccs1271\ccs\tools\compiler\ti-cgt-arm_20.2.7.LTS\lib\</path>
         <kind>archive</kind>
         <file>rtsv7M4_T_le_v4SPD16_eabi.lib</file>
         <name>s_copysignf.c.obj</name>
      </input_file>
      <input_file id="fl-c6">
         <path>C:\ti\ccs1271\ccs\tools\compiler\ti-cgt-arm_20.2.7.LTS\lib\</path>
         <kind>archive</kind>
         <file>rtsv7M4_T_le_v4SPD16_eabi.lib</file>
         <name>fd_mul_t2.asm.obj</name>
      </input_file>
      <input_file id="fl-c7">
         <path>C:\ti\ccs1271\ccs\tools\compiler\ti-cgt-arm_20.2.7.LTS\lib\</path>
         <kind>archive</kind>
         <file>rtsv7M4_T_le_v4SPD16_eabi.lib</file>
         <name>fd_tos_t2.asm.obj</name>
      </input_file>
      <input_file id="fl-c8">
         <path>C:\ti\ccs1271\ccs\tools\compiler\ti-cgt-arm_20.2.7.LTS\lib\</path>
         <kind>archive</kind>
         <file>rtsv7M4_T_le_v4SPD16_eabi.lib</file>
         <name>fs_tod_t2.asm.obj</name>
      </input_file>
      <input_file id="fl-c9">
         <path>C:\ti\ccs1271\ccs\tools\compiler\ti-cgt-arm_20.2.7.LTS\lib\</path>
         <kind>archive</kind>
         <file>rtsv7M4_T_le_v4SPD16_eabi.lib</file>
         <name>memcpy_t2.asm.obj</name>
      </input_file>
      <input_file id="fl-ca">
         <path>C:\ti\ccs1271\ccs\tools\compiler\ti-cgt-arm_20.2.7.LTS\lib\</path>
         <kind>archive</kind>
         <file>rtsv7M4_T_le_v4SPD16_eabi.lib</file>
         <name>copy_zero_init.c.obj</name>
      </input_file>
      <input_file id="fl-cb">
         <path>C:\ti\ccs1271\ccs\tools\compiler\ti-cgt-arm_20.2.7.LTS\lib\</path>
         <kind>archive</kind>
         <file>rtsv7M4_T_le_v4SPD16_eabi.lib</file>
         <name>copy_decompress_none.c.obj</name>
      </input_file>
      <input_file id="fl-cc">
         <path>C:\ti\ccs1271\ccs\tools\compiler\ti-cgt-arm_20.2.7.LTS\lib\</path>
         <kind>archive</kind>
         <file>rtsv7M4_T_le_v4SPD16_eabi.lib</file>
         <name>copy_decompress_lzss.c.obj</name>
      </input_file>
      <input_file id="fl-cd">
         <path>C:\ti\ccs1271\ccs\tools\compiler\ti-cgt-arm_20.2.7.LTS\lib\</path>
         <kind>archive</kind>
         <file>rtsv7M4_T_le_v4SPD16_eabi.lib</file>
         <name>strcmp.c.obj</name>
      </input_file>
      <input_file id="fl-ce">
         <path>C:\ti\ccs1271\ccs\tools\compiler\ti-cgt-arm_20.2.7.LTS\lib\</path>
         <kind>archive</kind>
         <file>rtsv7M4_T_le_v4SPD16_eabi.lib</file>
         <name>strcpy.c.obj</name>
      </input_file>
      <input_file id="fl-cf">
         <path>C:\ti\ccs1271\ccs\tools\compiler\ti-cgt-arm_20.2.7.LTS\lib\</path>
         <kind>archive</kind>
         <file>rtsv7M4_T_le_v4SPD16_eabi.lib</file>
         <name>boot_cortex_m.c.obj</name>
      </input_file>
      <input_file id="fl-d0">
         <path>C:\ti\ccs1271\ccs\tools\compiler\ti-cgt-arm_20.2.7.LTS\lib\</path>
         <kind>archive</kind>
         <file>rtsv7M4_T_le_v4SPD16_eabi.lib</file>
         <name>errno.c.obj</name>
      </input_file>
      <input_file id="fl-d1">
         <path>C:\ti\ccs1271\ccs\tools\compiler\ti-cgt-arm_20.2.7.LTS\lib\</path>
         <kind>archive</kind>
         <file>rtsv7M4_T_le_v4SPD16_eabi.lib</file>
         <name>_printfi.c.obj</name>
      </input_file>
      <input_file id="fl-d2">
         <path>C:\ti\ccs1271\ccs\tools\compiler\ti-cgt-arm_20.2.7.LTS\lib\</path>
         <kind>archive</kind>
         <file>rtsv7M4_T_le_v4SPD16_eabi.lib</file>
         <name>fd_add_t2.asm.obj</name>
      </input_file>
      <input_file id="fl-d3">
         <path>C:\ti\ccs1271\ccs\tools\compiler\ti-cgt-arm_20.2.7.LTS\lib\</path>
         <kind>archive</kind>
         <file>rtsv7M4_T_le_v4SPD16_eabi.lib</file>
         <name>fd_cmp_t2.asm.obj</name>
      </input_file>
      <input_file id="fl-d4">
         <path>C:\ti\ccs1271\ccs\tools\compiler\ti-cgt-arm_20.2.7.LTS\lib\</path>
         <kind>archive</kind>
         <file>rtsv7M4_T_le_v4SPD16_eabi.lib</file>
         <name>fd_div_t2.asm.obj</name>
      </input_file>
      <input_file id="fl-d5">
         <path>C:\ti\ccs1271\ccs\tools\compiler\ti-cgt-arm_20.2.7.LTS\lib\</path>
         <kind>archive</kind>
         <file>rtsv7M4_T_le_v4SPD16_eabi.lib</file>
         <name>fd_toi_t2.asm.obj</name>
      </input_file>
      <input_file id="fl-d6">
         <path>C:\ti\ccs1271\ccs\tools\compiler\ti-cgt-arm_20.2.7.LTS\lib\</path>
         <kind>archive</kind>
         <file>rtsv7M4_T_le_v4SPD16_eabi.lib</file>
         <name>i_tofd_t2.asm.obj</name>
      </input_file>
      <input_file id="fl-d7">
         <path>C:\ti\ccs1271\ccs\tools\compiler\ti-cgt-arm_20.2.7.LTS\lib\</path>
         <kind>archive</kind>
         <file>rtsv7M4_T_le_v4SPD16_eabi.lib</file>
         <name>memset_t2.asm.obj</name>
      </input_file>
      <input_file id="fl-d8">
         <path>C:\ti\ccs1271\ccs\tools\compiler\ti-cgt-arm_20.2.7.LTS\lib\</path>
         <kind>archive</kind>
         <file>rtsv7M4_T_le_v4SPD16_eabi.lib</file>
         <name>ull_div_t2.asm.obj</name>
      </input_file>
      <input_file id="fl-d9">
         <path>C:\ti\ccs1271\ccs\tools\compiler\ti-cgt-arm_20.2.7.LTS\lib\</path>
         <kind>archive</kind>
         <file>rtsv7M4_T_le_v4SPD16_eabi.lib</file>
         <name>autoinit.c.obj</name>
      </input_file>
      <input_file id="fl-da">
         <path>C:\ti\ccs1271\ccs\tools\compiler\ti-cgt-arm_20.2.7.LTS\lib\</path>
         <kind>archive</kind>
         <file>rtsv7M4_T_le_v4SPD16_eabi.lib</file>
         <name>pre_init.c.obj</name>
      </input_file>
      <input_file id="fl-db">
         <path>C:\ti\ccs1271\ccs\tools\compiler\ti-cgt-arm_20.2.7.LTS\lib\</path>
         <kind>archive</kind>
         <file>rtsv7M4_T_le_v4SPD16_eabi.lib</file>
         <name>cpy_tbl.c.obj</name>
      </input_file>
      <input_file id="fl-dc">
         <path>C:\ti\ccs1271\ccs\tools\compiler\ti-cgt-arm_20.2.7.LTS\lib\</path>
         <kind>archive</kind>
         <file>rtsv7M4_T_le_v4SPD16_eabi.lib</file>
         <name>exit.c.obj</name>
      </input_file>
      <input_file id="fl-dd">
         <path>C:\ti\ccs1271\ccs\tools\compiler\ti-cgt-arm_20.2.7.LTS\lib\</path>
         <kind>archive</kind>
         <file>rtsv7M4_T_le_v4SPD16_eabi.lib</file>
         <name>_lock.c.obj</name>
      </input_file>
      <input_file id="fl-de">
         <path>C:\ti\ccs1271\ccs\tools\compiler\ti-cgt-arm_20.2.7.LTS\lib\</path>
         <kind>archive</kind>
         <file>rtsv7M4_T_le_v4SPD16_eabi.lib</file>
         <name>_ltoa.c.obj</name>
      </input_file>
      <input_file id="fl-df">
         <path>C:\ti\ccs1271\ccs\tools\compiler\ti-cgt-arm_20.2.7.LTS\lib\</path>
         <kind>archive</kind>
         <file>rtsv7M4_T_le_v4SPD16_eabi.lib</file>
         <name>args_main.c.obj</name>
      </input_file>
      <input_file id="fl-e0">
         <path>C:\ti\ccs1271\ccs\tools\compiler\ti-cgt-arm_20.2.7.LTS\lib\</path>
         <kind>archive</kind>
         <file>rtsv7M4_T_le_v4SPD16_eabi.lib</file>
         <name>atoi.c.obj</name>
      </input_file>
      <input_file id="fl-e1">
         <path>C:\ti\ccs1271\ccs\tools\compiler\ti-cgt-arm_20.2.7.LTS\lib\</path>
         <kind>archive</kind>
         <file>rtsv7M4_T_le_v4SPD16_eabi.lib</file>
         <name>ctype.c.obj</name>
      </input_file>
      <input_file id="fl-e2">
         <path>C:\ti\ccs1271\ccs\tools\compiler\ti-cgt-arm_20.2.7.LTS\lib\</path>
         <kind>archive</kind>
         <file>rtsv7M4_T_le_v4SPD16_eabi.lib</file>
         <name>memccpy.c.obj</name>
      </input_file>
      <input_file id="fl-e3">
         <path>C:\ti\ccs1271\ccs\tools\compiler\ti-cgt-arm_20.2.7.LTS\lib\</path>
         <kind>archive</kind>
         <file>rtsv7M4_T_le_v4SPD16_eabi.lib</file>
         <name>strchr.c.obj</name>
      </input_file>
      <input_file id="fl-e4">
         <path>C:\ti\ccs1271\ccs\tools\compiler\ti-cgt-arm_20.2.7.LTS\lib\</path>
         <kind>archive</kind>
         <file>rtsv7M4_T_le_v4SPD16_eabi.lib</file>
         <name>strlen.c.obj</name>
      </input_file>
      <input_file id="fl-e5">
         <path>C:\ti\ccs1271\ccs\tools\compiler\ti-cgt-arm_20.2.7.LTS\lib\</path>
         <kind>archive</kind>
         <file>rtsv7M4_T_le_v4SPD16_eabi.lib</file>
         <name>wcslen.c.obj</name>
      </input_file>
      <input_file id="fl-e6">
         <path>C:\ti\ccs1271\ccs\tools\compiler\ti-cgt-arm_20.2.7.LTS\lib\</path>
         <kind>archive</kind>
         <file>rtsv7M4_T_le_v4SPD16_eabi.lib</file>
         <name>s_frexp.c.obj</name>
      </input_file>
      <input_file id="fl-e7">
         <path>C:\ti\ccs1271\ccs\tools\compiler\ti-cgt-arm_20.2.7.LTS\lib\</path>
         <kind>archive</kind>
         <file>rtsv7M4_T_le_v4SPD16_eabi.lib</file>
         <name>s_scalbn.c.obj</name>
      </input_file>
      <input_file id="fl-e8">
         <path>C:\ti\ccs1271\ccs\tools\compiler\ti-cgt-arm_20.2.7.LTS\lib\</path>
         <kind>archive</kind>
         <file>rtsv7M4_T_le_v4SPD16_eabi.lib</file>
         <name>div0.asm.obj</name>
      </input_file>
      <input_file id="fl-e9">
         <path>C:\ti\ccs1271\ccs\tools\compiler\ti-cgt-arm_20.2.7.LTS\lib\</path>
         <kind>archive</kind>
         <file>rtsv7M4_T_le_v4SPD16_eabi.lib</file>
         <name>s_copysign.c.obj</name>
      </input_file>
      <input_file id="fl-ea">
         <path>C:\ti\TivaWare_C_Series-2.2.0.295\driverlib\ccs\Debug\</path>
         <kind>archive</kind>
         <file>driverlib.lib</file>
         <name>interrupt.obj</name>
      </input_file>
      <input_file id="fl-eb">
         <path>C:\ti\TivaWare_C_Series-2.2.0.295\driverlib\ccs\Debug\</path>
         <kind>archive</kind>
         <file>driverlib.lib</file>
         <name>cpu.obj</name>
      </input_file>
   </input_file_list>
   <object_component_list>
      <object_component id="oc-12">
         <name>.intvecs</name>
         <load_address>0x0</load_address>
         <run_address>0x0</run_address>
         <size>0x26c</size>
         <input_file_ref idref="fl-6"/>
      </object_component>
      <object_component id="oc-1a7">
         <name>.text:__TI_printfi</name>
         <load_address>0x26c</load_address>
         <run_address>0x26c</run_address>
         <size>0xa4e</size>
         <input_file_ref idref="fl-d1"/>
      </object_component>
      <object_component id="oc-30c">
         <name>.text</name>
         <load_address>0xcba</load_address>
         <run_address>0xcba</run_address>
         <size>0x2</size>
         <input_file_ref idref="fl-e8"/>
      </object_component>
      <object_component id="oc-db">
         <name>.text:powf</name>
         <load_address>0xcbc</load_address>
         <run_address>0xcbc</run_address>
         <size>0x58c</size>
         <input_file_ref idref="fl-c1"/>
      </object_component>
      <object_component id="oc-ca">
         <name>.text</name>
         <load_address>0x1248</load_address>
         <run_address>0x1248</run_address>
         <size>0x328</size>
         <input_file_ref idref="fl-4"/>
      </object_component>
      <object_component id="oc-24f">
         <name>.text:_pconv_a</name>
         <load_address>0x1570</load_address>
         <run_address>0x1570</run_address>
         <size>0x270</size>
         <input_file_ref idref="fl-d1"/>
      </object_component>
      <object_component id="oc-c4">
         <name>.text</name>
         <load_address>0x17e0</load_address>
         <run_address>0x17e0</run_address>
         <size>0x248</size>
         <input_file_ref idref="fl-2"/>
      </object_component>
      <object_component id="oc-23d">
         <name>.text:_pconv_g</name>
         <load_address>0x1a28</load_address>
         <run_address>0x1a28</run_address>
         <size>0x1d0</size>
         <input_file_ref idref="fl-d1"/>
      </object_component>
      <object_component id="oc-2bb">
         <name>.text</name>
         <load_address>0x1bf8</load_address>
         <run_address>0x1bf8</run_address>
         <size>0x1b6</size>
         <input_file_ref idref="fl-d2"/>
      </object_component>
      <object_component id="oc-249">
         <name>.text:_pconv_e</name>
         <load_address>0x1db0</load_address>
         <run_address>0x1db0</run_address>
         <size>0x13c</size>
         <input_file_ref idref="fl-d1"/>
      </object_component>
      <object_component id="oc-2a1">
         <name>.text</name>
         <load_address>0x1eec</load_address>
         <run_address>0x1eec</run_address>
         <size>0x136</size>
         <input_file_ref idref="fl-d4"/>
      </object_component>
      <object_component id="oc-2cd">
         <name>.text:fcvt</name>
         <load_address>0x2024</load_address>
         <run_address>0x2024</run_address>
         <size>0x124</size>
         <input_file_ref idref="fl-d1"/>
      </object_component>
      <object_component id="oc-d0">
         <name>.text</name>
         <load_address>0x2148</load_address>
         <run_address>0x2148</run_address>
         <size>0x114</size>
         <input_file_ref idref="fl-3"/>
      </object_component>
      <object_component id="oc-2e1">
         <name>.text:scalbn</name>
         <load_address>0x225c</load_address>
         <run_address>0x225c</run_address>
         <size>0x110</size>
         <input_file_ref idref="fl-e7"/>
      </object_component>
      <object_component id="oc-e1">
         <name>.text</name>
         <load_address>0x236c</load_address>
         <run_address>0x236c</run_address>
         <size>0xfc</size>
         <input_file_ref idref="fl-c6"/>
      </object_component>
      <object_component id="oc-162">
         <name>.text:scalbnf</name>
         <load_address>0x2468</load_address>
         <run_address>0x2468</run_address>
         <size>0xd0</size>
         <input_file_ref idref="fl-c3"/>
      </object_component>
      <object_component id="oc-232">
         <name>.text:_ltostr</name>
         <load_address>0x2538</load_address>
         <run_address>0x2538</run_address>
         <size>0xb1</size>
         <input_file_ref idref="fl-d1"/>
      </object_component>
      <object_component id="oc-9b">
         <name>.text</name>
         <load_address>0x25ec</load_address>
         <run_address>0x25ec</run_address>
         <size>0xb0</size>
         <input_file_ref idref="fl-5"/>
      </object_component>
      <object_component id="oc-3b">
         <name>.text</name>
         <load_address>0x269c</load_address>
         <run_address>0x269c</run_address>
         <size>0x9c</size>
         <input_file_ref idref="fl-c9"/>
      </object_component>
      <object_component id="oc-29a">
         <name>.text</name>
         <load_address>0x2738</load_address>
         <run_address>0x2738</run_address>
         <size>0x96</size>
         <input_file_ref idref="fl-d8"/>
      </object_component>
      <object_component id="oc-238">
         <name>.text:__aeabi_cdcmple</name>
         <load_address>0x27ce</load_address>
         <run_address>0x27ce</run_address>
         <size>0x86</size>
         <input_file_ref idref="fl-d3"/>
      </object_component>
      <object_component id="oc-2a6">
         <name>.text:__aeabi_cdrcmple</name>
         <load_address>0x2854</load_address>
         <run_address>0x2854</run_address>
         <size>0x86</size>
         <input_file_ref idref="fl-d3"/>
      </object_component>
      <object_component id="oc-8f">
         <name>.text</name>
         <load_address>0x28da</load_address>
         <run_address>0x28da</run_address>
         <size>0x7a</size>
         <input_file_ref idref="fl-d7"/>
      </object_component>
      <object_component id="oc-2c6">
         <name>.text:_mcpy</name>
         <load_address>0x2954</load_address>
         <run_address>0x2954</run_address>
         <size>0x6e</size>
         <input_file_ref idref="fl-d1"/>
      </object_component>
      <object_component id="oc-e6">
         <name>.text</name>
         <load_address>0x29c2</load_address>
         <run_address>0x29c2</run_address>
         <size>0x6e</size>
         <input_file_ref idref="fl-c7"/>
      </object_component>
      <object_component id="oc-15">
         <name>.text:decompress:lzss:__TI_decompress_lzss</name>
         <load_address>0x2a30</load_address>
         <run_address>0x2a30</run_address>
         <size>0x68</size>
         <input_file_ref idref="fl-cc"/>
      </object_component>
      <object_component id="oc-2db">
         <name>.text:frexp</name>
         <load_address>0x2a98</load_address>
         <run_address>0x2a98</run_address>
         <size>0x64</size>
         <input_file_ref idref="fl-e6"/>
      </object_component>
      <object_component id="oc-243">
         <name>.text:_pconv_f</name>
         <load_address>0x2afc</load_address>
         <run_address>0x2afc</run_address>
         <size>0x56</size>
         <input_file_ref idref="fl-d1"/>
      </object_component>
      <object_component id="oc-2b0">
         <name>.text:__TI_ltoa</name>
         <load_address>0x2b52</load_address>
         <run_address>0x2b52</run_address>
         <size>0x54</size>
         <input_file_ref idref="fl-de"/>
      </object_component>
      <object_component id="oc-2c0">
         <name>.text:_ecpy</name>
         <load_address>0x2ba6</load_address>
         <run_address>0x2ba6</run_address>
         <size>0x52</size>
         <input_file_ref idref="fl-d1"/>
      </object_component>
      <object_component id="oc-22c">
         <name>.text:atoi</name>
         <load_address>0x2bf8</load_address>
         <run_address>0x2bf8</run_address>
         <size>0x4c</size>
         <input_file_ref idref="fl-e0"/>
      </object_component>
      <object_component id="oc-2ab">
         <name>.text</name>
         <load_address>0x2c44</load_address>
         <run_address>0x2c44</run_address>
         <size>0x48</size>
         <input_file_ref idref="fl-d5"/>
      </object_component>
      <object_component id="oc-f8">
         <name>.text:__TI_auto_init_nobinit_nopinit:__TI_auto_init_nobinit_nopinit</name>
         <load_address>0x2c8c</load_address>
         <run_address>0x2c8c</run_address>
         <size>0x44</size>
         <input_file_ref idref="fl-d9"/>
      </object_component>
      <object_component id="oc-13e">
         <name>.text:vsnprintf</name>
         <load_address>0x2cd0</load_address>
         <run_address>0x2cd0</run_address>
         <size>0x40</size>
         <input_file_ref idref="fl-c4"/>
      </object_component>
      <object_component id="oc-2d3">
         <name>.text:_fcpy</name>
         <load_address>0x2d10</load_address>
         <run_address>0x2d10</run_address>
         <size>0x3e</size>
         <input_file_ref idref="fl-d1"/>
      </object_component>
      <object_component id="oc-d6">
         <name>.text</name>
         <load_address>0x2d4e</load_address>
         <run_address>0x2d4e</run_address>
         <size>0x38</size>
         <input_file_ref idref="fl-c8"/>
      </object_component>
      <object_component id="oc-12c">
         <name>.text:IntRegister</name>
         <load_address>0x2d88</load_address>
         <run_address>0x2d88</run_address>
         <size>0x34</size>
         <input_file_ref idref="fl-ea"/>
      </object_component>
      <object_component id="oc-59">
         <name>.text:_c_int00_noargs:_c_int00_noargs</name>
         <load_address>0x2dbc</load_address>
         <run_address>0x2dbc</run_address>
         <size>0x34</size>
         <input_file_ref idref="fl-cf"/>
      </object_component>
      <object_component id="oc-1ad">
         <name>.text:_outs</name>
         <load_address>0x2df0</load_address>
         <run_address>0x2df0</run_address>
         <size>0x30</size>
         <input_file_ref idref="fl-c4"/>
      </object_component>
      <object_component id="oc-2b6">
         <name>.text</name>
         <load_address>0x2e20</load_address>
         <run_address>0x2e20</run_address>
         <size>0x2e</size>
         <input_file_ref idref="fl-d6"/>
      </object_component>
      <object_component id="oc-15c">
         <name>.text:sqrtf</name>
         <load_address>0x2e50</load_address>
         <run_address>0x2e50</run_address>
         <size>0x28</size>
         <input_file_ref idref="fl-c2"/>
      </object_component>
      <object_component id="oc-47">
         <name>.text:decompress:ZI:__TI_zero_init_nomemset:__TI_zero_init_nomemset</name>
         <load_address>0x2e78</load_address>
         <run_address>0x2e78</run_address>
         <size>0x1c</size>
         <input_file_ref idref="fl-ca"/>
      </object_component>
      <object_component id="oc-255">
         <name>.text:memccpy</name>
         <load_address>0x2e94</load_address>
         <run_address>0x2e94</run_address>
         <size>0x1c</size>
         <input_file_ref idref="fl-e2"/>
      </object_component>
      <object_component id="oc-31f">
         <name>.text:copysign</name>
         <load_address>0x2eb0</load_address>
         <run_address>0x2eb0</run_address>
         <size>0x1a</size>
         <input_file_ref idref="fl-e9"/>
      </object_component>
      <object_component id="oc-1b3">
         <name>.text:_outc</name>
         <load_address>0x2eca</load_address>
         <run_address>0x2eca</run_address>
         <size>0x18</size>
         <input_file_ref idref="fl-c4"/>
      </object_component>
      <object_component id="oc-1d7">
         <name>.text:copysignf</name>
         <load_address>0x2ee2</load_address>
         <run_address>0x2ee2</run_address>
         <size>0x18</size>
         <input_file_ref idref="fl-c5"/>
      </object_component>
      <object_component id="oc-144">
         <name>.text:strcmp</name>
         <load_address>0x2efa</load_address>
         <run_address>0x2efa</run_address>
         <size>0x18</size>
         <input_file_ref idref="fl-cd"/>
      </object_component>
      <object_component id="oc-2e7">
         <name>.text:strchr</name>
         <load_address>0x2f12</load_address>
         <run_address>0x2f12</run_address>
         <size>0x16</size>
         <input_file_ref idref="fl-e3"/>
      </object_component>
      <object_component id="oc-14a">
         <name>.text:strcpy</name>
         <load_address>0x2f28</load_address>
         <run_address>0x2f28</run_address>
         <size>0x14</size>
         <input_file_ref idref="fl-ce"/>
      </object_component>
      <object_component id="oc-226">
         <name>.text:strlen</name>
         <load_address>0x2f3c</load_address>
         <run_address>0x2f3c</run_address>
         <size>0x14</size>
         <input_file_ref idref="fl-e4"/>
      </object_component>
      <object_component id="oc-25b">
         <name>.text:wcslen</name>
         <load_address>0x2f50</load_address>
         <run_address>0x2f50</run_address>
         <size>0x12</size>
         <input_file_ref idref="fl-e5"/>
      </object_component>
      <object_component id="oc-137">
         <name>.text:lcd_clear</name>
         <load_address>0x2f62</load_address>
         <run_address>0x2f62</run_address>
         <size>0x10</size>
         <input_file_ref idref="fl-4"/>
      </object_component>
      <object_component id="oc-1b">
         <name>.text:decompress:none:__TI_decompress_none</name>
         <load_address>0x2f72</load_address>
         <run_address>0x2f72</run_address>
         <size>0xe</size>
         <input_file_ref idref="fl-cb"/>
      </object_component>
      <object_component id="oc-27">
         <name>.text</name>
         <load_address>0x2f80</load_address>
         <run_address>0x2f80</run_address>
         <size>0xc</size>
         <input_file_ref idref="fl-6"/>
      </object_component>
      <object_component id="oc-168">
         <name>.text:__aeabi_errno_addr</name>
         <load_address>0x2f8c</load_address>
         <run_address>0x2f8c</run_address>
         <size>0x8</size>
         <input_file_ref idref="fl-d0"/>
      </object_component>
      <object_component id="oc-95">
         <name>.text:_system_pre_init</name>
         <load_address>0x2f94</load_address>
         <run_address>0x2f94</run_address>
         <size>0x4</size>
         <input_file_ref idref="fl-da"/>
      </object_component>
      <object_component id="oc-ec">
         <name>.text:abort:abort</name>
         <load_address>0x2f98</load_address>
         <run_address>0x2f98</run_address>
         <size>0x4</size>
         <input_file_ref idref="fl-dc"/>
      </object_component>
      <object_component id="oc-295">
         <name>.const:.string:_ctypes_</name>
         <load_address>0x2f9c</load_address>
         <run_address>0x2f9c</run_address>
         <size>0x101</size>
         <input_file_ref idref="fl-e1"/>
      </object_component>
      <object_component id="oc-16e">
         <name>.const:$O1$$</name>
         <load_address>0x30a0</load_address>
         <run_address>0x30a0</run_address>
         <size>0x18</size>
         <input_file_ref idref="fl-c1"/>
      </object_component>
      <object_component id="oc-150">
         <name>.const:.string:lineAddress$1</name>
         <load_address>0x30b8</load_address>
         <run_address>0x30b8</run_address>
         <size>0x4</size>
         <input_file_ref idref="fl-4"/>
      </object_component>
      <object_component id="oc-151">
         <name>.const:.string:lineAddresses$2</name>
         <load_address>0x30bc</load_address>
         <run_address>0x30bc</run_address>
         <size>0x4</size>
         <input_file_ref idref="fl-4"/>
      </object_component>
      <object_component id="oc-36c">
         <name>__TI_handler_table</name>
         <load_address>0x30c0</load_address>
         <run_address>0x30c0</run_address>
         <size>0xc</size>
      </object_component>
      <object_component id="oc-370">
         <name>.cinit..bss.load</name>
         <load_address>0x30d0</load_address>
         <run_address>0x30d0</run_address>
         <size>0x8</size>
      </object_component>
      <object_component id="oc-36e">
         <name>.cinit..vtable.load</name>
         <load_address>0x30d8</load_address>
         <run_address>0x30d8</run_address>
         <size>0x8</size>
      </object_component>
      <object_component id="oc-36f">
         <name>.cinit..data.load</name>
         <load_address>0x30e0</load_address>
         <run_address>0x30e0</run_address>
         <size>0x7</size>
      </object_component>
      <object_component id="oc-36d">
         <name>__TI_cinit_table</name>
         <load_address>0x30e8</load_address>
         <run_address>0x30e8</run_address>
         <size>0x18</size>
      </object_component>
      <object_component id="oc-19b">
         <name>.vtable</name>
         <uninitialized>true</uninitialized>
         <run_address>0x20000000</run_address>
         <size>0x26c</size>
         <input_file_ref idref="fl-ea"/>
      </object_component>
      <object_component id="oc-132">
         <name>.data</name>
         <load_address>0x200012cc</load_address>
         <run_address>0x200012cc</run_address>
         <size>0x1</size>
         <input_file_ref idref="fl-2"/>
      </object_component>
      <object_component id="oc-1e4">
         <name>.data</name>
         <load_address>0x200012c8</load_address>
         <run_address>0x200012c8</run_address>
         <size>0x4</size>
         <input_file_ref idref="fl-d0"/>
      </object_component>
      <object_component id="oc-152">
         <name>.bss:lastbuffer$3</name>
         <uninitialized>true</uninitialized>
         <run_address>0x20001270</run_address>
         <size>0x54</size>
         <input_file_ref idref="fl-4"/>
      </object_component>
      <object_component id="oc-135">
         <name>.common:_timeout_ticks</name>
         <uninitialized>true</uninitialized>
         <run_address>0x200012c4</run_address>
         <size>0x4</size>
      </object_component>
      <object_component id="oc-24">
         <name>.stack</name>
         <uninitialized>true</uninitialized>
         <run_address>0x20000270</run_address>
         <size>0x4</size>
         <input_file_ref idref="fl-cf"/>
      </object_component>
      <object_component id="oc-372">
         <name>.stack</name>
         <uninitialized>true</uninitialized>
         <run_address>0x20000270</run_address>
         <size>0x0</size>
      </object_component>
      <object_component id="oc-b2">
         <name>.debug_info</name>
         <load_address>0x0</load_address>
         <run_address>0x0</run_address>
         <size>0x2b1</size>
         <input_file_ref idref="fl-2"/>
      </object_component>
      <object_component id="oc-133">
         <name>.debug_info</name>
         <load_address>0x2b1</load_address>
         <run_address>0x2b1</run_address>
         <size>0xbf</size>
         <input_file_ref idref="fl-2"/>
      </object_component>
      <object_component id="oc-c5">
         <name>.debug_info</name>
         <load_address>0x370</load_address>
         <run_address>0x370</run_address>
         <size>0x507</size>
         <input_file_ref idref="fl-2"/>
      </object_component>
      <object_component id="oc-70">
         <name>.debug_info</name>
         <load_address>0x877</load_address>
         <run_address>0x877</run_address>
         <size>0x26b</size>
         <input_file_ref idref="fl-2"/>
      </object_component>
      <object_component id="oc-36">
         <name>.debug_info</name>
         <load_address>0xae2</load_address>
         <run_address>0xae2</run_address>
         <size>0x84</size>
         <input_file_ref idref="fl-2"/>
      </object_component>
      <object_component id="oc-ad">
         <name>.debug_info</name>
         <load_address>0xb66</load_address>
         <run_address>0xb66</run_address>
         <size>0x2a4</size>
         <input_file_ref idref="fl-2"/>
      </object_component>
      <object_component id="oc-75">
         <name>.debug_info</name>
         <load_address>0xe0a</load_address>
         <run_address>0xe0a</run_address>
         <size>0xbb</size>
         <input_file_ref idref="fl-2"/>
      </object_component>
      <object_component id="oc-d1">
         <name>.debug_info</name>
         <load_address>0xec5</load_address>
         <run_address>0xec5</run_address>
         <size>0x13e</size>
         <input_file_ref idref="fl-3"/>
      </object_component>
      <object_component id="oc-154">
         <name>.debug_info</name>
         <load_address>0x1003</load_address>
         <run_address>0x1003</run_address>
         <size>0x37f</size>
         <input_file_ref idref="fl-4"/>
      </object_component>
      <object_component id="oc-138">
         <name>.debug_info</name>
         <load_address>0x1382</load_address>
         <run_address>0x1382</run_address>
         <size>0x114</size>
         <input_file_ref idref="fl-4"/>
      </object_component>
      <object_component id="oc-cc">
         <name>.debug_info</name>
         <load_address>0x1496</load_address>
         <run_address>0x1496</run_address>
         <size>0x8a0</size>
         <input_file_ref idref="fl-4"/>
      </object_component>
      <object_component id="oc-1d0">
         <name>.debug_info</name>
         <load_address>0x1d36</load_address>
         <run_address>0x1d36</run_address>
         <size>0xcc</size>
         <input_file_ref idref="fl-4"/>
      </object_component>
      <object_component id="oc-155">
         <name>.debug_info</name>
         <load_address>0x1e02</load_address>
         <run_address>0x1e02</run_address>
         <size>0x2c</size>
         <input_file_ref idref="fl-4"/>
      </object_component>
      <object_component id="oc-1cb">
         <name>.debug_info</name>
         <load_address>0x1e2e</load_address>
         <run_address>0x1e2e</run_address>
         <size>0x35</size>
         <input_file_ref idref="fl-4"/>
      </object_component>
      <object_component id="oc-9d">
         <name>.debug_info</name>
         <load_address>0x1e63</load_address>
         <run_address>0x1e63</run_address>
         <size>0x298</size>
         <input_file_ref idref="fl-5"/>
      </object_component>
      <object_component id="oc-2f">
         <name>.debug_info</name>
         <load_address>0x20fb</load_address>
         <run_address>0x20fb</run_address>
         <size>0x29b</size>
         <input_file_ref idref="fl-6"/>
      </object_component>
      <object_component id="oc-13">
         <name>.debug_info</name>
         <load_address>0x2396</load_address>
         <run_address>0x2396</run_address>
         <size>0xda</size>
         <input_file_ref idref="fl-6"/>
      </object_component>
      <object_component id="oc-2b">
         <name>.debug_info</name>
         <load_address>0x2470</load_address>
         <run_address>0x2470</run_address>
         <size>0x256</size>
         <input_file_ref idref="fl-6"/>
      </object_component>
      <object_component id="oc-177">
         <name>.debug_info</name>
         <load_address>0x26c6</load_address>
         <run_address>0x26c6</run_address>
         <size>0x35e</size>
         <input_file_ref idref="fl-c1"/>
      </object_component>
      <object_component id="oc-16f">
         <name>.debug_info</name>
         <load_address>0x2a24</load_address>
         <run_address>0x2a24</run_address>
         <size>0x129</size>
         <input_file_ref idref="fl-c1"/>
      </object_component>
      <object_component id="oc-df">
         <name>.debug_info</name>
         <load_address>0x2b4d</load_address>
         <run_address>0x2b4d</run_address>
         <size>0x323</size>
         <input_file_ref idref="fl-c1"/>
      </object_component>
      <object_component id="oc-1eb">
         <name>.debug_info</name>
         <load_address>0x2e70</load_address>
         <run_address>0x2e70</run_address>
         <size>0x46</size>
         <input_file_ref idref="fl-c1"/>
      </object_component>
      <object_component id="oc-172">
         <name>.debug_info</name>
         <load_address>0x2eb6</load_address>
         <run_address>0x2eb6</run_address>
         <size>0x39</size>
         <input_file_ref idref="fl-c1"/>
      </object_component>
      <object_component id="oc-1d6">
         <name>.debug_info</name>
         <load_address>0x2eef</load_address>
         <run_address>0x2eef</run_address>
         <size>0x2c1</size>
         <input_file_ref idref="fl-c2"/>
      </object_component>
      <object_component id="oc-15e">
         <name>.debug_info</name>
         <load_address>0x31b0</load_address>
         <run_address>0x31b0</run_address>
         <size>0x171</size>
         <input_file_ref idref="fl-c2"/>
      </object_component>
      <object_component id="oc-1de">
         <name>.debug_info</name>
         <load_address>0x3321</load_address>
         <run_address>0x3321</run_address>
         <size>0x2f6</size>
         <input_file_ref idref="fl-c3"/>
      </object_component>
      <object_component id="oc-166">
         <name>.debug_info</name>
         <load_address>0x3617</load_address>
         <run_address>0x3617</run_address>
         <size>0x1cc</size>
         <input_file_ref idref="fl-c3"/>
      </object_component>
      <object_component id="oc-27b">
         <name>.debug_info</name>
         <load_address>0x37e3</load_address>
         <run_address>0x37e3</run_address>
         <size>0x39</size>
         <input_file_ref idref="fl-c3"/>
      </object_component>
      <object_component id="oc-1df">
         <name>.debug_info</name>
         <load_address>0x381c</load_address>
         <run_address>0x381c</run_address>
         <size>0x2c</size>
         <input_file_ref idref="fl-c3"/>
      </object_component>
      <object_component id="oc-1ba">
         <name>.debug_info</name>
         <load_address>0x3848</load_address>
         <run_address>0x3848</run_address>
         <size>0x340</size>
         <input_file_ref idref="fl-c4"/>
      </object_component>
      <object_component id="oc-141">
         <name>.debug_info</name>
         <load_address>0x3b88</load_address>
         <run_address>0x3b88</run_address>
         <size>0x208</size>
         <input_file_ref idref="fl-c4"/>
      </object_component>
      <object_component id="oc-1b1">
         <name>.debug_info</name>
         <load_address>0x3d90</load_address>
         <run_address>0x3d90</run_address>
         <size>0x1c6</size>
         <input_file_ref idref="fl-c4"/>
      </object_component>
      <object_component id="oc-1b6">
         <name>.debug_info</name>
         <load_address>0x3f56</load_address>
         <run_address>0x3f56</run_address>
         <size>0x179</size>
         <input_file_ref idref="fl-c4"/>
      </object_component>
      <object_component id="oc-1bb">
         <name>.debug_info</name>
         <load_address>0x40cf</load_address>
         <run_address>0x40cf</run_address>
         <size>0x2c</size>
         <input_file_ref idref="fl-c4"/>
      </object_component>
      <object_component id="oc-1c0">
         <name>.debug_info</name>
         <load_address>0x40fb</load_address>
         <run_address>0x40fb</run_address>
         <size>0x69</size>
         <input_file_ref idref="fl-c4"/>
      </object_component>
      <object_component id="oc-278">
         <name>.debug_info</name>
         <load_address>0x4164</load_address>
         <run_address>0x4164</run_address>
         <size>0x289</size>
         <input_file_ref idref="fl-c5"/>
      </object_component>
      <object_component id="oc-1db">
         <name>.debug_info</name>
         <load_address>0x43ed</load_address>
         <run_address>0x43ed</run_address>
         <size>0x17e</size>
         <input_file_ref idref="fl-c5"/>
      </object_component>
      <object_component id="oc-e3">
         <name>.debug_info</name>
         <load_address>0x456b</load_address>
         <run_address>0x456b</run_address>
         <size>0x13a</size>
         <input_file_ref idref="fl-c6"/>
      </object_component>
      <object_component id="oc-e7">
         <name>.debug_info</name>
         <load_address>0x46a5</load_address>
         <run_address>0x46a5</run_address>
         <size>0x13e</size>
         <input_file_ref idref="fl-c7"/>
      </object_component>
      <object_component id="oc-d7">
         <name>.debug_info</name>
         <load_address>0x47e3</load_address>
         <run_address>0x47e3</run_address>
         <size>0x12c</size>
         <input_file_ref idref="fl-c8"/>
      </object_component>
      <object_component id="oc-3c">
         <name>.debug_info</name>
         <load_address>0x490f</load_address>
         <run_address>0x490f</run_address>
         <size>0x119</size>
         <input_file_ref idref="fl-c9"/>
      </object_component>
      <object_component id="oc-8e">
         <name>.debug_info</name>
         <load_address>0x4a28</load_address>
         <run_address>0x4a28</run_address>
         <size>0x2d4</size>
         <input_file_ref idref="fl-ca"/>
      </object_component>
      <object_component id="oc-4b">
         <name>.debug_info</name>
         <load_address>0x4cfc</load_address>
         <run_address>0x4cfc</run_address>
         <size>0x1d2</size>
         <input_file_ref idref="fl-ca"/>
      </object_component>
      <object_component id="oc-89">
         <name>.debug_info</name>
         <load_address>0x4ece</load_address>
         <run_address>0x4ece</run_address>
         <size>0x46</size>
         <input_file_ref idref="fl-ca"/>
      </object_component>
      <object_component id="oc-bb">
         <name>.debug_info</name>
         <load_address>0x4f14</load_address>
         <run_address>0x4f14</run_address>
         <size>0x2c</size>
         <input_file_ref idref="fl-ca"/>
      </object_component>
      <object_component id="oc-46">
         <name>.debug_info</name>
         <load_address>0x4f40</load_address>
         <run_address>0x4f40</run_address>
         <size>0x2a8</size>
         <input_file_ref idref="fl-cb"/>
      </object_component>
      <object_component id="oc-1e">
         <name>.debug_info</name>
         <load_address>0x51e8</load_address>
         <run_address>0x51e8</run_address>
         <size>0x1ea</size>
         <input_file_ref idref="fl-cb"/>
      </object_component>
      <object_component id="oc-41">
         <name>.debug_info</name>
         <load_address>0x53d2</load_address>
         <run_address>0x53d2</run_address>
         <size>0x46</size>
         <input_file_ref idref="fl-cb"/>
      </object_component>
      <object_component id="oc-81">
         <name>.debug_info</name>
         <load_address>0x5418</load_address>
         <run_address>0x5418</run_address>
         <size>0x2c</size>
         <input_file_ref idref="fl-cb"/>
      </object_component>
      <object_component id="oc-7f">
         <name>.debug_info</name>
         <load_address>0x5444</load_address>
         <run_address>0x5444</run_address>
         <size>0x29e</size>
         <input_file_ref idref="fl-cc"/>
      </object_component>
      <object_component id="oc-19">
         <name>.debug_info</name>
         <load_address>0x56e2</load_address>
         <run_address>0x56e2</run_address>
         <size>0x250</size>
         <input_file_ref idref="fl-cc"/>
      </object_component>
      <object_component id="oc-31">
         <name>.debug_info</name>
         <load_address>0x5932</load_address>
         <run_address>0x5932</run_address>
         <size>0x60</size>
         <input_file_ref idref="fl-cc"/>
      </object_component>
      <object_component id="oc-b4">
         <name>.debug_info</name>
         <load_address>0x5992</load_address>
         <run_address>0x5992</run_address>
         <size>0x46</size>
         <input_file_ref idref="fl-cc"/>
      </object_component>
      <object_component id="oc-7a">
         <name>.debug_info</name>
         <load_address>0x59d8</load_address>
         <run_address>0x59d8</run_address>
         <size>0x39</size>
         <input_file_ref idref="fl-cc"/>
      </object_component>
      <object_component id="oc-1c6">
         <name>.debug_info</name>
         <load_address>0x5a11</load_address>
         <run_address>0x5a11</run_address>
         <size>0x28a</size>
         <input_file_ref idref="fl-cd"/>
      </object_component>
      <object_component id="oc-145">
         <name>.debug_info</name>
         <load_address>0x5c9b</load_address>
         <run_address>0x5c9b</run_address>
         <size>0x273</size>
         <input_file_ref idref="fl-cd"/>
      </object_component>
      <object_component id="oc-1c8">
         <name>.debug_info</name>
         <load_address>0x5f0e</load_address>
         <run_address>0x5f0e</run_address>
         <size>0x2a4</size>
         <input_file_ref idref="fl-ce"/>
      </object_component>
      <object_component id="oc-14b">
         <name>.debug_info</name>
         <load_address>0x61b2</load_address>
         <run_address>0x61b2</run_address>
         <size>0x24d</size>
         <input_file_ref idref="fl-ce"/>
      </object_component>
      <object_component id="oc-25">
         <name>.debug_info</name>
         <load_address>0x63ff</load_address>
         <run_address>0x63ff</run_address>
         <size>0x10b</size>
         <input_file_ref idref="fl-cf"/>
      </object_component>
      <object_component id="oc-5a">
         <name>.debug_info</name>
         <load_address>0x650a</load_address>
         <run_address>0x650a</run_address>
         <size>0x1a9</size>
         <input_file_ref idref="fl-cf"/>
      </object_component>
      <object_component id="oc-1e8">
         <name>.debug_info</name>
         <load_address>0x66b3</load_address>
         <run_address>0x66b3</run_address>
         <size>0x289</size>
         <input_file_ref idref="fl-d0"/>
      </object_component>
      <object_component id="oc-1e5">
         <name>.debug_info</name>
         <load_address>0x693c</load_address>
         <run_address>0x693c</run_address>
         <size>0x10e</size>
         <input_file_ref idref="fl-d0"/>
      </object_component>
      <object_component id="oc-169">
         <name>.debug_info</name>
         <load_address>0x6a4a</load_address>
         <run_address>0x6a4a</run_address>
         <size>0x14e</size>
         <input_file_ref idref="fl-d0"/>
      </object_component>
      <object_component id="oc-262">
         <name>.debug_info</name>
         <load_address>0x6b98</load_address>
         <run_address>0x6b98</run_address>
         <size>0x590</size>
         <input_file_ref idref="fl-d1"/>
      </object_component>
      <object_component id="oc-235">
         <name>.debug_info</name>
         <load_address>0x7128</load_address>
         <run_address>0x7128</run_address>
         <size>0x21e</size>
         <input_file_ref idref="fl-d1"/>
      </object_component>
      <object_component id="oc-2c3">
         <name>.debug_info</name>
         <load_address>0x7346</load_address>
         <run_address>0x7346</run_address>
         <size>0x1b3</size>
         <input_file_ref idref="fl-d1"/>
      </object_component>
      <object_component id="oc-2c9">
         <name>.debug_info</name>
         <load_address>0x74f9</load_address>
         <run_address>0x74f9</run_address>
         <size>0x21b</size>
         <input_file_ref idref="fl-d1"/>
      </object_component>
      <object_component id="oc-240">
         <name>.debug_info</name>
         <load_address>0x7714</load_address>
         <run_address>0x7714</run_address>
         <size>0x3c0</size>
         <input_file_ref idref="fl-d1"/>
      </object_component>
      <object_component id="oc-2d0">
         <name>.debug_info</name>
         <load_address>0x7ad4</load_address>
         <run_address>0x7ad4</run_address>
         <size>0x30a</size>
         <input_file_ref idref="fl-d1"/>
      </object_component>
      <object_component id="oc-2d6">
         <name>.debug_info</name>
         <load_address>0x7dde</load_address>
         <run_address>0x7dde</run_address>
         <size>0x215</size>
         <input_file_ref idref="fl-d1"/>
      </object_component>
      <object_component id="oc-246">
         <name>.debug_info</name>
         <load_address>0x7ff3</load_address>
         <run_address>0x7ff3</run_address>
         <size>0x215</size>
         <input_file_ref idref="fl-d1"/>
      </object_component>
      <object_component id="oc-24c">
         <name>.debug_info</name>
         <load_address>0x8208</load_address>
         <run_address>0x8208</run_address>
         <size>0x304</size>
         <input_file_ref idref="fl-d1"/>
      </object_component>
      <object_component id="oc-252">
         <name>.debug_info</name>
         <load_address>0x850c</load_address>
         <run_address>0x850c</run_address>
         <size>0x4b5</size>
         <input_file_ref idref="fl-d1"/>
      </object_component>
      <object_component id="oc-1aa">
         <name>.debug_info</name>
         <load_address>0x89c1</load_address>
         <run_address>0x89c1</run_address>
         <size>0x5f4</size>
         <input_file_ref idref="fl-d1"/>
      </object_component>
      <object_component id="oc-263">
         <name>.debug_info</name>
         <load_address>0x8fb5</load_address>
         <run_address>0x8fb5</run_address>
         <size>0x86</size>
         <input_file_ref idref="fl-d1"/>
      </object_component>
      <object_component id="oc-2f9">
         <name>.debug_info</name>
         <load_address>0x903b</load_address>
         <run_address>0x903b</run_address>
         <size>0x39</size>
         <input_file_ref idref="fl-d1"/>
      </object_component>
      <object_component id="oc-332">
         <name>.debug_info</name>
         <load_address>0x9074</load_address>
         <run_address>0x9074</run_address>
         <size>0xb6</size>
         <input_file_ref idref="fl-d1"/>
      </object_component>
      <object_component id="oc-2fe">
         <name>.debug_info</name>
         <load_address>0x912a</load_address>
         <run_address>0x912a</run_address>
         <size>0x46</size>
         <input_file_ref idref="fl-d1"/>
      </object_component>
      <object_component id="oc-268">
         <name>.debug_info</name>
         <load_address>0x9170</load_address>
         <run_address>0x9170</run_address>
         <size>0x46</size>
         <input_file_ref idref="fl-d1"/>
      </object_component>
      <object_component id="oc-2bd">
         <name>.debug_info</name>
         <load_address>0x91b6</load_address>
         <run_address>0x91b6</run_address>
         <size>0x14c</size>
         <input_file_ref idref="fl-d2"/>
      </object_component>
      <object_component id="oc-239">
         <name>.debug_info</name>
         <load_address>0x9302</load_address>
         <run_address>0x9302</run_address>
         <size>0x128</size>
         <input_file_ref idref="fl-d3"/>
      </object_component>
      <object_component id="oc-2a7">
         <name>.debug_info</name>
         <load_address>0x942a</load_address>
         <run_address>0x942a</run_address>
         <size>0x12a</size>
         <input_file_ref idref="fl-d3"/>
      </object_component>
      <object_component id="oc-2a3">
         <name>.debug_info</name>
         <load_address>0x9554</load_address>
         <run_address>0x9554</run_address>
         <size>0x13a</size>
         <input_file_ref idref="fl-d4"/>
      </object_component>
      <object_component id="oc-2ae">
         <name>.debug_info</name>
         <load_address>0x968e</load_address>
         <run_address>0x968e</run_address>
         <size>0x12e</size>
         <input_file_ref idref="fl-d5"/>
      </object_component>
      <object_component id="oc-2b8">
         <name>.debug_info</name>
         <load_address>0x97bc</load_address>
         <run_address>0x97bc</run_address>
         <size>0x12c</size>
         <input_file_ref idref="fl-d6"/>
      </object_component>
      <object_component id="oc-90">
         <name>.debug_info</name>
         <load_address>0x98e8</load_address>
         <run_address>0x98e8</run_address>
         <size>0x147</size>
         <input_file_ref idref="fl-d7"/>
      </object_component>
      <object_component id="oc-29d">
         <name>.debug_info</name>
         <load_address>0x9a2f</load_address>
         <run_address>0x9a2f</run_address>
         <size>0x134</size>
         <input_file_ref idref="fl-d8"/>
      </object_component>
      <object_component id="oc-186">
         <name>.debug_info</name>
         <load_address>0x9b63</load_address>
         <run_address>0x9b63</run_address>
         <size>0x4b3</size>
         <input_file_ref idref="fl-d9"/>
      </object_component>
      <object_component id="oc-fb">
         <name>.debug_info</name>
         <load_address>0xa016</load_address>
         <run_address>0xa016</run_address>
         <size>0x1a6</size>
         <input_file_ref idref="fl-d9"/>
      </object_component>
      <object_component id="oc-202">
         <name>.debug_info</name>
         <load_address>0xa1bc</load_address>
         <run_address>0xa1bc</run_address>
         <size>0x39</size>
         <input_file_ref idref="fl-d9"/>
      </object_component>
      <object_component id="oc-287">
         <name>.debug_info</name>
         <load_address>0xa1f5</load_address>
         <run_address>0xa1f5</run_address>
         <size>0x39</size>
         <input_file_ref idref="fl-d9"/>
      </object_component>
      <object_component id="oc-207">
         <name>.debug_info</name>
         <load_address>0xa22e</load_address>
         <run_address>0xa22e</run_address>
         <size>0x39</size>
         <input_file_ref idref="fl-d9"/>
      </object_component>
      <object_component id="oc-20c">
         <name>.debug_info</name>
         <load_address>0xa267</load_address>
         <run_address>0xa267</run_address>
         <size>0xcd</size>
         <input_file_ref idref="fl-d9"/>
      </object_component>
      <object_component id="oc-98">
         <name>.debug_info</name>
         <load_address>0xa334</load_address>
         <run_address>0xa334</run_address>
         <size>0x153</size>
         <input_file_ref idref="fl-da"/>
      </object_component>
      <object_component id="oc-f0">
         <name>.debug_info</name>
         <load_address>0xa487</load_address>
         <run_address>0xa487</run_address>
         <size>0x122</size>
         <input_file_ref idref="fl-dc"/>
      </object_component>
      <object_component id="oc-316">
         <name>.debug_info</name>
         <load_address>0xa5a9</load_address>
         <run_address>0xa5a9</run_address>
         <size>0x29c</size>
         <input_file_ref idref="fl-de"/>
      </object_component>
      <object_component id="oc-2b3">
         <name>.debug_info</name>
         <load_address>0xa845</load_address>
         <run_address>0xa845</run_address>
         <size>0x1da</size>
         <input_file_ref idref="fl-de"/>
      </object_component>
      <object_component id="oc-299">
         <name>.debug_info</name>
         <load_address>0xaa1f</load_address>
         <run_address>0xaa1f</run_address>
         <size>0x2b9</size>
         <input_file_ref idref="fl-e0"/>
      </object_component>
      <object_component id="oc-22f">
         <name>.debug_info</name>
         <load_address>0xacd8</load_address>
         <run_address>0xacd8</run_address>
         <size>0x17c</size>
         <input_file_ref idref="fl-e0"/>
      </object_component>
      <object_component id="oc-309">
         <name>.debug_info</name>
         <load_address>0xae54</load_address>
         <run_address>0xae54</run_address>
         <size>0xf9</size>
         <input_file_ref idref="fl-e1"/>
      </object_component>
      <object_component id="oc-296">
         <name>.debug_info</name>
         <load_address>0xaf4d</load_address>
         <run_address>0xaf4d</run_address>
         <size>0x105</size>
         <input_file_ref idref="fl-e1"/>
      </object_component>
      <object_component id="oc-2ef">
         <name>.debug_info</name>
         <load_address>0xb052</load_address>
         <run_address>0xb052</run_address>
         <size>0x2a7</size>
         <input_file_ref idref="fl-e2"/>
      </object_component>
      <object_component id="oc-256">
         <name>.debug_info</name>
         <load_address>0xb2f9</load_address>
         <run_address>0xb2f9</run_address>
         <size>0x1b8</size>
         <input_file_ref idref="fl-e2"/>
      </object_component>
      <object_component id="oc-328">
         <name>.debug_info</name>
         <load_address>0xb4b1</load_address>
         <run_address>0xb4b1</run_address>
         <size>0x29a</size>
         <input_file_ref idref="fl-e3"/>
      </object_component>
      <object_component id="oc-2e8">
         <name>.debug_info</name>
         <load_address>0xb74b</load_address>
         <run_address>0xb74b</run_address>
         <size>0x262</size>
         <input_file_ref idref="fl-e3"/>
      </object_component>
      <object_component id="oc-294">
         <name>.debug_info</name>
         <load_address>0xb9ad</load_address>
         <run_address>0xb9ad</run_address>
         <size>0x28f</size>
         <input_file_ref idref="fl-e4"/>
      </object_component>
      <object_component id="oc-228">
         <name>.debug_info</name>
         <load_address>0xbc3c</load_address>
         <run_address>0xbc3c</run_address>
         <size>0x245</size>
         <input_file_ref idref="fl-e4"/>
      </object_component>
      <object_component id="oc-2f6">
         <name>.debug_info</name>
         <load_address>0xbe81</load_address>
         <run_address>0xbe81</run_address>
         <size>0x28f</size>
         <input_file_ref idref="fl-e5"/>
      </object_component>
      <object_component id="oc-25c">
         <name>.debug_info</name>
         <load_address>0xc110</load_address>
         <run_address>0xc110</run_address>
         <size>0x15a</size>
         <input_file_ref idref="fl-e5"/>
      </object_component>
      <object_component id="oc-32b">
         <name>.debug_info</name>
         <load_address>0xc26a</load_address>
         <run_address>0xc26a</run_address>
         <size>0x46</size>
         <input_file_ref idref="fl-e5"/>
      </object_component>
      <object_component id="oc-2f1">
         <name>.debug_info</name>
         <load_address>0xc2b0</load_address>
         <run_address>0xc2b0</run_address>
         <size>0x39</size>
         <input_file_ref idref="fl-e5"/>
      </object_component>
      <object_component id="oc-31e">
         <name>.debug_info</name>
         <load_address>0xc2e9</load_address>
         <run_address>0xc2e9</run_address>
         <size>0x295</size>
         <input_file_ref idref="fl-e6"/>
      </object_component>
      <object_component id="oc-2de">
         <name>.debug_info</name>
         <load_address>0xc57e</load_address>
         <run_address>0xc57e</run_address>
         <size>0x195</size>
         <input_file_ref idref="fl-e6"/>
      </object_component>
      <object_component id="oc-326">
         <name>.debug_info</name>
         <load_address>0xc713</load_address>
         <run_address>0xc713</run_address>
         <size>0x2f8</size>
         <input_file_ref idref="fl-e7"/>
      </object_component>
      <object_component id="oc-2e2">
         <name>.debug_info</name>
         <load_address>0xca0b</load_address>
         <run_address>0xca0b</run_address>
         <size>0x225</size>
         <input_file_ref idref="fl-e7"/>
      </object_component>
      <object_component id="oc-30e">
         <name>.debug_info</name>
         <load_address>0xcc30</load_address>
         <run_address>0xcc30</run_address>
         <size>0x115</size>
         <input_file_ref idref="fl-e8"/>
      </object_component>
      <object_component id="oc-320">
         <name>.debug_info</name>
         <load_address>0xcd45</load_address>
         <run_address>0xcd45</run_address>
         <size>0x161</size>
         <input_file_ref idref="fl-e9"/>
      </object_component>
      <object_component id="oc-1a4">
         <name>.debug_info</name>
         <load_address>0xcea6</load_address>
         <run_address>0xcea6</run_address>
         <size>0x3b7</size>
         <input_file_ref idref="fl-ea"/>
      </object_component>
      <object_component id="oc-19c">
         <name>.debug_info</name>
         <load_address>0xd25d</load_address>
         <run_address>0xd25d</run_address>
         <size>0x160</size>
         <input_file_ref idref="fl-ea"/>
      </object_component>
      <object_component id="oc-12d">
         <name>.debug_info</name>
         <load_address>0xd3bd</load_address>
         <run_address>0xd3bd</run_address>
         <size>0x2ca</size>
         <input_file_ref idref="fl-ea"/>
      </object_component>
      <object_component id="oc-221">
         <name>.debug_info</name>
         <load_address>0xd687</load_address>
         <run_address>0xd687</run_address>
         <size>0x26b</size>
         <input_file_ref idref="fl-ea"/>
      </object_component>
      <object_component id="oc-21c">
         <name>.debug_info</name>
         <load_address>0xd8f2</load_address>
         <run_address>0xd8f2</run_address>
         <size>0x8b</size>
         <input_file_ref idref="fl-ea"/>
      </object_component>
      <object_component id="oc-215">
         <name>.debug_info</name>
         <load_address>0xd97d</load_address>
         <run_address>0xd97d</run_address>
         <size>0x297</size>
         <input_file_ref idref="fl-ea"/>
      </object_component>
      <object_component id="oc-19f">
         <name>.debug_info</name>
         <load_address>0xdc14</load_address>
         <run_address>0xdc14</run_address>
         <size>0xbb</size>
         <input_file_ref idref="fl-ea"/>
      </object_component>
      <object_component id="oc-373">
         <name>.debug_info</name>
         <load_address>0xdccf</load_address>
         <run_address>0xdccf</run_address>
         <size>0x8d</size>
      </object_component>
      <object_component id="oc-12b">
         <name>.debug_line</name>
         <load_address>0x0</load_address>
         <run_address>0x0</run_address>
         <size>0x69</size>
         <input_file_ref idref="fl-2"/>
      </object_component>
      <object_component id="oc-1a6">
         <name>.debug_line</name>
         <load_address>0x69</load_address>
         <run_address>0x69</run_address>
         <size>0x2e</size>
         <input_file_ref idref="fl-2"/>
      </object_component>
      <object_component id="oc-c9">
         <name>.debug_line</name>
         <load_address>0x97</load_address>
         <run_address>0x97</run_address>
         <size>0x179</size>
         <input_file_ref idref="fl-2"/>
      </object_component>
      <object_component id="oc-73">
         <name>.debug_line</name>
         <load_address>0x210</load_address>
         <run_address>0x210</run_address>
         <size>0x6f</size>
         <input_file_ref idref="fl-2"/>
      </object_component>
      <object_component id="oc-39">
         <name>.debug_line</name>
         <load_address>0x27f</load_address>
         <run_address>0x27f</run_address>
         <size>0x20</size>
         <input_file_ref idref="fl-2"/>
      </object_component>
      <object_component id="oc-b0">
         <name>.debug_line</name>
         <load_address>0x29f</load_address>
         <run_address>0x29f</run_address>
         <size>0x73</size>
         <input_file_ref idref="fl-2"/>
      </object_component>
      <object_component id="oc-78">
         <name>.debug_line</name>
         <load_address>0x312</load_address>
         <run_address>0x312</run_address>
         <size>0x70</size>
         <input_file_ref idref="fl-2"/>
      </object_component>
      <object_component id="oc-d4">
         <name>.debug_line</name>
         <load_address>0x382</load_address>
         <run_address>0x382</run_address>
         <size>0x7c</size>
         <input_file_ref idref="fl-3"/>
      </object_component>
      <object_component id="oc-1ca">
         <name>.debug_line</name>
         <load_address>0x3fe</load_address>
         <run_address>0x3fe</run_address>
         <size>0xc3</size>
         <input_file_ref idref="fl-4"/>
      </object_component>
      <object_component id="oc-13b">
         <name>.debug_line</name>
         <load_address>0x4c1</load_address>
         <run_address>0x4c1</run_address>
         <size>0x45</size>
         <input_file_ref idref="fl-4"/>
      </object_component>
      <object_component id="oc-cb">
         <name>.debug_line</name>
         <load_address>0x506</load_address>
         <run_address>0x506</run_address>
         <size>0x19b</size>
         <input_file_ref idref="fl-4"/>
      </object_component>
      <object_component id="oc-1d3">
         <name>.debug_line</name>
         <load_address>0x6a1</load_address>
         <run_address>0x6a1</run_address>
         <size>0x6a</size>
         <input_file_ref idref="fl-4"/>
      </object_component>
      <object_component id="oc-158">
         <name>.debug_line</name>
         <load_address>0x70b</load_address>
         <run_address>0x70b</run_address>
         <size>0x6b</size>
         <input_file_ref idref="fl-4"/>
      </object_component>
      <object_component id="oc-1ce">
         <name>.debug_line</name>
         <load_address>0x776</load_address>
         <run_address>0x776</run_address>
         <size>0x74</size>
         <input_file_ref idref="fl-4"/>
      </object_component>
      <object_component id="oc-9c">
         <name>.debug_line</name>
         <load_address>0x7ea</load_address>
         <run_address>0x7ea</run_address>
         <size>0x7d</size>
         <input_file_ref idref="fl-5"/>
      </object_component>
      <object_component id="oc-6f">
         <name>.debug_line</name>
         <load_address>0x867</load_address>
         <run_address>0x867</run_address>
         <size>0x41</size>
         <input_file_ref idref="fl-6"/>
      </object_component>
      <object_component id="oc-2e">
         <name>.debug_line</name>
         <load_address>0x8a8</load_address>
         <run_address>0x8a8</run_address>
         <size>0x41</size>
         <input_file_ref idref="fl-6"/>
      </object_component>
      <object_component id="oc-29">
         <name>.debug_line</name>
         <load_address>0x8e9</load_address>
         <run_address>0x8e9</run_address>
         <size>0xa1</size>
         <input_file_ref idref="fl-6"/>
      </object_component>
      <object_component id="oc-1f1">
         <name>.debug_line</name>
         <load_address>0x98a</load_address>
         <run_address>0x98a</run_address>
         <size>0x9b</size>
         <input_file_ref idref="fl-c1"/>
      </object_component>
      <object_component id="oc-1ea">
         <name>.debug_line</name>
         <load_address>0xa25</load_address>
         <run_address>0xa25</run_address>
         <size>0x2c</size>
         <input_file_ref idref="fl-c1"/>
      </object_component>
      <object_component id="oc-dd">
         <name>.debug_line</name>
         <load_address>0xa51</load_address>
         <run_address>0xa51</run_address>
         <size>0x20d</size>
         <input_file_ref idref="fl-c1"/>
      </object_component>
      <object_component id="oc-1ee">
         <name>.debug_line</name>
         <load_address>0xc5e</load_address>
         <run_address>0xc5e</run_address>
         <size>0x9a</size>
         <input_file_ref idref="fl-c1"/>
      </object_component>
      <object_component id="oc-175">
         <name>.debug_line</name>
         <load_address>0xcf8</load_address>
         <run_address>0xcf8</run_address>
         <size>0x97</size>
         <input_file_ref idref="fl-c1"/>
      </object_component>
      <object_component id="oc-276">
         <name>.debug_line</name>
         <load_address>0xd8f</load_address>
         <run_address>0xd8f</run_address>
         <size>0x91</size>
         <input_file_ref idref="fl-c2"/>
      </object_component>
      <object_component id="oc-161">
         <name>.debug_line</name>
         <load_address>0xe20</load_address>
         <run_address>0xe20</run_address>
         <size>0x4e</size>
         <input_file_ref idref="fl-c2"/>
      </object_component>
      <object_component id="oc-27a">
         <name>.debug_line</name>
         <load_address>0xe6e</load_address>
         <run_address>0xe6e</run_address>
         <size>0x9b</size>
         <input_file_ref idref="fl-c3"/>
      </object_component>
      <object_component id="oc-164">
         <name>.debug_line</name>
         <load_address>0xf09</load_address>
         <run_address>0xf09</run_address>
         <size>0x8f</size>
         <input_file_ref idref="fl-c3"/>
      </object_component>
      <object_component id="oc-27e">
         <name>.debug_line</name>
         <load_address>0xf98</load_address>
         <run_address>0xf98</run_address>
         <size>0x9a</size>
         <input_file_ref idref="fl-c3"/>
      </object_component>
      <object_component id="oc-1e2">
         <name>.debug_line</name>
         <load_address>0x1032</load_address>
         <run_address>0x1032</run_address>
         <size>0x97</size>
         <input_file_ref idref="fl-c3"/>
      </object_component>
      <object_component id="oc-270">
         <name>.debug_line</name>
         <load_address>0x10c9</load_address>
         <run_address>0x10c9</run_address>
         <size>0x2f</size>
         <input_file_ref idref="fl-c4"/>
      </object_component>
      <object_component id="oc-143">
         <name>.debug_line</name>
         <load_address>0x10f8</load_address>
         <run_address>0x10f8</run_address>
         <size>0x55</size>
         <input_file_ref idref="fl-c4"/>
      </object_component>
      <object_component id="oc-1b0">
         <name>.debug_line</name>
         <load_address>0x114d</load_address>
         <run_address>0x114d</run_address>
         <size>0x59</size>
         <input_file_ref idref="fl-c4"/>
      </object_component>
      <object_component id="oc-1b5">
         <name>.debug_line</name>
         <load_address>0x11a6</load_address>
         <run_address>0x11a6</run_address>
         <size>0x47</size>
         <input_file_ref idref="fl-c4"/>
      </object_component>
      <object_component id="oc-1be">
         <name>.debug_line</name>
         <load_address>0x11ed</load_address>
         <run_address>0x11ed</run_address>
         <size>0x91</size>
         <input_file_ref idref="fl-c4"/>
      </object_component>
      <object_component id="oc-1c3">
         <name>.debug_line</name>
         <load_address>0x127e</load_address>
         <run_address>0x127e</run_address>
         <size>0x2f</size>
         <input_file_ref idref="fl-c4"/>
      </object_component>
      <object_component id="oc-304">
         <name>.debug_line</name>
         <load_address>0x12ad</load_address>
         <run_address>0x12ad</run_address>
         <size>0x20</size>
         <input_file_ref idref="fl-c5"/>
      </object_component>
      <object_component id="oc-1da">
         <name>.debug_line</name>
         <load_address>0x12cd</load_address>
         <run_address>0x12cd</run_address>
         <size>0x43</size>
         <input_file_ref idref="fl-c5"/>
      </object_component>
      <object_component id="oc-e5">
         <name>.debug_line</name>
         <load_address>0x1310</load_address>
         <run_address>0x1310</run_address>
         <size>0x8e</size>
         <input_file_ref idref="fl-c6"/>
      </object_component>
      <object_component id="oc-ea">
         <name>.debug_line</name>
         <load_address>0x139e</load_address>
         <run_address>0x139e</run_address>
         <size>0x67</size>
         <input_file_ref idref="fl-c7"/>
      </object_component>
      <object_component id="oc-da">
         <name>.debug_line</name>
         <load_address>0x1405</load_address>
         <run_address>0x1405</run_address>
         <size>0x57</size>
         <input_file_ref idref="fl-c8"/>
      </object_component>
      <object_component id="oc-3f">
         <name>.debug_line</name>
         <load_address>0x145c</load_address>
         <run_address>0x145c</run_address>
         <size>0x88</size>
         <input_file_ref idref="fl-c9"/>
      </object_component>
      <object_component id="oc-c1">
         <name>.debug_line</name>
         <load_address>0x14e4</load_address>
         <run_address>0x14e4</run_address>
         <size>0x92</size>
         <input_file_ref idref="fl-ca"/>
      </object_component>
      <object_component id="oc-49">
         <name>.debug_line</name>
         <load_address>0x1576</load_address>
         <run_address>0x1576</run_address>
         <size>0x4c</size>
         <input_file_ref idref="fl-ca"/>
      </object_component>
      <object_component id="oc-8c">
         <name>.debug_line</name>
         <load_address>0x15c2</load_address>
         <run_address>0x15c2</run_address>
         <size>0x34</size>
         <input_file_ref idref="fl-ca"/>
      </object_component>
      <object_component id="oc-be">
         <name>.debug_line</name>
         <load_address>0x15f6</load_address>
         <run_address>0x15f6</run_address>
         <size>0x92</size>
         <input_file_ref idref="fl-ca"/>
      </object_component>
      <object_component id="oc-87">
         <name>.debug_line</name>
         <load_address>0x1688</load_address>
         <run_address>0x1688</run_address>
         <size>0x20</size>
         <input_file_ref idref="fl-cb"/>
      </object_component>
      <object_component id="oc-1c">
         <name>.debug_line</name>
         <load_address>0x16a8</load_address>
         <run_address>0x16a8</run_address>
         <size>0x55</size>
         <input_file_ref idref="fl-cb"/>
      </object_component>
      <object_component id="oc-44">
         <name>.debug_line</name>
         <load_address>0x16fd</load_address>
         <run_address>0x16fd</run_address>
         <size>0x3a</size>
         <input_file_ref idref="fl-cb"/>
      </object_component>
      <object_component id="oc-84">
         <name>.debug_line</name>
         <load_address>0x1737</load_address>
         <run_address>0x1737</run_address>
         <size>0x92</size>
         <input_file_ref idref="fl-cb"/>
      </object_component>
      <object_component id="oc-ba">
         <name>.debug_line</name>
         <load_address>0x17c9</load_address>
         <run_address>0x17c9</run_address>
         <size>0x20</size>
         <input_file_ref idref="fl-cc"/>
      </object_component>
      <object_component id="oc-17">
         <name>.debug_line</name>
         <load_address>0x17e9</load_address>
         <run_address>0x17e9</run_address>
         <size>0xa9</size>
         <input_file_ref idref="fl-cc"/>
      </object_component>
      <object_component id="oc-34">
         <name>.debug_line</name>
         <load_address>0x1892</load_address>
         <run_address>0x1892</run_address>
         <size>0x3a</size>
         <input_file_ref idref="fl-cc"/>
      </object_component>
      <object_component id="oc-b7">
         <name>.debug_line</name>
         <load_address>0x18cc</load_address>
         <run_address>0x18cc</run_address>
         <size>0x9a</size>
         <input_file_ref idref="fl-cc"/>
      </object_component>
      <object_component id="oc-7d">
         <name>.debug_line</name>
         <load_address>0x1966</load_address>
         <run_address>0x1966</run_address>
         <size>0x96</size>
         <input_file_ref idref="fl-cc"/>
      </object_component>
      <object_component id="oc-272">
         <name>.debug_line</name>
         <load_address>0x19fc</load_address>
         <run_address>0x19fc</run_address>
         <size>0x20</size>
         <input_file_ref idref="fl-cd"/>
      </object_component>
      <object_component id="oc-148">
         <name>.debug_line</name>
         <load_address>0x1a1c</load_address>
         <run_address>0x1a1c</run_address>
         <size>0xad</size>
         <input_file_ref idref="fl-cd"/>
      </object_component>
      <object_component id="oc-274">
         <name>.debug_line</name>
         <load_address>0x1ac9</load_address>
         <run_address>0x1ac9</run_address>
         <size>0x20</size>
         <input_file_ref idref="fl-ce"/>
      </object_component>
      <object_component id="oc-14e">
         <name>.debug_line</name>
         <load_address>0x1ae9</load_address>
         <run_address>0x1ae9</run_address>
         <size>0xa8</size>
         <input_file_ref idref="fl-ce"/>
      </object_component>
      <object_component id="oc-6c">
         <name>.debug_line</name>
         <load_address>0x1b91</load_address>
         <run_address>0x1b91</run_address>
         <size>0x33</size>
         <input_file_ref idref="fl-cf"/>
      </object_component>
      <object_component id="oc-5d">
         <name>.debug_line</name>
         <load_address>0x1bc4</load_address>
         <run_address>0x1bc4</run_address>
         <size>0x45</size>
         <input_file_ref idref="fl-cf"/>
      </object_component>
      <object_component id="oc-283">
         <name>.debug_line</name>
         <load_address>0x1c09</load_address>
         <run_address>0x1c09</run_address>
         <size>0x20</size>
         <input_file_ref idref="fl-d0"/>
      </object_component>
      <object_component id="oc-281">
         <name>.debug_line</name>
         <load_address>0x1c29</load_address>
         <run_address>0x1c29</run_address>
         <size>0x2b</size>
         <input_file_ref idref="fl-d0"/>
[...]
               <size>0x124</size>
               <logical_group_ref idref="lg-5"/>
            </allocated_space>
            <allocated_space>
               <start_address>0x30c0</start_address>
               <size>0x40</size>
               <logical_group_ref idref="lg-6"/>
            </allocated_space>
            <available_space>
               <start_address>0x3100</start_address>
               <size>0x3cf00</size>
            </available_space>
         </usage_details>
      </memory_area>
      <memory_area display="yes" color="green">
         <name>SRAM</name>
         <page_id>0x0</page_id>
         <origin>0x20000000</origin>
         <length>0x8000</length>
         <used_space>0x12c9</used_space>
         <unused_space>0x6d37</unused_space>
         <attributes>RWX</attributes>
         <usage_details>
            <allocated_space>
               <start_address>0x20000000</start_address>
               <size>0x0</size>
               <logical_group_ref idref="lg-345"/>
            </allocated_space>
            <allocated_space>
               <start_address>0x20000000</start_address>
               <size>0x26c</size>
               <logical_group_ref idref="lg-9"/>
            </allocated_space>
            <available_space>
               <start_address>0x2000026c</start_address>
               <size>0x4</size>
            </available_space>
            <allocated_space>
               <start_address>0x20000270</start_address>
               <size>0x1000</size>
               <logical_group_ref idref="lg-d"/>
            </allocated_space>
            <allocated_space>
               <start_address>0x20001270</start_address>
               <size>0x58</size>
               <logical_group_ref idref="lg-b"/>
            </allocated_space>
            <allocated_space>
               <start_address>0x200012c8</start_address>
               <size>0x5</size>
               <logical_group_ref idref="lg-a"/>
            </allocated_space>
            <available_space>
               <start_address>0x200012cd</start_address>
               <size>0x6d33</size>
            </available_space>
         </usage_details>
      </memory_area>
   </placement_map>
   <cptbl_list>
      <cptbl>
         <name>__TI_cinit_table</name>
         <cprec>
            <name>.bss</name>
            <load_address>0x30d0</load_address>
            <load_size>0x8</load_size>
            <run_address>0x20001270</run_address>
            <run_size>0x58</run_size>
            <compression>zero_init</compression>
         </cprec>
         <cprec>
            <name>.vtable</name>
            <load_address>0x30d8</load_address>
            <load_size>0x8</load_size>
            <run_address>0x20000000</run_address>
            <run_size>0x26c</run_size>
            <compression>zero_init</compression>
         </cprec>
         <cprec>
            <name>.data</name>
            <load_address>0x30e0</load_address>
            <load_size>0x7</load_size>
            <run_address>0x200012c8</run_address>
            <run_size>0x5</run_size>
            <compression>lzss</compression>
         </cprec>
      </cptbl>
   </cptbl_list>
   <handler_table>
      <handler_table_name>__TI_handler_table</handler_table_name>
      <handler>
         <index>0x0</index>
         <name>__TI_zero_init</name>
      </handler>
      <handler>
         <index>0x1</index>
         <name>__TI_decompress_lzss</name>
      </handler>
      <handler>
         <index>0x2</index>
         <name>__TI_decompress_none</name>
      </handler>
   </handler_table>
   <symbol_table>
      <symbol id="sm-1">
         <name>__STACK_TOP</name>
         <value>0x20000470</value>
      </symbol>
      <symbol id="sm-2">
         <name>__start___llvm_prf_cnts</name>
         <value>0x20000000</value>
      </symbol>
      <symbol id="sm-3">
         <name>__stop___llvm_prf_cnts</name>
         <value>0x20000000</value>
      </symbol>
      <symbol id="sm-4">
         <name>__TI_CINIT_Base</name>
         <value>0x30e8</value>
      </symbol>
      <symbol id="sm-5">
         <name>__TI_CINIT_Limit</name>
         <value>0x3100</value>
      </symbol>
      <symbol id="sm-6">
         <name>__TI_Handler_Table_Base</name>
         <value>0x30c0</value>
      </symbol>
      <symbol id="sm-7">
         <name>__TI_Handler_Table_Limit</name>
         <value>0x30cc</value>
      </symbol>
      <symbol id="sm-8">
         <name>binit</name>
         <value>0xffffffff</value>
      </symbol>
      <symbol id="sm-9">
         <name>__binit__</name>
         <value>0xffffffff</value>
      </symbol>
      <symbol id="sm-a">
         <name>__STACK_SIZE</name>
         <value>0x1000</value>
      </symbol>
      <symbol id="sm-b">
         <name>__STACK_END</name>
         <value>0x20001270</value>
      </symbol>
      <symbol id="sm-c">
         <name>__c_args__</name>
         <value>0xffffffff</value>
      </symbol>
      <symbol id="sm-d">
         <name>__TI_pprof_out_hndl</name>
         <value>0xffffffff</value>
      </symbol>
      <symbol id="sm-e">
         <name>__TI_prof_data_start</name>
         <value>0xffffffff</value>
      </symbol>
      <symbol id="sm-f">
         <name>__TI_prof_data_size</name>
         <value>0xffffffff</value>
      </symbol>
      <symbol id="sm-75">
         <name>_timeout_ticks</name>
         <value>0x200012c4</value>
      </symbol>
      <symbol id="sm-76">
         <name>timer_pause</name>
         <value>0x1883</value>
         <object_component_ref idref="oc-c4"/>
      </symbol>
      <symbol id="sm-77">
         <name>timer_resume</name>
         <value>0x1895</value>
         <object_component_ref idref="oc-c4"/>
      </symbol>
      <symbol id="sm-78">
         <name>timer_getMillis</name>
         <value>0x18a7</value>
         <object_component_ref idref="oc-c4"/>
      </symbol>
      <symbol id="sm-79">
         <name>_running</name>
         <value>0x200012cc</value>
         <object_component_ref idref="oc-132"/>
      </symbol>
      <symbol id="sm-7a">
         <name>timer_init</name>
         <value>0x17e1</value>
         <object_component_ref idref="oc-c4"/>
      </symbol>
      <symbol id="sm-7b">
         <name>timer_stop</name>
         <value>0x1859</value>
         <object_component_ref idref="oc-c4"/>
      </symbol>
      <symbol id="sm-7c">
         <name>timer_getMicros</name>
         <value>0x18ff</value>
         <object_component_ref idref="oc-c4"/>
      </symbol>
      <symbol id="sm-7d">
         <name>timer_waitMillis</name>
         <value>0x198b</value>
         <object_component_ref idref="oc-c4"/>
      </symbol>
      <symbol id="sm-7e">
         <name>timer_waitMicros</name>
         <value>0x1959</value>
         <object_component_ref idref="oc-c4"/>
      </symbol>
      <symbol id="sm-a0">
         <name>get_ADC</name>
         <value>0x21df</value>
         <object_component_ref idref="oc-d0"/>
      </symbol>
      <symbol id="sm-a1">
         <name>adc_init</name>
         <value>0x2149</value>
         <object_component_ref idref="oc-d0"/>
      </symbol>
      <symbol id="sm-ed">
         <name>lcd_sendCommand</name>
         <value>0x139b</value>
         <object_component_ref idref="oc-ca"/>
      </symbol>
      <symbol id="sm-ee">
         <name>lcd_sendNibble</name>
         <value>0x13d9</value>
         <object_component_ref idref="oc-ca"/>
      </symbol>
      <symbol id="sm-ef">
         <name>lcd_clear</name>
         <value>0x2f63</value>
         <object_component_ref idref="oc-137"/>
      </symbol>
      <symbol id="sm-f0">
         <name>lcd_printf</name>
         <value>0x1483</value>
         <object_component_ref idref="oc-ca"/>
      </symbol>
      <symbol id="sm-f1">
         <name>lcd_setCursorPos</name>
         <value>0x1445</value>
         <object_component_ref idref="oc-ca"/>
      </symbol>
      <symbol id="sm-f2">
         <name>lcd_init</name>
         <value>0x1285</value>
         <object_component_ref idref="oc-ca"/>
      </symbol>
      <symbol id="sm-f3">
         <name>lcd_puts</name>
         <value>0x137d</value>
         <object_component_ref idref="oc-ca"/>
      </symbol>
      <symbol id="sm-f4">
         <name>lcd_putc</name>
         <value>0x1345</value>
         <object_component_ref idref="oc-ca"/>
      </symbol>
      <symbol id="sm-f5">
         <name>lcd_reverseNibble</name>
         <value>0x1249</value>
         <object_component_ref idref="oc-ca"/>
      </symbol>
      <symbol id="sm-f6">
         <name>lcd_gotoLine</name>
         <value>0x141d</value>
         <object_component_ref idref="oc-ca"/>
      </symbol>
      <symbol id="sm-108">
         <name>distanceEstimate</name>
         <value>0x264b</value>
         <object_component_ref idref="oc-9b"/>
      </symbol>
      <symbol id="sm-109">
         <name>main</name>
         <value>0x25ed</value>
         <object_component_ref idref="oc-9b"/>
      </symbol>
      <symbol id="sm-125">
         <name>ResetISR</name>
         <value>0x2f81</value>
         <object_component_ref idref="oc-27"/>
      </symbol>
      <symbol id="sm-126">
         <name>g_pfnVectors</name>
         <value>0x0</value>
         <object_component_ref idref="oc-12"/>
      </symbol>
      <symbol id="sm-194">
         <name>powf</name>
         <value>0xcbd</value>
         <object_component_ref idref="oc-db"/>
      </symbol>
      <symbol id="sm-1a4">
         <name>sqrtf</name>
         <value>0x2e51</value>
         <object_component_ref idref="oc-15c"/>
      </symbol>
      <symbol id="sm-1cb">
         <name>scalbnf</name>
         <value>0x2469</value>
         <object_component_ref idref="oc-162"/>
      </symbol>
      <symbol id="sm-1cc">
         <name>ldexpf</name>
         <value>0x2469</value>
         <object_component_ref idref="oc-162"/>
      </symbol>
      <symbol id="sm-1fb">
         <name>vsnprintf</name>
         <value>0x2cd1</value>
         <object_component_ref idref="oc-13e"/>
      </symbol>
      <symbol id="sm-208">
         <name>copysignf</name>
         <value>0x2ee3</value>
         <object_component_ref idref="oc-1d7"/>
      </symbol>
      <symbol id="sm-213">
         <name>__aeabi_dmul</name>
         <value>0x236d</value>
         <object_component_ref idref="oc-e1"/>
      </symbol>
      <symbol id="sm-21f">
         <name>__aeabi_d2f</name>
         <value>0x29c3</value>
         <object_component_ref idref="oc-e6"/>
      </symbol>
      <symbol id="sm-22a">
         <name>__aeabi_f2d</name>
         <value>0x2d4f</value>
         <object_component_ref idref="oc-d6"/>
      </symbol>
      <symbol id="sm-245">
         <name>memcpy</name>
         <value>0x269d</value>
         <object_component_ref idref="oc-3b"/>
      </symbol>
      <symbol id="sm-246">
         <name>__aeabi_memcpy</name>
         <value>0x269d</value>
         <object_component_ref idref="oc-3b"/>
      </symbol>
      <symbol id="sm-247">
         <name>__aeabi_memcpy8</name>
         <value>0x269d</value>
         <object_component_ref idref="oc-3b"/>
      </symbol>
      <symbol id="sm-248">
         <name>__aeabi_memcpy4</name>
         <value>0x269d</value>
         <object_component_ref idref="oc-3b"/>
      </symbol>
      <symbol id="sm-261">
         <name>__TI_zero_init_nomemset</name>
         <value>0x2e79</value>
         <object_component_ref idref="oc-47"/>
      </symbol>
      <symbol id="sm-278">
         <name>__TI_decompress_none</name>
         <value>0x2f73</value>
         <object_component_ref idref="oc-1b"/>
      </symbol>
      <symbol id="sm-29b">
         <name>__TI_decompress_lzss</name>
         <value>0x2a31</value>
         <object_component_ref idref="oc-15"/>
      </symbol>
      <symbol id="sm-2aa">
         <name>strcmp</name>
         <value>0x2efb</value>
         <object_component_ref idref="oc-144"/>
      </symbol>
      <symbol id="sm-2b8">
         <name>strcpy</name>
         <value>0x2f29</value>
         <object_component_ref idref="oc-14a"/>
      </symbol>
      <symbol id="sm-2cb">
         <name>__stack</name>
         <value>0x20000270</value>
         <object_component_ref idref="oc-24"/>
      </symbol>
      <symbol id="sm-2cc">
         <name>_c_int00_noargs</name>
         <value>0x2dbd</value>
         <object_component_ref idref="oc-59"/>
      </symbol>
      <symbol id="sm-2e2">
         <name>__aeabi_errno_addr</name>
         <value>0x2f8d</value>
         <object_component_ref idref="oc-168"/>
      </symbol>
      <symbol id="sm-2e3">
         <name>errno</name>
         <value>0x200012c8</value>
         <object_component_ref idref="oc-1e4"/>
      </symbol>
      <symbol id="sm-448">
         <name>__TI_printfi</name>
         <value>0x26d</value>
         <object_component_ref idref="oc-1a7"/>
      </symbol>
      <symbol id="sm-45f">
         <name>__aeabi_dsub</name>
         <value>0x1bf9</value>
         <object_component_ref idref="oc-2bb"/>
      </symbol>
      <symbol id="sm-460">
         <name>__aeabi_dadd</name>
         <value>0x1c03</value>
         <object_component_ref idref="oc-2bb"/>
      </symbol>
      <symbol id="sm-482">
         <name>__aeabi_cdcmpeq</name>
         <value>0x27cf</value>
         <object_component_ref idref="oc-238"/>
      </symbol>
      <symbol id="sm-483">
         <name>__aeabi_cdcmple</name>
         <value>0x27cf</value>
         <object_component_ref idref="oc-238"/>
      </symbol>
      <symbol id="sm-484">
         <name>__aeabi_cdrcmple</name>
         <value>0x2855</value>
         <object_component_ref idref="oc-2a6"/>
      </symbol>
      <symbol id="sm-498">
         <name>__aeabi_ddiv</name>
         <value>0x1eed</value>
         <object_component_ref idref="oc-2a1"/>
      </symbol>
      <symbol id="sm-4a2">
         <name>__aeabi_d2iz</name>
         <value>0x2c45</value>
         <object_component_ref idref="oc-2ab"/>
      </symbol>
      <symbol id="sm-4ac">
         <name>__aeabi_i2d</name>
         <value>0x2e21</value>
         <object_component_ref idref="oc-2b6"/>
      </symbol>
      <symbol id="sm-4bb">
         <name>__aeabi_memset</name>
         <value>0x28dd</value>
         <object_component_ref idref="oc-8f"/>
      </symbol>
      <symbol id="sm-4bc">
         <name>memset</name>
         <value>0x28e3</value>
         <object_component_ref idref="oc-8f"/>
      </symbol>
      <symbol id="sm-4bd">
         <name>__aeabi_memset8</name>
         <value>0x28dd</value>
         <object_component_ref idref="oc-8f"/>
      </symbol>
      <symbol id="sm-4be">
         <name>__aeabi_memset4</name>
         <value>0x28dd</value>
         <object_component_ref idref="oc-8f"/>
      </symbol>
      <symbol id="sm-4bf">
         <name>__aeabi_memclr8</name>
         <value>0x28db</value>
         <object_component_ref idref="oc-8f"/>
      </symbol>
      <symbol id="sm-4c0">
         <name>__aeabi_memclr4</name>
         <value>0x28db</value>
         <object_component_ref idref="oc-8f"/>
      </symbol>
      <symbol id="sm-4c1">
         <name>__aeabi_memclr</name>
         <value>0x28db</value>
         <object_component_ref idref="oc-8f"/>
      </symbol>
      <symbol id="sm-4ce">
         <name>__aeabi_uldivmod</name>
         <value>0x2739</value>
         <object_component_ref idref="oc-29a"/>
      </symbol>
      <symbol id="sm-4f6">
         <name>__TI_auto_init_nobinit_nopinit</name>
         <value>0x2c8d</value>
         <object_component_ref idref="oc-f8"/>
      </symbol>
      <symbol id="sm-500">
         <name>_system_pre_init</name>
         <value>0x2f95</value>
         <object_component_ref idref="oc-95"/>
      </symbol>
      <symbol id="sm-50c">
         <name>C$$EXIT</name>
         <value>0x2f99</value>
         <object_component_ref idref="oc-ec"/>
      </symbol>
      <symbol id="sm-50d">
         <name>abort</name>
         <value>0x2f99</value>
         <object_component_ref idref="oc-ec"/>
      </symbol>
      <symbol id="sm-51d">
         <name>__TI_ltoa</name>
         <value>0x2b53</value>
         <object_component_ref idref="oc-2b0"/>
      </symbol>
      <symbol id="sm-534">
         <name>atoi</name>
         <value>0x2bf9</value>
         <object_component_ref idref="oc-22c"/>
      </symbol>
      <symbol id="sm-53f">
         <name>_ctypes_</name>
         <value>0x2f9c</value>
         <object_component_ref idref="oc-295"/>
      </symbol>
      <symbol id="sm-54f">
         <name>memccpy</name>
         <value>0x2e95</value>
         <object_component_ref idref="oc-255"/>
      </symbol>
      <symbol id="sm-55f">
         <name>strchr</name>
         <value>0x2f13</value>
         <object_component_ref idref="oc-2e7"/>
      </symbol>
      <symbol id="sm-56d">
         <name>strlen</name>
         <value>0x2f3d</value>
         <object_component_ref idref="oc-226"/>
      </symbol>
      <symbol id="sm-586">
         <name>wcslen</name>
         <value>0x2f51</value>
         <object_component_ref idref="oc-25b"/>
      </symbol>
      <symbol id="sm-59c">
         <name>frexpl</name>
         <value>0x2a99</value>
         <object_component_ref idref="oc-2db"/>
      </symbol>
      <symbol id="sm-59d">
         <name>frexp</name>
         <value>0x2a99</value>
         <object_component_ref idref="oc-2db"/>
      </symbol>
      <symbol id="sm-5ba">
         <name>scalbn</name>
         <value>0x225d</value>
         <object_component_ref idref="oc-2e1"/>
      </symbol>
      <symbol id="sm-5bb">
         <name>scalbnl</name>
         <value>0x225d</value>
         <object_component_ref idref="oc-2e1"/>
      </symbol>
      <symbol id="sm-5bc">
         <name>ldexpl</name>
         <value>0x225d</value>
         <object_component_ref idref="oc-2e1"/>
      </symbol>
      <symbol id="sm-5bd">
         <name>ldexp</name>
         <value>0x225d</value>
         <object_component_ref idref="oc-2e1"/>
      </symbol>
      <symbol id="sm-5c7">
         <name>__aeabi_idiv0</name>
         <value>0xcbb</value>
         <object_component_ref idref="oc-30c"/>
      </symbol>
      <symbol id="sm-5c8">
         <name>__aeabi_ldiv0</name>
         <value>0xcbb</value>
         <object_component_ref idref="oc-30c"/>
      </symbol>
      <symbol id="sm-5d2">
         <name>copysign</name>
         <value>0x2eb1</value>
         <object_component_ref idref="oc-31f"/>
      </symbol>
      <symbol id="sm-5d3">
         <name>copysignl</name>
         <value>0x2eb1</value>
         <object_component_ref idref="oc-31f"/>
      </symbol>
      <symbol id="sm-5fe">
         <name>IntRegister</name>
         <value>0x2d89</value>
         <object_component_ref idref="oc-12c"/>
      </symbol>
      <symbol id="sm-5ff">
         <name>g_pfnRAMVectors</name>
         <value>0x20000000</value>
         <object_component_ref idref="oc-19b"/>
      </symbol>
      <symbol id="sm-601">
         <name>__TI_static_base__</name>
         <value>0x0</value>
      </symbol>
      <symbol id="sm-604">
         <name>__mpu_init</name>
         <value>0x0</value>
      </symbol>
      <symbol id="sm-605">
         <name>_system_post_cinit</name>
         <value>0x0</value>
      </symbol>
   </symbol_table>
   <title>Link successful</title>
</link_info>
