******************************************************************************
                  TI ARM Linker PC v20.2.7                     
******************************************************************************
>> Linked Wed Apr  9 14:05:51 2025

OUTPUT FILE NAME:   <Lab9.out>
ENTRY POINT SYMBOL: "_c_int00_noargs"  address: 000030f5


MEMORY CONFIGURATION

         name            origin    length      used     unused   attr    fill
----------------------  --------  ---------  --------  --------  ----  --------
  FLASH                 00000000   00040000  00003478  0003cb88  R  X
  SRAM                  20000000   00008000  000012d4  00006d2c  RW X


SEGMENT ALLOCATION MAP

run origin  load origin   length   init length attrs members
----------  ----------- ---------- ----------- ----- -------
00000000    00000000    00003478   00003478    r-x
  00000000    00000000    0000026c   0000026c    r-- .intvecs
  0000026c    0000026c    000030a8   000030a8    r-x .text
  00003314    00003314    00000124   00000124    r-- .const
  00003438    00003438    00000040   00000040    r-- .cinit
20000000    20000000    000012d8   00000000    rw-
  20000000    20000000    0000026c   00000000    rw- .vtable
  20000270    20000270    00001000   00000000    rw- .stack
  20001270    20001270    00000058   00000000    rw- .bss
  200012c8    200012c8    00000010   00000000    rw- .data


SECTION ALLOCATION MAP

 output                                  attributes/
section   page    origin      length       input sections
--------  ----  ----------  ----------   ----------------
.intvecs   0    00000000    0000026c     
                  00000000    0000026c     tm4c123gh6pm_startup_ccs.obj (.intvecs)

.text      0    0000026c    000030a8     
                  0000026c    00000a4e     rtsv7M4_T_le_v4SPD16_eabi.lib : _printfi.c.obj (.text:__TI_printfi)
                  00000cba    00000002                                   : div0.asm.obj (.text)
                  00000cbc    0000058c                                   : e_powf.c.obj (.text:powf)
                  00001248    00000328     lcd.obj (.text)
                  00001570    00000304     ping_template.obj (.text)
                  00001874    00000270     rtsv7M4_T_le_v4SPD16_eabi.lib : _printfi.c.obj (.text:_pconv_a)
                  00001ae4    00000248     Timer.obj (.text)
                  00001d2c    000001d0     rtsv7M4_T_le_v4SPD16_eabi.lib : _printfi.c.obj (.text:_pconv_g)
                  00001efc    000001b6                                   : fd_add_t2.asm.obj (.text)
                  000020b2    00000002     --HOLE-- [fill = 0]
                  000020b4    00000144     uart.obj (.text)
                  000021f8    0000013c     rtsv7M4_T_le_v4SPD16_eabi.lib : _printfi.c.obj (.text:_pconv_e)
                  00002334    00000136                                   : fd_div_t2.asm.obj (.text)
                  0000246a    00000002     --HOLE-- [fill = 0]
                  0000246c    00000124                                   : _printfi.c.obj (.text:fcvt)
                  00002590    00000110                                   : s_scalbn.c.obj (.text:scalbn)
                  000026a0    000000fc                                   : fd_mul_t2.asm.obj (.text)
                  0000279c    000000d0                                   : s_scalbnf.c.obj (.text:scalbnf)
                  0000286c    000000b1                                   : _printfi.c.obj (.text:_ltostr)
                  0000291d    00000001     --HOLE-- [fill = 0]
                  0000291e    0000009c                                   : memcpy_t2.asm.obj (.text)
                  000029ba    00000096                                   : ull_div_t2.asm.obj (.text)
                  00002a50    00000086                                   : fd_cmp_t2.asm.obj (.text:__aeabi_cdcmple)
                  00002ad6    00000086                                   : fd_cmp_t2.asm.obj (.text:__aeabi_cdrcmple)
                  00002b5c    0000007a                                   : memset_t2.asm.obj (.text)
                  00002bd6    00000002     --HOLE-- [fill = 0]
                  00002bd8    00000072     lab9_template.obj (.text)
                  00002c4a    0000006e     rtsv7M4_T_le_v4SPD16_eabi.lib : _printfi.c.obj (.text:_mcpy)
                  00002cb8    0000006e                                   : fd_tos_t2.asm.obj (.text)
                  00002d26    00000068                                   : copy_decompress_lzss.c.obj (.text:decompress:lzss:__TI_decompress_lzss)
                  00002d8e    00000002     --HOLE-- [fill = 0]
                  00002d90    00000064                                   : s_frexp.c.obj (.text:frexp)
                  00002df4    00000056                                   : _printfi.c.obj (.text:_pconv_f)
                  00002e4a    00000054                                   : _ltoa.c.obj (.text:__TI_ltoa)
                  00002e9e    00000052                                   : _printfi.c.obj (.text:_ecpy)
                  00002ef0    0000004c                                   : atoi.c.obj (.text:atoi)
                  00002f3c    00000048                                   : fd_toi_t2.asm.obj (.text)
                  00002f84    00000044                                   : autoinit.c.obj (.text:__TI_auto_init_nobinit_nopinit:__TI_auto_init_nobinit_nopinit)
                  00002fc8    00000040                                   : sprintf.c.obj (.text:sprintf)
                  00003008    00000040                                   : vsnprintf.c.obj (.text:vsnprintf)
                  00003048    0000003e                                   : _printfi.c.obj (.text:_fcpy)
                  00003086    00000038                                   : fs_tod_t2.asm.obj (.text)
                  000030be    00000002     --HOLE-- [fill = 0]
                  000030c0    00000034     driverlib.lib : interrupt.obj (.text:IntRegister)
                  000030f4    00000034     rtsv7M4_T_le_v4SPD16_eabi.lib : boot_cortex_m.c.obj (.text:_c_int00_noargs:_c_int00_noargs)
                  00003128    00000030                                   : vsnprintf.c.obj (.text:_outs)
                  00003158    0000002e                                   : i_tofd_t2.asm.obj (.text)
                  00003186    00000002     --HOLE-- [fill = 0]
                  00003188    00000028                                   : e_sqrtf.c.obj (.text:sqrtf)
                  000031b0    0000001c                                   : copy_zero_init.c.obj (.text:decompress:ZI:__TI_zero_init_nomemset:__TI_zero_init_nomemset)
                  000031cc    0000001c                                   : memccpy.c.obj (.text:memccpy)
                  000031e8    0000001a                                   : s_copysign.c.obj (.text:copysign)
                  00003202    00000018                                   : vsnprintf.c.obj (.text:_outc)
                  0000321a    00000018                                   : sprintf.c.obj (.text:_outs)
                  00003232    00000018                                   : s_copysignf.c.obj (.text:copysignf)
                  0000324a    00000018                                   : strcmp.c.obj (.text:strcmp)
                  00003262    00000016                                   : strchr.c.obj (.text:strchr)
                  00003278    00000014                                   : strcpy.c.obj (.text:strcpy)
                  0000328c    00000014                                   : strlen.c.obj (.text:strlen)
                  000032a0    00000012                                   : wcslen.c.obj (.text:wcslen)
                  000032b2    00000010     driverlib.lib : interrupt.obj (.text:IntMasterEnable)
                  000032c2    00000010     lcd.obj (.text:lcd_clear)
                  000032d2    0000000e     rtsv7M4_T_le_v4SPD16_eabi.lib : copy_decompress_none.c.obj (.text:decompress:none:__TI_decompress_none)
                  000032e0    0000000c     driverlib.lib : cpu.obj (.text:CPUcpsie)
                  000032ec    0000000c     tm4c123gh6pm_startup_ccs.obj (.text)
                  000032f8    0000000a     rtsv7M4_T_le_v4SPD16_eabi.lib : sprintf.c.obj (.text:_outc)
                  00003302    00000002     --HOLE-- [fill = 0]
                  00003304    00000008                                   : errno.c.obj (.text:__aeabi_errno_addr)
                  0000330c    00000004                                   : pre_init.c.obj (.text:_system_pre_init)
                  00003310    00000004                                   : exit.c.obj (.text:abort:abort)

.const     0    00003314    00000124     
                  00003314    00000101     rtsv7M4_T_le_v4SPD16_eabi.lib : ctype.c.obj (.const:.string:_ctypes_)
                  00003415    00000003     --HOLE-- [fill = 0]
                  00003418    00000018                                   : e_powf.c.obj (.const:$O1$$)
                  00003430    00000004     lcd.obj (.const:.string:lineAddress$1)
                  00003434    00000004     lcd.obj (.const:.string:lineAddresses$2)

.cinit     0    00003438    00000040     
                  00003438    0000000c     (__TI_handler_table)
                  00003444    00000004     --HOLE-- [fill = 0]
                  00003448    00000008     (.cinit..bss.load) [load image, compression = zero_init]
                  00003450    00000008     (.cinit..vtable.load) [load image, compression = zero_init]
                  00003458    00000007     (.cinit..data.load) [load image, compression = lzss]
                  0000345f    00000001     --HOLE-- [fill = 0]
                  00003460    00000018     (__TI_cinit_table)

.init_array 
*          0    00000000    00000000     UNINITIALIZED

.vtable    0    20000000    0000026c     UNINITIALIZED
                  20000000    0000026c     driverlib.lib : interrupt.obj (.vtable)

.bss       0    20001270    00000058     UNINITIALIZED
                  20001270    00000054     lcd.obj (.bss:lastbuffer$3)
                  200012c4    00000004     (.common:_timeout_ticks)

.data      0    200012c8    00000010     UNINITIALIZED
                  200012c8    00000009     ping_template.obj (.data)
                  200012d1    00000001     Timer.obj (.data)
                  200012d2    00000002     --HOLE--
                  200012d4    00000004     rtsv7M4_T_le_v4SPD16_eabi.lib : errno.c.obj (.data)

.stack     0    20000270    00001000     UNINITIALIZED
                  20000270    00000004     rtsv7M4_T_le_v4SPD16_eabi.lib : boot_cortex_m.c.obj (.stack)
                  20000274    00000ffc     --HOLE--

__llvm_prf_cnts 
*          0    20000000    00000000     UNINITIALIZED

MODULE SUMMARY

       Module                         code    ro data   rw data
       ------                         ----    -------   -------
    .\
       lcd.obj                        824     8         84     
       ping_template.obj              772     0         9      
       tm4c123gh6pm_startup_ccs.obj   12      620       0      
       Timer.obj                      584     0         5      
       uart.obj                       324     0         0      
       lab9_template.obj              114     0         0      
    +--+------------------------------+-------+---------+---------+
       Total:                         2630    628       98     
                                                               
    C:/ti/TivaWare_C_Series-2.2.0.295/driverlib/ccs/Debug/driverlib.lib
       interrupt.obj                  68      0         620    
       cpu.obj                        12      0         0      
    +--+------------------------------+-------+---------+---------+
       Total:                         80      0         620    
                                                               
    C:\ti\ccs1271\ccs\tools\compiler\ti-cgt-arm_20.2.7.LTS\lib\rtsv7M4_T_le_v4SPD16_eabi.lib
       _printfi.c.obj                 4851    0         0      
       e_powf.c.obj                   1420    24        0      
       fd_add_t2.asm.obj              438     0         0      
       fd_div_t2.asm.obj              310     0         0      
       s_scalbn.c.obj                 272     0         0      
       fd_cmp_t2.asm.obj              268     0         0      
       ctype.c.obj                    0       257       0      
       fd_mul_t2.asm.obj              252     0         0      
       s_scalbnf.c.obj                208     0         0      
       memcpy_t2.asm.obj              156     0         0      
       ull_div_t2.asm.obj             150     0         0      
       vsnprintf.c.obj                136     0         0      
       memset_t2.asm.obj              122     0         0      
       fd_tos_t2.asm.obj              110     0         0      
       copy_decompress_lzss.c.obj     104     0         0      
       s_frexp.c.obj                  100     0         0      
       sprintf.c.obj                  98      0         0      
       _ltoa.c.obj                    84      0         0      
       atoi.c.obj                     76      0         0      
       fd_toi_t2.asm.obj              72      0         0      
       autoinit.c.obj                 68      0         0      
       fs_tod_t2.asm.obj              56      0         0      
       boot_cortex_m.c.obj            52      0         0      
       i_tofd_t2.asm.obj              46      0         0      
       e_sqrtf.c.obj                  40      0         0      
       copy_zero_init.c.obj           28      0         0      
       memccpy.c.obj                  28      0         0      
       s_copysign.c.obj               26      0         0      
       s_copysignf.c.obj              24      0         0      
       strcmp.c.obj                   24      0         0      
       strchr.c.obj                   22      0         0      
       strcpy.c.obj                   20      0         0      
       strlen.c.obj                   20      0         0      
       wcslen.c.obj                   18      0         0      
       copy_decompress_none.c.obj     14      0         0      
       errno.c.obj                    8       0         4      
       exit.c.obj                     4       0         0      
       pre_init.c.obj                 4       0         0      
       div0.asm.obj                   2       0         0      
    +--+------------------------------+-------+---------+---------+
       Total:                         9731    281       4      
                                                               
       Stack:                         0       0         4096   
       Linker Generated:              0       59        0      
    +--+------------------------------+-------+---------+---------+
       Grand Total:                   12441   968       4818   


LINKER GENERATED COPY TABLES

__TI_cinit_table @ 00003460 records: 3, size/record: 8, table size: 24
	.bss: load addr=00003448, load size=00000008 bytes, run addr=20001270, run size=00000058 bytes, compression=zero_init
	.vtable: load addr=00003450, load size=00000008 bytes, run addr=20000000, run size=0000026c bytes, compression=zero_init
	.data: load addr=00003458, load size=00000007 bytes, run addr=200012c8, run size=00000010 bytes, compression=lzss


LINKER GENERATED HANDLER TABLE

__TI_handler_table @ 00003438 records: 3, size/record: 4, table size: 12
	index: 0, handler: __TI_zero_init
	index: 1, handler: __TI_decompress_lzss
	index: 2, handler: __TI_decompress_none


GLOBAL SYMBOLS: SORTED ALPHABETICALLY BY Name 

address   name                          
-------   ----                          
00003311  C$$EXIT                       
000032e1  CPUcpsie                      
000032b3  IntMasterEnable               
000030c1  IntRegister                   
000032ed  ResetISR                      
000016b5  TIMER3B_Handler               
20001270  __STACK_END                   
00001000  __STACK_SIZE                  
20000470  __STACK_TOP                   
00003460  __TI_CINIT_Base               
00003478  __TI_CINIT_Limit              
00003438  __TI_Handler_Table_Base       
00003444  __TI_Handler_Table_Limit      
00002f85  __TI_auto_init_nobinit_nopinit
00002d27  __TI_decompress_lzss          
000032d3  __TI_decompress_none          
00002e4b  __TI_ltoa                     
ffffffff  __TI_pprof_out_hndl           
0000026d  __TI_printfi                  
ffffffff  __TI_prof_data_size           
ffffffff  __TI_prof_data_start          
00000000  __TI_static_base__            
000031b1  __TI_zero_init_nomemset       
00002a51  __aeabi_cdcmpeq               
00002a51  __aeabi_cdcmple               
00002ad7  __aeabi_cdrcmple              
00002cb9  __aeabi_d2f                   
00002f3d  __aeabi_d2iz                  
00001f07  __aeabi_dadd                  
00002335  __aeabi_ddiv                  
000026a1  __aeabi_dmul                  
00001efd  __aeabi_dsub                  
00003305  __aeabi_errno_addr            
00003087  __aeabi_f2d                   
00003159  __aeabi_i2d                   
00000cbb  __aeabi_idiv0                 
00000cbb  __aeabi_ldiv0                 
00002b5d  __aeabi_memclr                
00002b5d  __aeabi_memclr4               
00002b5d  __aeabi_memclr8               
0000291f  __aeabi_memcpy                
0000291f  __aeabi_memcpy4               
0000291f  __aeabi_memcpy8               
00002b5f  __aeabi_memset                
00002b5f  __aeabi_memset4               
00002b5f  __aeabi_memset8               
000029bb  __aeabi_uldivmod              
ffffffff  __binit__                     
ffffffff  __c_args__                    
UNDEFED   __mpu_init                    
20000270  __stack                       
20000000  __start___llvm_prf_cnts       
20000000  __stop___llvm_prf_cnts        
000030f5  _c_int00_noargs               
00003314  _ctypes_                      
200012d1  _running                      
UNDEFED   _system_post_cinit            
0000330d  _system_pre_init              
200012c4  _timeout_ticks                
00003311  abort                         
00002ef1  atoi                          
ffffffff  binit                         
000031e9  copysign                      
00003233  copysignf                     
000031e9  copysignl                     
200012d4  errno                         
00002d91  frexp                         
00002d91  frexpl                        
200012cc  g_end_time                    
20000000  g_pfnRAMVectors               
00000000  g_pfnVectors                  
200012c8  g_start_time                  
200012d0  g_state                       
000032c3  lcd_clear                     
0000141d  lcd_gotoLine                  
00001285  lcd_init                      
00001483  lcd_printf                    
00001345  lcd_putc                      
0000137d  lcd_puts                      
00001249  lcd_reverseNibble             
0000139b  lcd_sendCommand               
000013d9  lcd_sendNibble                
00001445  lcd_setCursorPos              
00002591  ldexp                         
0000279d  ldexpf                        
00002591  ldexpl                        
00002bd9  main                          
000031cd  memccpy                       
0000291f  memcpy                        
00002b65  memset                        
000016f5  ping_getDistance              
00001571  ping_init                     
0000162b  ping_trigger                  
00000cbd  powf                          
00002591  scalbn                        
0000279d  scalbnf                       
00002591  scalbnl                       
00002fc9  sprintf                       
00003189  sqrtf                         
00003263  strchr                        
0000324b  strcmp                        
00003279  strcpy                        
0000328d  strlen                        
00001c03  timer_getMicros               
00001bab  timer_getMillis               
00001ae5  timer_init                    
00001b87  timer_pause                   
00001b99  timer_resume                  
00001b5d  timer_stop                    
00001c5d  timer_waitMicros              
00001c8f  timer_waitMillis              
000020b5  uart_init                     
00002163  uart_receive                  
00002189  uart_receive_nonblocking      
00002147  uart_sendChar                 
000021a1  uart_sendStr                  
00003009  vsnprintf                     
000032a1  wcslen                        


GLOBAL SYMBOLS: SORTED BY Symbol Address 

address   name                          
-------   ----                          
00000000  __TI_static_base__            
00000000  g_pfnVectors                  
0000026d  __TI_printfi                  
00000cbb  __aeabi_idiv0                 
00000cbb  __aeabi_ldiv0                 
00000cbd  powf                          
00001000  __STACK_SIZE                  
00001249  lcd_reverseNibble             
00001285  lcd_init                      
00001345  lcd_putc                      
0000137d  lcd_puts                      
0000139b  lcd_sendCommand               
000013d9  lcd_sendNibble                
0000141d  lcd_gotoLine                  
00001445  lcd_setCursorPos              
00001483  lcd_printf                    
00001571  ping_init                     
0000162b  ping_trigger                  
000016b5  TIMER3B_Handler               
000016f5  ping_getDistance              
00001ae5  timer_init                    
00001b5d  timer_stop                    
00001b87  timer_pause                   
00001b99  timer_resume                  
00001bab  timer_getMillis               
00001c03  timer_getMicros               
00001c5d  timer_waitMicros              
00001c8f  timer_waitMillis              
00001efd  __aeabi_dsub                  
00001f07  __aeabi_dadd                  
000020b5  uart_init                     
00002147  uart_sendChar                 
00002163  uart_receive                  
00002189  uart_receive_nonblocking      
000021a1  uart_sendStr                  
00002335  __aeabi_ddiv                  
00002591  ldexp                         
00002591  ldexpl                        
00002591  scalbn                        
00002591  scalbnl                       
000026a1  __aeabi_dmul                  
0000279d  ldexpf                        
0000279d  scalbnf                       
0000291f  __aeabi_memcpy                
0000291f  __aeabi_memcpy4               
0000291f  __aeabi_memcpy8               
0000291f  memcpy                        
000029bb  __aeabi_uldivmod              
00002a51  __aeabi_cdcmpeq               
00002a51  __aeabi_cdcmple               
00002ad7  __aeabi_cdrcmple              
00002b5d  __aeabi_memclr                
00002b5d  __aeabi_memclr4               
00002b5d  __aeabi_memclr8               
00002b5f  __aeabi_memset                
00002b5f  __aeabi_memset4               
00002b5f  __aeabi_memset8               
00002b65  memset                        
00002bd9  main                          
00002cb9  __aeabi_d2f                   
00002d27  __TI_decompress_lzss          
00002d91  frexp                         
00002d91  frexpl                        
00002e4b  __TI_ltoa                     
00002ef1  atoi                          
00002f3d  __aeabi_d2iz                  
00002f85  __TI_auto_init_nobinit_nopinit
00002fc9  sprintf                       
00003009  vsnprintf                     
00003087  __aeabi_f2d                   
000030c1  IntRegister                   
000030f5  _c_int00_noargs               
00003159  __aeabi_i2d                   
00003189  sqrtf                         
000031b1  __TI_zero_init_nomemset       
000031cd  memccpy                       
000031e9  copysign                      
000031e9  copysignl                     
00003233  copysignf                     
0000324b  strcmp                        
00003263  strchr                        
00003279  strcpy                        
0000328d  strlen                        
000032a1  wcslen                        
000032b3  IntMasterEnable               
000032c3  lcd_clear                     
000032d3  __TI_decompress_none          
000032e1  CPUcpsie                      
000032ed  ResetISR                      
00003305  __aeabi_errno_addr            
0000330d  _system_pre_init              
00003311  C$$EXIT                       
00003311  abort                         
00003314  _ctypes_                      
00003438  __TI_Handler_Table_Base       
00003444  __TI_Handler_Table_Limit      
00003460  __TI_CINIT_Base               
00003478  __TI_CINIT_Limit              
20000000  __start___llvm_prf_cnts       
20000000  __stop___llvm_prf_cnts        
20000000  g_pfnRAMVectors               
20000270  __stack                       
20000470  __STACK_TOP                   
20001270  __STACK_END                   
200012c4  _timeout_ticks                
200012c8  g_start_time                  
200012cc  g_end_time                    
200012d0  g_state                       
200012d1  _running                      
200012d4  errno                         
ffffffff  __TI_pprof_out_hndl           
ffffffff  __TI_prof_data_size           
ffffffff  __TI_prof_data_start          
ffffffff  __binit__                     
ffffffff  __c_args__                    
ffffffff  binit                         
UNDEFED   __mpu_init                    
UNDEFED   _system_post_cinit            

[118 symbols]
