******************************************************************************
                  TI ARM Linker PC v20.2.7                     
******************************************************************************
>> Linked Sun May  4 19:50:42 2025

OUTPUT FILE NAME:   <shit.out>
ENTRY POINT SYMBOL: "_c_int00_noargs"  address: 00004f59


MEMORY CONFIGURATION

         name            origin    length      used     unused   attr    fill
----------------------  --------  ---------  --------  --------  ----  --------
  FLASH                 00000000   00040000  00005383  0003ac7d  R  X
  SRAM                  20000000   00008000  0000233c  00005cc4  RW X


SEGMENT ALLOCATION MAP

run origin  load origin   length   init length attrs members
----------  ----------- ---------- ----------- ----- -------
00000000    00000000    00005388   00005388    r-x
  00000000    00000000    0000026c   0000026c    r-- .intvecs
  0000026c    0000026c    00004f70   00004f70    r-x .text
  000051dc    000051dc    00000147   00000147    r-- .const
  00005328    00005328    00000060   00000060    r-- .cinit
20000000    20000000    00002340   00000000    rw-
  20000000    20000000    0000026c   00000000    rw- .vtable
  20000270    20000270    00001000   00000000    rw- .stack
  20001270    20001270    00001000   00000000    rw- .sysmem
  20002270    20002270    00000078   00000000    rw- .bss
  200022e8    200022e8    00000058   00000000    rw- .data


SECTION ALLOCATION MAP

 output                                  attributes/
section   page    origin      length       input sections
--------  ----  ----------  ----------   ----------------
.intvecs   0    00000000    0000026c     
                  00000000    0000026c     tm4c123gh6pm_startup_ccs.obj (.intvecs)

.text      0    0000026c    00004f70     
                  0000026c    00000c20     open_interface.obj (.text)
                  00000e8c    00000a4e     rtsv7M4_T_le_v4SPD16_eabi.lib : _printfi.c.obj (.text:__TI_printfi)
                  000018da    00000002                                   : _lock.c.obj (.text:_nop)
                  000018dc    0000058c                                   : e_powf.c.obj (.text:powf)
                  00001e68    00000570     main.obj (.text)
                  000023d8    000004dc     movement.obj (.text)
                  000028b4    00000328     lcd.obj (.text)
                  00002bdc    00000308     servo.obj (.text)
                  00002ee4    000002c0     ping_template.obj (.text)
                  000031a4    00000278     uart-interrupt.obj (.text)
                  0000341c    00000270     rtsv7M4_T_le_v4SPD16_eabi.lib : _printfi.c.obj (.text:_pconv_a)
                  0000368c    00000248     Timer.obj (.text)
                  000038d4    000001d0     rtsv7M4_T_le_v4SPD16_eabi.lib : _printfi.c.obj (.text:_pconv_g)
                  00003aa4    000001b6                                   : fd_add_t2.asm.obj (.text)
                  00003c5a    00000002                                   : div0.asm.obj (.text)
                  00003c5c    0000013c                                   : _printfi.c.obj (.text:_pconv_e)
                  00003d98    00000136                                   : fd_div_t2.asm.obj (.text)
                  00003ece    00000002     --HOLE-- [fill = 0]
                  00003ed0    00000124                                   : _printfi.c.obj (.text:fcvt)
                  00003ff4    00000114     adc.obj (.text)
                  00004108    00000110     rtsv7M4_T_le_v4SPD16_eabi.lib : s_scalbn.c.obj (.text:scalbn)
                  00004218    00000100                                   : memory.c.obj (.text:aligned_alloc)
                  00004318    000000fc                                   : fd_mul_t2.asm.obj (.text)
                  00004414    000000e4                                   : memory.c.obj (.text:free)
                  000044f8    000000d0                                   : s_scalbnf.c.obj (.text:scalbnf)
                  000045c8    000000b1                                   : _printfi.c.obj (.text:_ltostr)
                  00004679    00000001     --HOLE-- [fill = 0]
                  0000467a    0000009c                                   : memcpy_t2.asm.obj (.text)
                  00004716    00000096                                   : ull_div_t2.asm.obj (.text)
                  000047ac    00000086                                   : fd_cmp_t2.asm.obj (.text:__aeabi_cdcmple)
                  00004832    00000086                                   : fd_cmp_t2.asm.obj (.text:__aeabi_cdrcmple)
                  000048b8    00000084     button.obj (.text)
                  0000493c    0000007a     rtsv7M4_T_le_v4SPD16_eabi.lib : memset_t2.asm.obj (.text)
                  000049b6    00000002     --HOLE-- [fill = 0]
                  000049b8    00000070                                   : memory.c.obj (.text:split)
                  00004a28    0000006e                                   : _printfi.c.obj (.text:_mcpy)
                  00004a96    0000006e                                   : fd_tos_t2.asm.obj (.text)
                  00004b04    00000068                                   : copy_decompress_lzss.c.obj (.text:decompress:lzss:__TI_decompress_lzss)
                  00004b6c    00000064                                   : s_frexp.c.obj (.text:frexp)
                  00004bd0    00000056                                   : _printfi.c.obj (.text:_pconv_f)
                  00004c26    00000054                                   : _ltoa.c.obj (.text:__TI_ltoa)
                  00004c7a    00000052                                   : _printfi.c.obj (.text:_ecpy)
                  00004ccc    00000050     iceCreamSong.obj (.text)
                  00004d1c    0000004c     rtsv7M4_T_le_v4SPD16_eabi.lib : atoi.c.obj (.text:atoi)
                  00004d68    00000048                                   : fd_toi_t2.asm.obj (.text)
                  00004db0    00000044                                   : autoinit.c.obj (.text:__TI_auto_init_nobinit_nopinit:__TI_auto_init_nobinit_nopinit)
                  00004df4    00000040                                   : sprintf.c.obj (.text:sprintf)
                  00004e34    00000040                                   : vsnprintf.c.obj (.text:vsnprintf)
                  00004e74    0000003e                                   : _printfi.c.obj (.text:_fcpy)
                  00004eb2    00000002     --HOLE-- [fill = 0]
                  00004eb4    00000038                                   : memory.c.obj (.text:calloc)
                  00004eec    00000038                                   : fs_tod_t2.asm.obj (.text)
                  00004f24    00000034     driverlib.lib : interrupt.obj (.text:IntRegister)
                  00004f58    00000034     rtsv7M4_T_le_v4SPD16_eabi.lib : boot_cortex_m.c.obj (.text:_c_int00_noargs:_c_int00_noargs)
                  00004f8c    00000030                                   : vsnprintf.c.obj (.text:_outs)
                  00004fbc    0000002e                                   : i_tofd_t2.asm.obj (.text)
                  00004fea    00000002     --HOLE-- [fill = 0]
                  00004fec    00000028                                   : memory.c.obj (.text:free_list_insert)
                  00005014    00000028                                   : e_sqrtf.c.obj (.text:sqrtf)
                  0000503c    0000001c                                   : copy_zero_init.c.obj (.text:decompress:ZI:__TI_zero_init_nomemset:__TI_zero_init_nomemset)
                  00005058    0000001c                                   : memory.c.obj (.text:free_list_remove)
                  00005074    0000001c                                   : memccpy.c.obj (.text:memccpy)
                  00005090    0000001a                                   : s_copysign.c.obj (.text:copysign)
                  000050aa    00000018                                   : vsnprintf.c.obj (.text:_outc)
                  000050c2    00000018                                   : sprintf.c.obj (.text:_outs)
                  000050da    00000018                                   : s_copysignf.c.obj (.text:copysignf)
                  000050f2    00000018     open_interface.obj (.text:oi_parseInt)
                  0000510a    00000018     rtsv7M4_T_le_v4SPD16_eabi.lib : strcmp.c.obj (.text:strcmp)
                  00005122    00000016                                   : strchr.c.obj (.text:strchr)
                  00005138    00000014                                   : strcpy.c.obj (.text:strcpy)
                  0000514c    00000014                                   : strlen.c.obj (.text:strlen)
                  00005160    00000012                                   : wcslen.c.obj (.text:wcslen)
                  00005172    00000010     driverlib.lib : interrupt.obj (.text:IntMasterEnable)
                  00005182    00000010     lcd.obj (.text:lcd_clear)
                  00005192    0000000e     rtsv7M4_T_le_v4SPD16_eabi.lib : copy_decompress_none.c.obj (.text:decompress:none:__TI_decompress_none)
                  000051a0    0000000c     driverlib.lib : cpu.obj (.text:CPUcpsie)
                  000051ac    0000000c     tm4c123gh6pm_startup_ccs.obj (.text)
                  000051b8    0000000a     rtsv7M4_T_le_v4SPD16_eabi.lib : sprintf.c.obj (.text:_outc)
                  000051c2    00000002     --HOLE-- [fill = 0]
                  000051c4    00000008                                   : errno.c.obj (.text:__aeabi_errno_addr)
                  000051cc    00000008                                   : memory.c.obj (.text:malloc)
                  000051d4    00000004                                   : pre_init.c.obj (.text:_system_pre_init)
                  000051d8    00000004                                   : exit.c.obj (.text:abort:abort)

.const     0    000051dc    00000147     
                  000051dc    00000101     rtsv7M4_T_le_v4SPD16_eabi.lib : ctype.c.obj (.const:.string:_ctypes_)
                  000052dd    00000003     --HOLE-- [fill = 0]
                  000052e0    00000018                                   : e_powf.c.obj (.const:$O1$$)
                  000052f8    0000000f     open_interface.obj (.const:.string:$P$T0$3)
                  00005307    0000000a     iceCreamSong.obj (.const:.string:$P$T0$1)
                  00005311    0000000a     iceCreamSong.obj (.const:.string:$P$T1$2)
                  0000531b    00000004     lcd.obj (.const:.string:lineAddress$1)
                  0000531f    00000004     lcd.obj (.const:.string:lineAddresses$2)

.cinit     0    00005328    00000060     
                  00005328    00000025     (.cinit..data.load) [load image, compression = lzss]
                  0000534d    00000003     --HOLE-- [fill = 0]
                  00005350    0000000c     (__TI_handler_table)
                  0000535c    00000004     --HOLE-- [fill = 0]
                  00005360    00000008     (.cinit..bss.load) [load image, compression = zero_init]
                  00005368    00000008     (.cinit..vtable.load) [load image, compression = zero_init]
                  00005370    00000018     (__TI_cinit_table)

.init_array 
*          0    00000000    00000000     UNINITIALIZED

.vtable    0    20000000    0000026c     UNINITIALIZED
                  20000000    0000026c     driverlib.lib : interrupt.obj (.vtable)

.stack     0    20000270    00001000     UNINITIALIZED
                  20000270    00000004     rtsv7M4_T_le_v4SPD16_eabi.lib : boot_cortex_m.c.obj (.stack)
                  20000274    00000ffc     --HOLE--

.sysmem    0    20001270    00001000     UNINITIALIZED
                  20001270    00000010     rtsv7M4_T_le_v4SPD16_eabi.lib : memory.c.obj (.sysmem)
                  20001280    00000ff0     --HOLE--

.bss       0    20002270    00000078     UNINITIALIZED
                  20002270    00000054     lcd.obj (.bss:lastbuffer$3)
                  200022c4    00000018     open_interface.obj (.bss:firmware$2)
                  200022dc    00000004     (.common:_timeout_ticks)
                  200022e0    00000004     (.common:leftCalVal)
                  200022e4    00000004     (.common:rightCalVal)

.data      0    200022e8    00000058     UNINITIALIZED
                  200022e8    00000020     open_interface.obj (.data)
                  20002308    0000000c     movement.obj (.data)
                  20002314    00000009     ping_template.obj (.data)
                  2000231d    00000001     Timer.obj (.data)
                  2000231e    00000001     button.obj (.data)
                  2000231f    00000001     --HOLE--
                  20002320    00000009     uart-interrupt.obj (.data)
                  20002329    00000003     --HOLE--
                  2000232c    00000008     rtsv7M4_T_le_v4SPD16_eabi.lib : _lock.c.obj (.data:$O1$$)
                  20002334    00000008                                   : memory.c.obj (.data:$O1$$)
                  2000233c    00000004                                   : errno.c.obj (.data)

__llvm_prf_cnts 
*          0    20000000    00000000     UNINITIALIZED

MODULE SUMMARY

       Module                         code    ro data   rw data
       ------                         ----    -------   -------
    .\
       open_interface.obj             3128    15        56     
       main.obj                       1392    0         8      
       movement.obj                   1244    0         12     
       lcd.obj                        824     8         84     
       servo.obj                      776     0         0      
       ping_template.obj              704     0         9      
       uart-interrupt.obj             632     0         9      
       tm4c123gh6pm_startup_ccs.obj   12      620       0      
       Timer.obj                      584     0         5      
       adc.obj                        276     0         0      
       button.obj                     132     0         1      
       iceCreamSong.obj               80      20        0      
    +--+------------------------------+-------+---------+---------+
       Total:                         9784    663       184    
                                                               
    C:/ti/TivaWare_C_Series-2.2.0.295/driverlib/ccs/Debug/driverlib.lib
       interrupt.obj                  68      0         620    
       cpu.obj                        12      0         0      
    +--+------------------------------+-------+---------+---------+
       Total:                         80      0         620    
                                                               
    C:\ti\ccs1271\ccs\tools\compiler\ti-cgt-arm_20.2.7.LTS\lib\rtsv7M4_T_le_v4SPD16_eabi.lib
       _printfi.c.obj                 4851    0         0      
       e_powf.c.obj                   1420    24        0      
       memory.c.obj                   728     0         8      
       fd_add_t2.asm.obj              438     0         0      
       fd_div_t2.asm.obj              310     0         0      
       s_scalbn.c.obj                 272     0         0      
       fd_cmp_t2.asm.obj              268     0         0      
       ctype.c.obj                    0       257       0      
       fd_mul_t2.asm.obj              252     0         0      
       s_scalbnf.c.obj                208     0         0      
       memcpy_t2.asm.obj              156     0         0      
       ull_div_t2.asm.obj             150     0         0      
       vsnprintf.c.obj                136     0         0      
       memset_t2.asm.obj              122     0         0      
       fd_tos_t2.asm.obj              110     0         0      
       copy_decompress_lzss.c.obj     104     0         0      
       s_frexp.c.obj                  100     0         0      
       sprintf.c.obj                  98      0         0      
       _ltoa.c.obj                    84      0         0      
       atoi.c.obj                     76      0         0      
       fd_toi_t2.asm.obj              72      0         0      
       autoinit.c.obj                 68      0         0      
       fs_tod_t2.asm.obj              56      0         0      
       boot_cortex_m.c.obj            52      0         0      
       i_tofd_t2.asm.obj              46      0         0      
       e_sqrtf.c.obj                  40      0         0      
       copy_zero_init.c.obj           28      0         0      
       memccpy.c.obj                  28      0         0      
       s_copysign.c.obj               26      0         0      
       s_copysignf.c.obj              24      0         0      
       strcmp.c.obj                   24      0         0      
       strchr.c.obj                   22      0         0      
       strcpy.c.obj                   20      0         0      
       strlen.c.obj                   20      0         0      
       wcslen.c.obj                   18      0         0      
       copy_decompress_none.c.obj     14      0         0      
       errno.c.obj                    8       0         4      
       _lock.c.obj                    2       0         8      
       exit.c.obj                     4       0         0      
       pre_init.c.obj                 4       0         0      
       div0.asm.obj                   2       0         0      
    +--+------------------------------+-------+---------+---------+
       Total:                         10461   281       20     
                                                               
       Heap:                          0       0         4096   
       Stack:                         0       0         4096   
       Linker Generated:              0       89        0      
    +--+------------------------------+-------+---------+---------+
       Grand Total:                   20325   1033      9016   


LINKER GENERATED COPY TABLES

__TI_cinit_table @ 00005370 records: 3, size/record: 8, table size: 24
	.data: load addr=00005328, load size=00000025 bytes, run addr=200022e8, run size=00000058 bytes, compression=lzss
	.bss: load addr=00005360, load size=00000008 bytes, run addr=20002270, run size=00000078 bytes, compression=zero_init
	.vtable: load addr=00005368, load size=00000008 bytes, run addr=20000000, run size=0000026c bytes, compression=zero_init


LINKER GENERATED HANDLER TABLE

__TI_handler_table @ 00005350 records: 3, size/record: 4, table size: 12
	index: 0, handler: __TI_zero_init
	index: 1, handler: __TI_decompress_lzss
	index: 2, handler: __TI_decompress_none


GLOBAL SYMBOLS: SORTED ALPHABETICALLY BY Name 

address   name                          
-------   ----                          
000051d9  C$$EXIT                       
000051a1  CPUcpsie                      
00000bc3  GPIOF_Handler                 
00005173  IntMasterEnable               
00004f25  IntRegister                   
000051ad  ResetISR                      
00003029  TIMER3B_Handler               
000032c9  UART1_Handler                 
20001270  __STACK_END                   
00001000  __STACK_SIZE                  
20000470  __STACK_TOP                   
00001000  __SYSMEM_SIZE                 
00005370  __TI_CINIT_Base               
00005388  __TI_CINIT_Limit              
00005350  __TI_Handler_Table_Base       
0000535c  __TI_Handler_Table_Limit      
00004db1  __TI_auto_init_nobinit_nopinit
00004b05  __TI_decompress_lzss          
00005193  __TI_decompress_none          
00004c27  __TI_ltoa                     
ffffffff  __TI_pprof_out_hndl           
00000e8d  __TI_printfi                  
ffffffff  __TI_prof_data_size           
ffffffff  __TI_prof_data_start          
00000000  __TI_static_base__            
0000503d  __TI_zero_init_nomemset       
000047ad  __aeabi_cdcmpeq               
000047ad  __aeabi_cdcmple               
00004833  __aeabi_cdrcmple              
00004a97  __aeabi_d2f                   
00004d69  __aeabi_d2iz                  
00003aaf  __aeabi_dadd                  
00003d99  __aeabi_ddiv                  
00004319  __aeabi_dmul                  
00003aa5  __aeabi_dsub                  
000051c5  __aeabi_errno_addr            
00004eed  __aeabi_f2d                   
00004fbd  __aeabi_i2d                   
00003c5b  __aeabi_idiv0                 
00003c5b  __aeabi_ldiv0                 
0000493d  __aeabi_memclr                
0000493d  __aeabi_memclr4               
0000493d  __aeabi_memclr8               
0000467b  __aeabi_memcpy                
0000467b  __aeabi_memcpy4               
0000467b  __aeabi_memcpy8               
0000493f  __aeabi_memset                
0000493f  __aeabi_memset4               
0000493f  __aeabi_memset8               
00004717  __aeabi_uldivmod              
ffffffff  __binit__                     
ffffffff  __c_args__                    
UNDEFED   __mpu_init                    
20000270  __stack                       
20000000  __start___llvm_prf_cnts       
20000000  __stop___llvm_prf_cnts        
00004f59  _c_int00_noargs               
000051dc  _ctypes_                      
2000232c  _lock                         
000018db  _nop                          
2000231d  _running                      
20001270  _sys_memory                   
UNDEFED   _system_post_cinit            
000051d5  _system_pre_init              
200022dc  _timeout_ticks                
20002330  _unlock                       
000051d9  abort                         
00003ff5  adc_init                      
00004219  aligned_alloc                 
00004d1d  atoi                          
ffffffff  binit                         
00002621  bumpDetect                    
000048ed  button_getButton              
000048b9  button_init                   
00004eb5  calloc                        
00001f39  checkBotSensors               
20002320  command_byte                  
20002324  command_flag                  
00005091  copysign                      
000050db  copysignf                     
00005091  copysignl                     
2000233c  errno                         
00004415  free                          
0000287b  freeBot                       
00004b6d  frexp                         
00004b6d  frexpl                        
20002318  g_end_time                    
20000000  g_pfnRAMVectors               
00000000  g_pfnVectors                  
20002314  g_start_time                  
2000231c  g_state                       
0000408b  get_ADC                       
000023d9  get_current_heading           
0000097f  go_charge                     
00005183  lcd_clear                     
00002a89  lcd_gotoLine                  
000028f1  lcd_init                      
00002aef  lcd_printf                    
000029b1  lcd_putc                      
000029e9  lcd_puts                      
000028b5  lcd_reverseNibble             
00002a07  lcd_sendCommand               
00002a45  lcd_sendNibble                
00002ab1  lcd_setCursorPos              
00004109  ldexp                         
000044f9  ldexpf                        
00004109  ldexpl                        
200022e0  leftCalVal                    
000020b5  main                          
000051cd  malloc                        
00004219  memalign                      
00005075  memccpy                       
0000467b  memcpy                        
00004945  memset                        
200022e8  motor_cal_factor_L            
200022ec  motor_cal_factor_R            
000026db  move_backward                 
00002441  move_forward                  
00002553  navAroundObject               
0000026d  oi_alloc                      
00000aa9  oi_checkFirmware              
000002c7  oi_close                      
00000279  oi_free                       
00000ded  oi_getMotorCalibrationLeft    
00000e01  oi_getMotorCalibrationRight   
000002b1  oi_init                       
00000289  oi_init_noupdate              
00000915  oi_loadSong                   
000050f3  oi_parseInt                   
0000032b  oi_parsePacket                
0000096b  oi_play_song                  
0000084b  oi_setLeds                    
00000db1  oi_setMotorCalibration        
0000088f  oi_setWheels                  
00000b51  oi_shutoff_init               
0000098d  oi_uartInit                   
00000a31  oi_uartReceive                
00000a77  oi_uartSendBuff               
00000a15  oi_uartSendChar               
00000a59  oi_uartSendStr                
000002d9  oi_update                     
00003069  ping_getDistance              
00002ee5  ping_init                     
00002f9f  ping_trigger                  
000018dd  powf                          
20002328  receiveByte                   
200022e4  rightCalVal                   
00004109  scalbn                        
000044f9  scalbnf                       
00004109  scalbnl                       
00001f1d  send_message                  
00001ebb  send_scan_data                
00001e69  send_sensor_data              
00002d39  servoCal                      
00002bdd  servo_init                    
00004ccd  setup_ice_cream_jingle        
00004df5  sprintf                       
00005015  sqrtf                         
20002310  stopFlag                      
00005123  strchr                        
0000510b  strcmp                        
00005139  strcpy                        
0000514d  strlen                        
000037ab  timer_getMicros               
00003753  timer_getMillis               
0000368d  timer_init                    
0000372f  timer_pause                   
00003741  timer_resume                  
00003705  timer_stop                    
00003805  timer_waitMicros              
00003837  timer_waitMillis              
00004d09  trigger_ice_cream_jingle      
00002c6f  turnDegree                    
000027f9  turn_left                     
0000276f  turn_right                    
000031a5  uart_interrupt_init           
00003285  uart_receive                  
00003269  uart_sendChar                 
000032ab  uart_sendStr                  
00004e35  vsnprintf                     
00005161  wcslen                        


GLOBAL SYMBOLS: SORTED BY Symbol Address 

address   name                          
-------   ----                          
00000000  __TI_static_base__            
00000000  g_pfnVectors                  
0000026d  oi_alloc                      
00000279  oi_free                       
00000289  oi_init_noupdate              
000002b1  oi_init                       
000002c7  oi_close                      
000002d9  oi_update                     
0000032b  oi_parsePacket                
0000084b  oi_setLeds                    
0000088f  oi_setWheels                  
00000915  oi_loadSong                   
0000096b  oi_play_song                  
0000097f  go_charge                     
0000098d  oi_uartInit                   
00000a15  oi_uartSendChar               
00000a31  oi_uartReceive                
00000a59  oi_uartSendStr                
00000a77  oi_uartSendBuff               
00000aa9  oi_checkFirmware              
00000b51  oi_shutoff_init               
00000bc3  GPIOF_Handler                 
00000db1  oi_setMotorCalibration        
00000ded  oi_getMotorCalibrationLeft    
00000e01  oi_getMotorCalibrationRight   
00000e8d  __TI_printfi                  
00001000  __STACK_SIZE                  
00001000  __SYSMEM_SIZE                 
000018db  _nop                          
000018dd  powf                          
00001e69  send_sensor_data              
00001ebb  send_scan_data                
00001f1d  send_message                  
00001f39  checkBotSensors               
000020b5  main                          
000023d9  get_current_heading           
00002441  move_forward                  
00002553  navAroundObject               
00002621  bumpDetect                    
000026db  move_backward                 
0000276f  turn_right                    
000027f9  turn_left                     
0000287b  freeBot                       
000028b5  lcd_reverseNibble             
000028f1  lcd_init                      
000029b1  lcd_putc                      
000029e9  lcd_puts                      
00002a07  lcd_sendCommand               
00002a45  lcd_sendNibble                
00002a89  lcd_gotoLine                  
00002ab1  lcd_setCursorPos              
00002aef  lcd_printf                    
00002bdd  servo_init                    
00002c6f  turnDegree                    
00002d39  servoCal                      
00002ee5  ping_init                     
00002f9f  ping_trigger                  
00003029  TIMER3B_Handler               
00003069  ping_getDistance              
000031a5  uart_interrupt_init           
00003269  uart_sendChar                 
00003285  uart_receive                  
000032ab  uart_sendStr                  
000032c9  UART1_Handler                 
0000368d  timer_init                    
00003705  timer_stop                    
0000372f  timer_pause                   
00003741  timer_resume                  
00003753  timer_getMillis               
000037ab  timer_getMicros               
00003805  timer_waitMicros              
00003837  timer_waitMillis              
00003aa5  __aeabi_dsub                  
00003aaf  __aeabi_dadd                  
00003c5b  __aeabi_idiv0                 
00003c5b  __aeabi_ldiv0                 
00003d99  __aeabi_ddiv                  
00003ff5  adc_init                      
0000408b  get_ADC                       
00004109  ldexp                         
00004109  ldexpl                        
00004109  scalbn                        
00004109  scalbnl                       
00004219  aligned_alloc                 
00004219  memalign                      
00004319  __aeabi_dmul                  
00004415  free                          
000044f9  ldexpf                        
000044f9  scalbnf                       
0000467b  __aeabi_memcpy                
0000467b  __aeabi_memcpy4               
0000467b  __aeabi_memcpy8               
0000467b  memcpy                        
00004717  __aeabi_uldivmod              
000047ad  __aeabi_cdcmpeq               
000047ad  __aeabi_cdcmple               
00004833  __aeabi_cdrcmple              
000048b9  button_init                   
000048ed  button_getButton              
0000493d  __aeabi_memclr                
0000493d  __aeabi_memclr4               
0000493d  __aeabi_memclr8               
0000493f  __aeabi_memset                
0000493f  __aeabi_memset4               
0000493f  __aeabi_memset8               
00004945  memset                        
00004a97  __aeabi_d2f                   
00004b05  __TI_decompress_lzss          
00004b6d  frexp                         
00004b6d  frexpl                        
00004c27  __TI_ltoa                     
00004ccd  setup_ice_cream_jingle        
00004d09  trigger_ice_cream_jingle      
00004d1d  atoi                          
00004d69  __aeabi_d2iz                  
00004db1  __TI_auto_init_nobinit_nopinit
00004df5  sprintf                       
00004e35  vsnprintf                     
00004eb5  calloc                        
00004eed  __aeabi_f2d                   
00004f25  IntRegister                   
00004f59  _c_int00_noargs               
00004fbd  __aeabi_i2d                   
00005015  sqrtf                         
0000503d  __TI_zero_init_nomemset       
00005075  memccpy                       
00005091  copysign                      
00005091  copysignl                     
000050db  copysignf                     
000050f3  oi_parseInt                   
0000510b  strcmp                        
00005123  strchr                        
00005139  strcpy                        
0000514d  strlen                        
00005161  wcslen                        
00005173  IntMasterEnable               
00005183  lcd_clear                     
00005193  __TI_decompress_none          
000051a1  CPUcpsie                      
000051ad  ResetISR                      
000051c5  __aeabi_errno_addr            
000051cd  malloc                        
000051d5  _system_pre_init              
000051d9  C$$EXIT                       
000051d9  abort                         
000051dc  _ctypes_                      
00005350  __TI_Handler_Table_Base       
0000535c  __TI_Handler_Table_Limit      
00005370  __TI_CINIT_Base               
00005388  __TI_CINIT_Limit              
20000000  __start___llvm_prf_cnts       
20000000  __stop___llvm_prf_cnts        
20000000  g_pfnRAMVectors               
20000270  __stack                       
20000470  __STACK_TOP                   
20001270  __STACK_END                   
20001270  _sys_memory                   
200022dc  _timeout_ticks                
200022e0  leftCalVal                    
200022e4  rightCalVal                   
200022e8  motor_cal_factor_L            
200022ec  motor_cal_factor_R            
20002310  stopFlag                      
20002314  g_start_time                  
20002318  g_end_time                    
2000231c  g_state                       
2000231d  _running                      
20002320  command_byte                  
20002324  command_flag                  
20002328  receiveByte                   
2000232c  _lock                         
20002330  _unlock                       
2000233c  errno                         
ffffffff  __TI_pprof_out_hndl           
ffffffff  __TI_prof_data_size           
ffffffff  __TI_prof_data_start          
ffffffff  __binit__                     
ffffffff  __c_args__                    
ffffffff  binit                         
UNDEFED   __mpu_init                    
UNDEFED   _system_post_cinit            

[181 symbols]
