******************************************************************************
                  TI ARM Linker PC v20.2.7                     
******************************************************************************
>> Linked Wed May  7 15:26:10 2025

OUTPUT FILE NAME:   <shit.out>
ENTRY POINT SYMBOL: "_c_int00_noargs"  address: 000050e5


MEMORY CONFIGURATION

         name            origin    length      used     unused   attr    fill
----------------------  --------  ---------  --------  --------  ----  --------
  FLASH                 00000000   00040000  0000550f  0003aaf1  R  X
  SRAM                  20000000   00008000  00002340  00005cc0  RW X


SEGMENT ALLOCATION MAP

run origin  load origin   length   init length attrs members
----------  ----------- ---------- ----------- ----- -------
00000000    00000000    00005510   00005510    r-x
  00000000    00000000    0000026c   0000026c    r-- .intvecs
  0000026c    0000026c    000050fc   000050fc    r-x .text
  00005368    00005368    00000147   00000147    r-- .const
  000054b0    000054b0    00000060   00000060    r-- .cinit
20000000    20000000    00002348   00000000    rw-
  20000000    20000000    0000026c   00000000    rw- .vtable
  20000270    20000270    00001000   00000000    rw- .stack
  20001270    20001270    00001000   00000000    rw- .sysmem
  20002270    20002270    0000007c   00000000    rw- .bss
  200022f0    200022f0    00000058   00000000    rw- .data


SECTION ALLOCATION MAP

 output                                  attributes/
section   page    origin      length       input sections
--------  ----  ----------  ----------   ----------------
.intvecs   0    00000000    0000026c     
                  00000000    0000026c     tm4c123gh6pm_startup_ccs.obj (.intvecs)

.text      0    0000026c    000050fc     
                  0000026c    00000c20     open_interface.obj (.text)
                  00000e8c    00000a4e     rtsv7M4_T_le_v4SPD16_eabi.lib : _printfi.c.obj (.text:__TI_printfi)
                  000018da    00000002                                   : _lock.c.obj (.text:_nop)
                  000018dc    000006b0     main.obj (.text)
                  00001f8c    0000058c     rtsv7M4_T_le_v4SPD16_eabi.lib : e_powf.c.obj (.text:powf)
                  00002518    000004b4     movement.obj (.text)
                  000029cc    00000328     lcd.obj (.text)
                  00002cf4    00000308     servo.obj (.text)
                  00002ffc    000002c0     ping_template.obj (.text)
                  000032bc    000002a8     uart-interrupt.obj (.text)
                  00003564    00000270     rtsv7M4_T_le_v4SPD16_eabi.lib : _printfi.c.obj (.text:_pconv_a)
                  000037d4    00000248     Timer.obj (.text)
                  00003a1c    000001d0     rtsv7M4_T_le_v4SPD16_eabi.lib : _printfi.c.obj (.text:_pconv_g)
                  00003bec    000001b6                                   : fd_add_t2.asm.obj (.text)
                  00003da2    00000002                                   : div0.asm.obj (.text)
                  00003da4    00000158     adc.obj (.text)
                  00003efc    0000013c     rtsv7M4_T_le_v4SPD16_eabi.lib : _printfi.c.obj (.text:_pconv_e)
                  00004038    00000136                                   : fd_div_t2.asm.obj (.text)
                  0000416e    00000002     --HOLE-- [fill = 0]
                  00004170    00000124                                   : _printfi.c.obj (.text:fcvt)
                  00004294    00000110                                   : s_scalbn.c.obj (.text:scalbn)
                  000043a4    00000100                                   : memory.c.obj (.text:aligned_alloc)
                  000044a4    000000fc                                   : fd_mul_t2.asm.obj (.text)
                  000045a0    000000e4                                   : memory.c.obj (.text:free)
                  00004684    000000d0                                   : s_scalbnf.c.obj (.text:scalbnf)
                  00004754    000000b1                                   : _printfi.c.obj (.text:_ltostr)
                  00004805    00000001     --HOLE-- [fill = 0]
                  00004806    0000009c                                   : memcpy_t2.asm.obj (.text)
                  000048a2    00000096                                   : ull_div_t2.asm.obj (.text)
                  00004938    00000086                                   : fd_cmp_t2.asm.obj (.text:__aeabi_cdcmple)
                  000049be    00000086                                   : fd_cmp_t2.asm.obj (.text:__aeabi_cdrcmple)
                  00004a44    00000084     button.obj (.text)
                  00004ac8    0000007a     rtsv7M4_T_le_v4SPD16_eabi.lib : memset_t2.asm.obj (.text)
                  00004b42    00000002     --HOLE-- [fill = 0]
                  00004b44    00000070                                   : memory.c.obj (.text:split)
                  00004bb4    0000006e                                   : _printfi.c.obj (.text:_mcpy)
                  00004c22    0000006e                                   : fd_tos_t2.asm.obj (.text)
                  00004c90    00000068                                   : copy_decompress_lzss.c.obj (.text:decompress:lzss:__TI_decompress_lzss)
                  00004cf8    00000064                                   : s_frexp.c.obj (.text:frexp)
                  00004d5c    00000056                                   : _printfi.c.obj (.text:_pconv_f)
                  00004db2    00000054                                   : _ltoa.c.obj (.text:__TI_ltoa)
                  00004e06    00000052                                   : _printfi.c.obj (.text:_ecpy)
                  00004e58    00000050     iceCreamSong.obj (.text)
                  00004ea8    0000004c     rtsv7M4_T_le_v4SPD16_eabi.lib : atoi.c.obj (.text:atoi)
                  00004ef4    00000048                                   : fd_toi_t2.asm.obj (.text)
                  00004f3c    00000044                                   : autoinit.c.obj (.text:__TI_auto_init_nobinit_nopinit:__TI_auto_init_nobinit_nopinit)
                  00004f80    00000040                                   : sprintf.c.obj (.text:sprintf)
                  00004fc0    00000040                                   : vsnprintf.c.obj (.text:vsnprintf)
                  00005000    0000003e                                   : _printfi.c.obj (.text:_fcpy)
                  0000503e    00000002     --HOLE-- [fill = 0]
                  00005040    00000038                                   : memory.c.obj (.text:calloc)
                  00005078    00000038                                   : fs_tod_t2.asm.obj (.text)
                  000050b0    00000034     driverlib.lib : interrupt.obj (.text:IntRegister)
                  000050e4    00000034     rtsv7M4_T_le_v4SPD16_eabi.lib : boot_cortex_m.c.obj (.text:_c_int00_noargs:_c_int00_noargs)
                  00005118    00000030                                   : vsnprintf.c.obj (.text:_outs)
                  00005148    0000002e                                   : i_tofd_t2.asm.obj (.text)
                  00005176    00000002     --HOLE-- [fill = 0]
                  00005178    00000028                                   : memory.c.obj (.text:free_list_insert)
                  000051a0    00000028                                   : e_sqrtf.c.obj (.text:sqrtf)
                  000051c8    0000001c                                   : copy_zero_init.c.obj (.text:decompress:ZI:__TI_zero_init_nomemset:__TI_zero_init_nomemset)
                  000051e4    0000001c                                   : memory.c.obj (.text:free_list_remove)
                  00005200    0000001c                                   : memccpy.c.obj (.text:memccpy)
                  0000521c    0000001a                                   : s_copysign.c.obj (.text:copysign)
                  00005236    00000018                                   : vsnprintf.c.obj (.text:_outc)
                  0000524e    00000018                                   : sprintf.c.obj (.text:_outs)
                  00005266    00000018                                   : s_copysignf.c.obj (.text:copysignf)
                  0000527e    00000018     open_interface.obj (.text:oi_parseInt)
                  00005296    00000018     rtsv7M4_T_le_v4SPD16_eabi.lib : strcmp.c.obj (.text:strcmp)
                  000052ae    00000016                                   : strchr.c.obj (.text:strchr)
                  000052c4    00000014                                   : strcpy.c.obj (.text:strcpy)
                  000052d8    00000014                                   : strlen.c.obj (.text:strlen)
                  000052ec    00000012                                   : wcslen.c.obj (.text:wcslen)
                  000052fe    00000010     driverlib.lib : interrupt.obj (.text:IntMasterEnable)
                  0000530e    00000010     lcd.obj (.text:lcd_clear)
                  0000531e    0000000e     rtsv7M4_T_le_v4SPD16_eabi.lib : copy_decompress_none.c.obj (.text:decompress:none:__TI_decompress_none)
                  0000532c    0000000c     driverlib.lib : cpu.obj (.text:CPUcpsie)
                  00005338    0000000c     tm4c123gh6pm_startup_ccs.obj (.text)
                  00005344    0000000a     rtsv7M4_T_le_v4SPD16_eabi.lib : sprintf.c.obj (.text:_outc)
                  0000534e    00000002     --HOLE-- [fill = 0]
                  00005350    00000008                                   : errno.c.obj (.text:__aeabi_errno_addr)
                  00005358    00000008                                   : memory.c.obj (.text:malloc)
                  00005360    00000004                                   : pre_init.c.obj (.text:_system_pre_init)
                  00005364    00000004                                   : exit.c.obj (.text:abort:abort)

.const     0    00005368    00000147     
                  00005368    00000101     rtsv7M4_T_le_v4SPD16_eabi.lib : ctype.c.obj (.const:.string:_ctypes_)
                  00005469    00000003     --HOLE-- [fill = 0]
                  0000546c    00000018                                   : e_powf.c.obj (.const:$O1$$)
                  00005484    0000000f     open_interface.obj (.const:.string:$P$T0$3)
                  00005493    0000000a     iceCreamSong.obj (.const:.string:$P$T0$1)
                  0000549d    0000000a     iceCreamSong.obj (.const:.string:$P$T1$2)
                  000054a7    00000004     lcd.obj (.const:.string:lineAddress$1)
                  000054ab    00000004     lcd.obj (.const:.string:lineAddresses$2)

.cinit     0    000054b0    00000060     
                  000054b0    00000025     (.cinit..data.load) [load image, compression = lzss]
                  000054d5    00000003     --HOLE-- [fill = 0]
                  000054d8    0000000c     (__TI_handler_table)
                  000054e4    00000004     --HOLE-- [fill = 0]
                  000054e8    00000008     (.cinit..bss.load) [load image, compression = zero_init]
                  000054f0    00000008     (.cinit..vtable.load) [load image, compression = zero_init]
                  000054f8    00000018     (__TI_cinit_table)

.init_array 
*          0    00000000    00000000     UNINITIALIZED

.vtable    0    20000000    0000026c     UNINITIALIZED
                  20000000    0000026c     driverlib.lib : interrupt.obj (.vtable)

.stack     0    20000270    00001000     UNINITIALIZED
                  20000270    00000004     rtsv7M4_T_le_v4SPD16_eabi.lib : boot_cortex_m.c.obj (.stack)
                  20000274    00000ffc     --HOLE--

.sysmem    0    20001270    00001000     UNINITIALIZED
                  20001270    00000010     rtsv7M4_T_le_v4SPD16_eabi.lib : memory.c.obj (.sysmem)
                  20001280    00000ff0     --HOLE--

.bss       0    20002270    0000007c     UNINITIALIZED
                  20002270    00000054     lcd.obj (.bss:lastbuffer$3)
                  200022c4    00000018     open_interface.obj (.bss:firmware$2)
                  200022dc    00000004     (.common:_timeout_ticks)
                  200022e0    00000004     (.common:currentHeading)
                  200022e4    00000004     (.common:leftCalVal)
                  200022e8    00000004     (.common:rightCalVal)

.data      0    200022f0    00000058     UNINITIALIZED
                  200022f0    00000020     open_interface.obj (.data)
                  20002310    0000000c     movement.obj (.data)
                  2000231c    00000009     ping_template.obj (.data)
                  20002325    00000001     Timer.obj (.data)
                  20002326    00000001     button.obj (.data)
                  20002327    00000001     --HOLE--
                  20002328    00000009     uart-interrupt.obj (.data)
                  20002331    00000003     --HOLE--
                  20002334    00000008     rtsv7M4_T_le_v4SPD16_eabi.lib : _lock.c.obj (.data:$O1$$)
                  2000233c    00000008                                   : memory.c.obj (.data:$O1$$)
                  20002344    00000004                                   : errno.c.obj (.data)

__llvm_prf_cnts 
*          0    20000000    00000000     UNINITIALIZED

MODULE SUMMARY

       Module                         code    ro data   rw data
       ------                         ----    -------   -------
    .\
       open_interface.obj             3128    15        56     
       main.obj                       1712    0         12     
       movement.obj                   1204    0         12     
       lcd.obj                        824     8         84     
       servo.obj                      776     0         0      
       ping_template.obj              704     0         9      
       uart-interrupt.obj             680     0         9      
       tm4c123gh6pm_startup_ccs.obj   12      620       0      
       Timer.obj                      584     0         5      
       adc.obj                        344     0         0      
       button.obj                     132     0         1      
       iceCreamSong.obj               80      20        0      
    +--+------------------------------+-------+---------+---------+
       Total:                         10180   663       188    
                                                               
    C:/ti/TivaWare_C_Series-2.2.0.295/driverlib/ccs/Debug/driverlib.lib
       interrupt.obj                  68      0         620    
       cpu.obj                        12      0         0      
    +--+------------------------------+-------+---------+---------+
       Total:                         80      0         620    
                                                               
    C:\ti\ccs1271\ccs\tools\compiler\ti-cgt-arm_20.2.7.LTS\lib\rtsv7M4_T_le_v4SPD16_eabi.lib
       _printfi.c.obj                 4851    0         0      
       e_powf.c.obj                   1420    24        0      
       memory.c.obj                   728     0         8      
       fd_add_t2.asm.obj              438     0         0      
       fd_div_t2.asm.obj              310     0         0      
       s_scalbn.c.obj                 272     0         0      
       fd_cmp_t2.asm.obj              268     0         0      
       ctype.c.obj                    0       257       0      
       fd_mul_t2.asm.obj              252     0         0      
       s_scalbnf.c.obj                208     0         0      
       memcpy_t2.asm.obj              156     0         0      
       ull_div_t2.asm.obj             150     0         0      
       vsnprintf.c.obj                136     0         0      
       memset_t2.asm.obj              122     0         0      
       fd_tos_t2.asm.obj              110     0         0      
       copy_decompress_lzss.c.obj     104     0         0      
       s_frexp.c.obj                  100     0         0      
       sprintf.c.obj                  98      0         0      
       _ltoa.c.obj                    84      0         0      
       atoi.c.obj                     76      0         0      
       fd_toi_t2.asm.obj              72      0         0      
       autoinit.c.obj                 68      0         0      
       fs_tod_t2.asm.obj              56      0         0      
       boot_cortex_m.c.obj            52      0         0      
       i_tofd_t2.asm.obj              46      0         0      
       e_sqrtf.c.obj                  40      0         0      
       copy_zero_init.c.obj           28      0         0      
       memccpy.c.obj                  28      0         0      
       s_copysign.c.obj               26      0         0      
       s_copysignf.c.obj              24      0         0      
       strcmp.c.obj                   24      0         0      
       strchr.c.obj                   22      0         0      
       strcpy.c.obj                   20      0         0      
       strlen.c.obj                   20      0         0      
       wcslen.c.obj                   18      0         0      
       copy_decompress_none.c.obj     14      0         0      
       errno.c.obj                    8       0         4      
       _lock.c.obj                    2       0         8      
       exit.c.obj                     4       0         0      
       pre_init.c.obj                 4       0         0      
       div0.asm.obj                   2       0         0      
    +--+------------------------------+-------+---------+---------+
       Total:                         10461   281       20     
                                                               
       Heap:                          0       0         4096   
       Stack:                         0       0         4096   
       Linker Generated:              0       89        0      
    +--+------------------------------+-------+---------+---------+
       Grand Total:                   20721   1033      9020   


LINKER GENERATED COPY TABLES

__TI_cinit_table @ 000054f8 records: 3, size/record: 8, table size: 24
	.data: load addr=000054b0, load size=00000025 bytes, run addr=200022f0, run size=00000058 bytes, compression=lzss
	.bss: load addr=000054e8, load size=00000008 bytes, run addr=20002270, run size=0000007c bytes, compression=zero_init
	.vtable: load addr=000054f0, load size=00000008 bytes, run addr=20000000, run size=0000026c bytes, compression=zero_init


LINKER GENERATED HANDLER TABLE

__TI_handler_table @ 000054d8 records: 3, size/record: 4, table size: 12
	index: 0, handler: __TI_zero_init
	index: 1, handler: __TI_decompress_lzss
	index: 2, handler: __TI_decompress_none


GLOBAL SYMBOLS: SORTED ALPHABETICALLY BY Name 

address   name                          
-------   ----                          
00005365  C$$EXIT                       
0000532d  CPUcpsie                      
00000bc3  GPIOF_Handler                 
000052ff  IntMasterEnable               
000050b1  IntRegister                   
00005339  ResetISR                      
00003141  TIMER3B_Handler               
000033e1  UART1_Handler                 
20001270  __STACK_END                   
00001000  __STACK_SIZE                  
20000470  __STACK_TOP                   
00001000  __SYSMEM_SIZE                 
000054f8  __TI_CINIT_Base               
00005510  __TI_CINIT_Limit              
000054d8  __TI_Handler_Table_Base       
000054e4  __TI_Handler_Table_Limit      
00004f3d  __TI_auto_init_nobinit_nopinit
00004c91  __TI_decompress_lzss          
0000531f  __TI_decompress_none          
00004db3  __TI_ltoa                     
ffffffff  __TI_pprof_out_hndl           
00000e8d  __TI_printfi                  
ffffffff  __TI_prof_data_size           
ffffffff  __TI_prof_data_start          
00000000  __TI_static_base__            
000051c9  __TI_zero_init_nomemset       
00004939  __aeabi_cdcmpeq               
00004939  __aeabi_cdcmple               
000049bf  __aeabi_cdrcmple              
00004c23  __aeabi_d2f                   
00004ef5  __aeabi_d2iz                  
00003bf7  __aeabi_dadd                  
00004039  __aeabi_ddiv                  
000044a5  __aeabi_dmul                  
00003bed  __aeabi_dsub                  
00005351  __aeabi_errno_addr            
00005079  __aeabi_f2d                   
00005149  __aeabi_i2d                   
00003da3  __aeabi_idiv0                 
00003da3  __aeabi_ldiv0                 
00004ac9  __aeabi_memclr                
00004ac9  __aeabi_memclr4               
00004ac9  __aeabi_memclr8               
00004807  __aeabi_memcpy                
00004807  __aeabi_memcpy4               
00004807  __aeabi_memcpy8               
00004acb  __aeabi_memset                
00004acb  __aeabi_memset4               
00004acb  __aeabi_memset8               
000048a3  __aeabi_uldivmod              
ffffffff  __binit__                     
ffffffff  __c_args__                    
UNDEFED   __mpu_init                    
20000270  __stack                       
20000000  __start___llvm_prf_cnts       
20000000  __stop___llvm_prf_cnts        
000050e5  _c_int00_noargs               
00005368  _ctypes_                      
20002334  _lock                         
000018db  _nop                          
20002325  _running                      
20001270  _sys_memory                   
UNDEFED   _system_post_cinit            
00005361  _system_pre_init              
200022dc  _timeout_ticks                
20002338  _unlock                       
00005365  abort                         
00003da5  adc_init                      
000043a5  aligned_alloc                 
00004ea9  atoi                          
ffffffff  binit                         
0000274d  bumpDetect                    
00004a79  button_getButton              
00004a45  button_init                   
00005041  calloc                        
000019eb  checkBotSensors               
20002328  command_byte                  
2000232c  command_flag                  
0000521d  copysign                      
00005267  copysignf                     
0000521d  copysignl                     
200022e0  currentHeading                
20002344  errno                         
000045a1  free                          
00002995  freeBot                       
00004cf9  frexp                         
00004cf9  frexpl                        
20002320  g_end_time                    
20000000  g_pfnRAMVectors               
00000000  g_pfnVectors                  
2000231c  g_start_time                  
20002324  g_state                       
00003e3b  get_ADC                       
00003e6d  get_avgADC                    
00002519  get_current_heading           
0000097f  go_charge                     
0000530f  lcd_clear                     
00002ba1  lcd_gotoLine                  
00002a09  lcd_init                      
00002c07  lcd_printf                    
00002ac9  lcd_putc                      
00002b01  lcd_puts                      
000029cd  lcd_reverseNibble             
00002b1f  lcd_sendCommand               
00002b5d  lcd_sendNibble                
00002bc9  lcd_setCursorPos              
00004295  ldexp                         
00004685  ldexpf                        
00004295  ldexpl                        
200022e4  leftCalVal                    
00001bfd  main                          
00005359  malloc                        
000043a5  memalign                      
00005201  memccpy                       
00004807  memcpy                        
00004ad1  memset                        
200022f0  motor_cal_factor_L            
200022f4  motor_cal_factor_R            
00002811  move_backward                 
00002581  move_forward                  
00002687  navAroundObject               
0000026d  oi_alloc                      
00000aa9  oi_checkFirmware              
000002c7  oi_close                      
00000279  oi_free                       
00000ded  oi_getMotorCalibrationLeft    
00000e01  oi_getMotorCalibrationRight   
000002b1  oi_init                       
00000289  oi_init_noupdate              
00000915  oi_loadSong                   
0000527f  oi_parseInt                   
0000032b  oi_parsePacket                
0000096b  oi_play_song                  
0000084b  oi_setLeds                    
00000db1  oi_setMotorCalibration        
0000088f  oi_setWheels                  
00000b51  oi_shutoff_init               
0000098d  oi_uartInit                   
00000a31  oi_uartReceive                
00000a77  oi_uartSendBuff               
00000a15  oi_uartSendChar               
00000a59  oi_uartSendStr                
000002d9  oi_update                     
00003181  ping_getDistance              
00002ffd  ping_init                     
000030b7  ping_trigger                  
00001f8d  powf                          
20002330  receiveByte                   
200022e8  rightCalVal                   
00004295  scalbn                        
00004685  scalbnf                       
00004295  scalbnl                       
00001997  send_message                  
000019b3  send_movemessage              
00001935  send_scan_data                
000018dd  send_sensor_data              
00002e51  servoCal                      
00002cf5  servo_init                    
00004e59  setup_ice_cream_jingle        
00004f81  sprintf                       
000051a1  sqrtf                         
20002318  stopFlag                      
000052af  strchr                        
00005297  strcmp                        
000052c5  strcpy                        
000052d9  strlen                        
000038f3  timer_getMicros               
0000389b  timer_getMillis               
000037d5  timer_init                    
00003877  timer_pause                   
00003889  timer_resume                  
0000384d  timer_stop                    
0000394d  timer_waitMicros              
0000397f  timer_waitMillis              
00004e95  trigger_ice_cream_jingle      
00002d87  turnDegree                    
00002913  turn_left                     
00002889  turn_right                    
000032bd  uart_interrupt_init           
0000339d  uart_receive                  
00003381  uart_sendChar                 
000033c3  uart_sendStr                  
00004fc1  vsnprintf                     
000052ed  wcslen                        


GLOBAL SYMBOLS: SORTED BY Symbol Address 

address   name                          
-------   ----                          
00000000  __TI_static_base__            
00000000  g_pfnVectors                  
0000026d  oi_alloc                      
00000279  oi_free                       
00000289  oi_init_noupdate              
000002b1  oi_init                       
000002c7  oi_close                      
000002d9  oi_update                     
0000032b  oi_parsePacket                
0000084b  oi_setLeds                    
0000088f  oi_setWheels                  
00000915  oi_loadSong                   
0000096b  oi_play_song                  
0000097f  go_charge                     
0000098d  oi_uartInit                   
00000a15  oi_uartSendChar               
00000a31  oi_uartReceive                
00000a59  oi_uartSendStr                
00000a77  oi_uartSendBuff               
00000aa9  oi_checkFirmware              
00000b51  oi_shutoff_init               
00000bc3  GPIOF_Handler                 
00000db1  oi_setMotorCalibration        
00000ded  oi_getMotorCalibrationLeft    
00000e01  oi_getMotorCalibrationRight   
00000e8d  __TI_printfi                  
00001000  __STACK_SIZE                  
00001000  __SYSMEM_SIZE                 
000018db  _nop                          
000018dd  send_sensor_data              
00001935  send_scan_data                
00001997  send_message                  
000019b3  send_movemessage              
000019eb  checkBotSensors               
00001bfd  main                          
00001f8d  powf                          
00002519  get_current_heading           
00002581  move_forward                  
00002687  navAroundObject               
0000274d  bumpDetect                    
00002811  move_backward                 
00002889  turn_right                    
00002913  turn_left                     
00002995  freeBot                       
000029cd  lcd_reverseNibble             
00002a09  lcd_init                      
00002ac9  lcd_putc                      
00002b01  lcd_puts                      
00002b1f  lcd_sendCommand               
00002b5d  lcd_sendNibble                
00002ba1  lcd_gotoLine                  
00002bc9  lcd_setCursorPos              
00002c07  lcd_printf                    
00002cf5  servo_init                    
00002d87  turnDegree                    
00002e51  servoCal                      
00002ffd  ping_init                     
000030b7  ping_trigger                  
00003141  TIMER3B_Handler               
00003181  ping_getDistance              
000032bd  uart_interrupt_init           
00003381  uart_sendChar                 
0000339d  uart_receive                  
000033c3  uart_sendStr                  
000033e1  UART1_Handler                 
000037d5  timer_init                    
0000384d  timer_stop                    
00003877  timer_pause                   
00003889  timer_resume                  
0000389b  timer_getMillis               
000038f3  timer_getMicros               
0000394d  timer_waitMicros              
0000397f  timer_waitMillis              
00003bed  __aeabi_dsub                  
00003bf7  __aeabi_dadd                  
00003da3  __aeabi_idiv0                 
00003da3  __aeabi_ldiv0                 
00003da5  adc_init                      
00003e3b  get_ADC                       
00003e6d  get_avgADC                    
00004039  __aeabi_ddiv                  
00004295  ldexp                         
00004295  ldexpl                        
00004295  scalbn                        
00004295  scalbnl                       
000043a5  aligned_alloc                 
000043a5  memalign                      
000044a5  __aeabi_dmul                  
000045a1  free                          
00004685  ldexpf                        
00004685  scalbnf                       
00004807  __aeabi_memcpy                
00004807  __aeabi_memcpy4               
00004807  __aeabi_memcpy8               
00004807  memcpy                        
000048a3  __aeabi_uldivmod              
00004939  __aeabi_cdcmpeq               
00004939  __aeabi_cdcmple               
000049bf  __aeabi_cdrcmple              
00004a45  button_init                   
00004a79  button_getButton              
00004ac9  __aeabi_memclr                
00004ac9  __aeabi_memclr4               
00004ac9  __aeabi_memclr8               
00004acb  __aeabi_memset                
00004acb  __aeabi_memset4               
00004acb  __aeabi_memset8               
00004ad1  memset                        
00004c23  __aeabi_d2f                   
00004c91  __TI_decompress_lzss          
00004cf9  frexp                         
00004cf9  frexpl                        
00004db3  __TI_ltoa                     
00004e59  setup_ice_cream_jingle        
00004e95  trigger_ice_cream_jingle      
00004ea9  atoi                          
00004ef5  __aeabi_d2iz                  
00004f3d  __TI_auto_init_nobinit_nopinit
00004f81  sprintf                       
00004fc1  vsnprintf                     
00005041  calloc                        
00005079  __aeabi_f2d                   
000050b1  IntRegister                   
000050e5  _c_int00_noargs               
00005149  __aeabi_i2d                   
000051a1  sqrtf                         
000051c9  __TI_zero_init_nomemset       
00005201  memccpy                       
0000521d  copysign                      
0000521d  copysignl                     
00005267  copysignf                     
0000527f  oi_parseInt                   
00005297  strcmp                        
000052af  strchr                        
000052c5  strcpy                        
000052d9  strlen                        
000052ed  wcslen                        
000052ff  IntMasterEnable               
0000530f  lcd_clear                     
0000531f  __TI_decompress_none          
0000532d  CPUcpsie                      
00005339  ResetISR                      
00005351  __aeabi_errno_addr            
00005359  malloc                        
00005361  _system_pre_init              
00005365  C$$EXIT                       
00005365  abort                         
00005368  _ctypes_                      
000054d8  __TI_Handler_Table_Base       
000054e4  __TI_Handler_Table_Limit      
000054f8  __TI_CINIT_Base               
00005510  __TI_CINIT_Limit              
20000000  __start___llvm_prf_cnts       
20000000  __stop___llvm_prf_cnts        
20000000  g_pfnRAMVectors               
20000270  __stack                       
20000470  __STACK_TOP                   
20001270  __STACK_END                   
20001270  _sys_memory                   
200022dc  _timeout_ticks                
200022e0  currentHeading                
200022e4  leftCalVal                    
200022e8  rightCalVal                   
200022f0  motor_cal_factor_L            
200022f4  motor_cal_factor_R            
20002318  stopFlag                      
2000231c  g_start_time                  
20002320  g_end_time                    
20002324  g_state                       
20002325  _running                      
20002328  command_byte                  
2000232c  command_flag                  
20002330  receiveByte                   
20002334  _lock                         
20002338  _unlock                       
20002344  errno                         
ffffffff  __TI_pprof_out_hndl           
ffffffff  __TI_prof_data_size           
ffffffff  __TI_prof_data_start          
ffffffff  __binit__                     
ffffffff  __c_args__                    
ffffffff  binit                         
UNDEFED   __mpu_init                    
UNDEFED   _system_post_cinit            

[184 symbols]
