<?xml version="1.0" encoding="ISO-8859-1" ?>
<link_info>
   <banner>TI ARM Linker PC v20.2.7.LTS</banner>
   <copyright>Copyright (c) 1996-2018 Texas Instruments Incorporated</copyright>
   <link_time>0x681a77f1</link_time>
   <link_errors>0x0</link_errors>
   <output_file>shit.out</output_file>
   <entry_point>
      <name>_c_int00_noargs</name>
      <address>0x5015</address>
   </entry_point>
   <input_file_list>
      <input_file id="fl-2">
         <path>.\</path>
         <kind>object</kind>
         <file>Timer.obj</file>
         <name>Timer.obj</name>
      </input_file>
      <input_file id="fl-3">
         <path>.\</path>
         <kind>object</kind>
         <file>adc.obj</file>
         <name>adc.obj</name>
      </input_file>
      <input_file id="fl-4">
         <path>.\</path>
         <kind>object</kind>
         <file>button.obj</file>
         <name>button.obj</name>
      </input_file>
      <input_file id="fl-5">
         <path>.\</path>
         <kind>object</kind>
         <file>iceCreamSong.obj</file>
         <name>iceCreamSong.obj</name>
      </input_file>
      <input_file id="fl-6">
         <path>.\</path>
         <kind>object</kind>
         <file>lcd.obj</file>
         <name>lcd.obj</name>
      </input_file>
      <input_file id="fl-7">
         <path>.\</path>
         <kind>object</kind>
         <file>main.obj</file>
         <name>main.obj</name>
      </input_file>
      <input_file id="fl-8">
         <path>.\</path>
         <kind>object</kind>
         <file>movement.obj</file>
         <name>movement.obj</name>
      </input_file>
      <input_file id="fl-9">
         <path>.\</path>
         <kind>object</kind>
         <file>open_interface.obj</file>
         <name>open_interface.obj</name>
      </input_file>
      <input_file id="fl-a">
         <path>.\</path>
         <kind>object</kind>
         <file>ping_template.obj</file>
         <name>ping_template.obj</name>
      </input_file>
      <input_file id="fl-b">
         <path>.\</path>
         <kind>object</kind>
         <file>servo.obj</file>
         <name>servo.obj</name>
      </input_file>
      <input_file id="fl-c">
         <path>.\</path>
         <kind>object</kind>
         <file>tm4c123gh6pm_startup_ccs.obj</file>
         <name>tm4c123gh6pm_startup_ccs.obj</name>
      </input_file>
      <input_file id="fl-d">
         <path>.\</path>
         <kind>object</kind>
         <file>uart-interrupt.obj</file>
         <name>uart-interrupt.obj</name>
      </input_file>
      <input_file id="fl-e">
         <path>.\</path>
         <kind>object</kind>
         <file>uart.obj</file>
         <name>uart.obj</name>
      </input_file>
      <input_file id="fl-13">
         <kind>object</kind>
         <file>&lt;internal&gt;</file>
         <name>&lt;internal&gt;</name>
      </input_file>
      <input_file id="fl-c9">
         <path>C:\ti\ccs1271\ccs\tools\compiler\ti-cgt-arm_20.2.7.LTS\lib\</path>
         <kind>archive</kind>
         <file>rtsv7M4_T_le_v4SPD16_eabi.lib</file>
         <name>e_powf.c.obj</name>
      </input_file>
      <input_file id="fl-ca">
         <path>C:\ti\ccs1271\ccs\tools\compiler\ti-cgt-arm_20.2.7.LTS\lib\</path>
         <kind>archive</kind>
         <file>rtsv7M4_T_le_v4SPD16_eabi.lib</file>
         <name>e_sqrtf.c.obj</name>
      </input_file>
      <input_file id="fl-cb">
         <path>C:\ti\ccs1271\ccs\tools\compiler\ti-cgt-arm_20.2.7.LTS\lib\</path>
         <kind>archive</kind>
         <file>rtsv7M4_T_le_v4SPD16_eabi.lib</file>
         <name>s_scalbnf.c.obj</name>
      </input_file>
      <input_file id="fl-cc">
         <path>C:\ti\ccs1271\ccs\tools\compiler\ti-cgt-arm_20.2.7.LTS\lib\</path>
         <kind>archive</kind>
         <file>rtsv7M4_T_le_v4SPD16_eabi.lib</file>
         <name>sprintf.c.obj</name>
      </input_file>
      <input_file id="fl-cd">
         <path>C:\ti\ccs1271\ccs\tools\compiler\ti-cgt-arm_20.2.7.LTS\lib\</path>
         <kind>archive</kind>
         <file>rtsv7M4_T_le_v4SPD16_eabi.lib</file>
         <name>vsnprintf.c.obj</name>
      </input_file>
      <input_file id="fl-ce">
         <path>C:\ti\ccs1271\ccs\tools\compiler\ti-cgt-arm_20.2.7.LTS\lib\</path>
         <kind>archive</kind>
         <file>rtsv7M4_T_le_v4SPD16_eabi.lib</file>
         <name>s_copysignf.c.obj</name>
      </input_file>
      <input_file id="fl-cf">
         <path>C:\ti\ccs1271\ccs\tools\compiler\ti-cgt-arm_20.2.7.LTS\lib\</path>
         <kind>archive</kind>
         <file>rtsv7M4_T_le_v4SPD16_eabi.lib</file>
         <name>fd_add_t2.asm.obj</name>
      </input_file>
      <input_file id="fl-d0">
         <path>C:\ti\ccs1271\ccs\tools\compiler\ti-cgt-arm_20.2.7.LTS\lib\</path>
         <kind>archive</kind>
         <file>rtsv7M4_T_le_v4SPD16_eabi.lib</file>
         <name>fd_cmp_t2.asm.obj</name>
      </input_file>
      <input_file id="fl-d1">
         <path>C:\ti\ccs1271\ccs\tools\compiler\ti-cgt-arm_20.2.7.LTS\lib\</path>
         <kind>archive</kind>
         <file>rtsv7M4_T_le_v4SPD16_eabi.lib</file>
         <name>fd_div_t2.asm.obj</name>
      </input_file>
      <input_file id="fl-d2">
         <path>C:\ti\ccs1271\ccs\tools\compiler\ti-cgt-arm_20.2.7.LTS\lib\</path>
         <kind>archive</kind>
         <file>rtsv7M4_T_le_v4SPD16_eabi.lib</file>
         <name>fd_mul_t2.asm.obj</name>
      </input_file>
      <input_file id="fl-d3">
         <path>C:\ti\ccs1271\ccs\tools\compiler\ti-cgt-arm_20.2.7.LTS\lib\</path>
         <kind>archive</kind>
         <file>rtsv7M4_T_le_v4SPD16_eabi.lib</file>
         <name>fd_tos_t2.asm.obj</name>
      </input_file>
      <input_file id="fl-d4">
         <path>C:\ti\ccs1271\ccs\tools\compiler\ti-cgt-arm_20.2.7.LTS\lib\</path>
         <kind>archive</kind>
         <file>rtsv7M4_T_le_v4SPD16_eabi.lib</file>
         <name>fs_tod_t2.asm.obj</name>
      </input_file>
      <input_file id="fl-d5">
         <path>C:\ti\ccs1271\ccs\tools\compiler\ti-cgt-arm_20.2.7.LTS\lib\</path>
         <kind>archive</kind>
         <file>rtsv7M4_T_le_v4SPD16_eabi.lib</file>
         <name>i_tofd_t2.asm.obj</name>
      </input_file>
      <input_file id="fl-d6">
         <path>C:\ti\ccs1271\ccs\tools\compiler\ti-cgt-arm_20.2.7.LTS\lib\</path>
         <kind>archive</kind>
         <file>rtsv7M4_T_le_v4SPD16_eabi.lib</file>
         <name>memcpy_t2.asm.obj</name>
      </input_file>
      <input_file id="fl-d7">
         <path>C:\ti\ccs1271\ccs\tools\compiler\ti-cgt-arm_20.2.7.LTS\lib\</path>
         <kind>archive</kind>
         <file>rtsv7M4_T_le_v4SPD16_eabi.lib</file>
         <name>copy_zero_init.c.obj</name>
      </input_file>
      <input_file id="fl-d8">
         <path>C:\ti\ccs1271\ccs\tools\compiler\ti-cgt-arm_20.2.7.LTS\lib\</path>
         <kind>archive</kind>
         <file>rtsv7M4_T_le_v4SPD16_eabi.lib</file>
         <name>copy_decompress_none.c.obj</name>
      </input_file>
      <input_file id="fl-d9">
         <path>C:\ti\ccs1271\ccs\tools\compiler\ti-cgt-arm_20.2.7.LTS\lib\</path>
         <kind>archive</kind>
         <file>rtsv7M4_T_le_v4SPD16_eabi.lib</file>
         <name>copy_decompress_lzss.c.obj</name>
      </input_file>
      <input_file id="fl-da">
         <path>C:\ti\ccs1271\ccs\tools\compiler\ti-cgt-arm_20.2.7.LTS\lib\</path>
         <kind>archive</kind>
         <file>rtsv7M4_T_le_v4SPD16_eabi.lib</file>
         <name>memory.c.obj</name>
      </input_file>
      <input_file id="fl-db">
         <path>C:\ti\ccs1271\ccs\tools\compiler\ti-cgt-arm_20.2.7.LTS\lib\</path>
         <kind>archive</kind>
         <file>rtsv7M4_T_le_v4SPD16_eabi.lib</file>
         <name>strcmp.c.obj</name>
      </input_file>
      <input_file id="fl-dc">
         <path>C:\ti\ccs1271\ccs\tools\compiler\ti-cgt-arm_20.2.7.LTS\lib\</path>
         <kind>archive</kind>
         <file>rtsv7M4_T_le_v4SPD16_eabi.lib</file>
         <name>strcpy.c.obj</name>
      </input_file>
      <input_file id="fl-dd">
         <path>C:\ti\ccs1271\ccs\tools\compiler\ti-cgt-arm_20.2.7.LTS\lib\</path>
         <kind>archive</kind>
         <file>rtsv7M4_T_le_v4SPD16_eabi.lib</file>
         <name>boot_cortex_m.c.obj</name>
      </input_file>
      <input_file id="fl-de">
         <path>C:\ti\ccs1271\ccs\tools\compiler\ti-cgt-arm_20.2.7.LTS\lib\</path>
         <kind>archive</kind>
         <file>rtsv7M4_T_le_v4SPD16_eabi.lib</file>
         <name>errno.c.obj</name>
      </input_file>
      <input_file id="fl-df">
         <path>C:\ti\ccs1271\ccs\tools\compiler\ti-cgt-arm_20.2.7.LTS\lib\</path>
         <kind>archive</kind>
         <file>rtsv7M4_T_le_v4SPD16_eabi.lib</file>
         <name>_printfi.c.obj</name>
      </input_file>
      <input_file id="fl-e0">
         <path>C:\ti\ccs1271\ccs\tools\compiler\ti-cgt-arm_20.2.7.LTS\lib\</path>
         <kind>archive</kind>
         <file>rtsv7M4_T_le_v4SPD16_eabi.lib</file>
         <name>fd_toi_t2.asm.obj</name>
      </input_file>
      <input_file id="fl-e1">
         <path>C:\ti\ccs1271\ccs\tools\compiler\ti-cgt-arm_20.2.7.LTS\lib\</path>
         <kind>archive</kind>
         <file>rtsv7M4_T_le_v4SPD16_eabi.lib</file>
         <name>memset_t2.asm.obj</name>
      </input_file>
      <input_file id="fl-e2">
         <path>C:\ti\ccs1271\ccs\tools\compiler\ti-cgt-arm_20.2.7.LTS\lib\</path>
         <kind>archive</kind>
         <file>rtsv7M4_T_le_v4SPD16_eabi.lib</file>
         <name>ull_div_t2.asm.obj</name>
      </input_file>
      <input_file id="fl-e3">
         <path>C:\ti\ccs1271\ccs\tools\compiler\ti-cgt-arm_20.2.7.LTS\lib\</path>
         <kind>archive</kind>
         <file>rtsv7M4_T_le_v4SPD16_eabi.lib</file>
         <name>autoinit.c.obj</name>
      </input_file>
      <input_file id="fl-e4">
         <path>C:\ti\ccs1271\ccs\tools\compiler\ti-cgt-arm_20.2.7.LTS\lib\</path>
         <kind>archive</kind>
         <file>rtsv7M4_T_le_v4SPD16_eabi.lib</file>
         <name>pre_init.c.obj</name>
      </input_file>
      <input_file id="fl-e5">
         <path>C:\ti\ccs1271\ccs\tools\compiler\ti-cgt-arm_20.2.7.LTS\lib\</path>
         <kind>archive</kind>
         <file>rtsv7M4_T_le_v4SPD16_eabi.lib</file>
         <name>cpy_tbl.c.obj</name>
      </input_file>
      <input_file id="fl-e6">
         <path>C:\ti\ccs1271\ccs\tools\compiler\ti-cgt-arm_20.2.7.LTS\lib\</path>
         <kind>archive</kind>
         <file>rtsv7M4_T_le_v4SPD16_eabi.lib</file>
         <name>exit.c.obj</name>
      </input_file>
      <input_file id="fl-e7">
         <path>C:\ti\ccs1271\ccs\tools\compiler\ti-cgt-arm_20.2.7.LTS\lib\</path>
         <kind>archive</kind>
         <file>rtsv7M4_T_le_v4SPD16_eabi.lib</file>
         <name>_lock.c.obj</name>
      </input_file>
      <input_file id="fl-e8">
         <path>C:\ti\ccs1271\ccs\tools\compiler\ti-cgt-arm_20.2.7.LTS\lib\</path>
         <kind>archive</kind>
         <file>rtsv7M4_T_le_v4SPD16_eabi.lib</file>
         <name>_ltoa.c.obj</name>
      </input_file>
      <input_file id="fl-e9">
         <path>C:\ti\ccs1271\ccs\tools\compiler\ti-cgt-arm_20.2.7.LTS\lib\</path>
         <kind>archive</kind>
         <file>rtsv7M4_T_le_v4SPD16_eabi.lib</file>
         <name>args_main.c.obj</name>
      </input_file>
      <input_file id="fl-ea">
         <path>C:\ti\ccs1271\ccs\tools\compiler\ti-cgt-arm_20.2.7.LTS\lib\</path>
         <kind>archive</kind>
         <file>rtsv7M4_T_le_v4SPD16_eabi.lib</file>
         <name>atoi.c.obj</name>
      </input_file>
      <input_file id="fl-eb">
         <path>C:\ti\ccs1271\ccs\tools\compiler\ti-cgt-arm_20.2.7.LTS\lib\</path>
         <kind>archive</kind>
         <file>rtsv7M4_T_le_v4SPD16_eabi.lib</file>
         <name>ctype.c.obj</name>
      </input_file>
      <input_file id="fl-ec">
         <path>C:\ti\ccs1271\ccs\tools\compiler\ti-cgt-arm_20.2.7.LTS\lib\</path>
         <kind>archive</kind>
         <file>rtsv7M4_T_le_v4SPD16_eabi.lib</file>
         <name>memccpy.c.obj</name>
      </input_file>
      <input_file id="fl-ed">
         <path>C:\ti\ccs1271\ccs\tools\compiler\ti-cgt-arm_20.2.7.LTS\lib\</path>
         <kind>archive</kind>
         <file>rtsv7M4_T_le_v4SPD16_eabi.lib</file>
         <name>strchr.c.obj</name>
      </input_file>
      <input_file id="fl-ee">
         <path>C:\ti\ccs1271\ccs\tools\compiler\ti-cgt-arm_20.2.7.LTS\lib\</path>
         <kind>archive</kind>
         <file>rtsv7M4_T_le_v4SPD16_eabi.lib</file>
         <name>strlen.c.obj</name>
      </input_file>
      <input_file id="fl-ef">
         <path>C:\ti\ccs1271\ccs\tools\compiler\ti-cgt-arm_20.2.7.LTS\lib\</path>
         <kind>archive</kind>
         <file>rtsv7M4_T_le_v4SPD16_eabi.lib</file>
         <name>wcslen.c.obj</name>
      </input_file>
      <input_file id="fl-f0">
         <path>C:\ti\ccs1271\ccs\tools\compiler\ti-cgt-arm_20.2.7.LTS\lib\</path>
         <kind>archive</kind>
         <file>rtsv7M4_T_le_v4SPD16_eabi.lib</file>
         <name>s_frexp.c.obj</name>
      </input_file>
      <input_file id="fl-f1">
         <path>C:\ti\ccs1271\ccs\tools\compiler\ti-cgt-arm_20.2.7.LTS\lib\</path>
         <kind>archive</kind>
         <file>rtsv7M4_T_le_v4SPD16_eabi.lib</file>
         <name>s_scalbn.c.obj</name>
      </input_file>
      <input_file id="fl-f2">
         <path>C:\ti\ccs1271\ccs\tools\compiler\ti-cgt-arm_20.2.7.LTS\lib\</path>
         <kind>archive</kind>
         <file>rtsv7M4_T_le_v4SPD16_eabi.lib</file>
         <name>div0.asm.obj</name>
      </input_file>
      <input_file id="fl-f3">
         <path>C:\ti\ccs1271\ccs\tools\compiler\ti-cgt-arm_20.2.7.LTS\lib\</path>
         <kind>archive</kind>
         <file>rtsv7M4_T_le_v4SPD16_eabi.lib</file>
         <name>s_copysign.c.obj</name>
      </input_file>
      <input_file id="fl-f4">
         <path>C:\ti\TivaWare_C_Series-2.2.0.295\driverlib\ccs\Debug\</path>
         <kind>archive</kind>
         <file>driverlib.lib</file>
         <name>interrupt.obj</name>
      </input_file>
      <input_file id="fl-f5">
         <path>C:\ti\TivaWare_C_Series-2.2.0.295\driverlib\ccs\Debug\</path>
         <kind>archive</kind>
         <file>driverlib.lib</file>
         <name>cpu.obj</name>
      </input_file>
   </input_file_list>
   <object_component_list>
      <object_component id="oc-12">
         <name>.intvecs</name>
         <load_address>0x0</load_address>
         <run_address>0x0</run_address>
         <size>0x26c</size>
         <input_file_ref idref="fl-c"/>
      </object_component>
      <object_component id="oc-e8">
         <name>.text</name>
         <load_address>0x26c</load_address>
         <run_address>0x26c</run_address>
         <size>0xc20</size>
         <input_file_ref idref="fl-9"/>
      </object_component>
      <object_component id="oc-169">
         <name>.text:__TI_printfi</name>
         <load_address>0xe8c</load_address>
         <run_address>0xe8c</run_address>
         <size>0xa4e</size>
         <input_file_ref idref="fl-df"/>
      </object_component>
      <object_component id="oc-312">
         <name>.text:_nop</name>
         <load_address>0x18da</load_address>
         <run_address>0x18da</run_address>
         <size>0x2</size>
         <input_file_ref idref="fl-e7"/>
      </object_component>
      <object_component id="oc-a2">
         <name>.text</name>
         <load_address>0x18dc</load_address>
         <run_address>0x18dc</run_address>
         <size>0x5fc</size>
         <input_file_ref idref="fl-7"/>
      </object_component>
      <object_component id="oc-1ee">
         <name>.text:powf</name>
         <load_address>0x1ed8</load_address>
         <run_address>0x1ed8</run_address>
         <size>0x58c</size>
         <input_file_ref idref="fl-c9"/>
      </object_component>
      <object_component id="oc-118">
         <name>.text</name>
         <load_address>0x2464</load_address>
         <run_address>0x2464</run_address>
         <size>0x4dc</size>
         <input_file_ref idref="fl-8"/>
      </object_component>
      <object_component id="oc-f4">
         <name>.text</name>
         <load_address>0x2940</load_address>
         <run_address>0x2940</run_address>
         <size>0x328</size>
         <input_file_ref idref="fl-6"/>
      </object_component>
      <object_component id="oc-10c">
         <name>.text</name>
         <load_address>0x2c68</load_address>
         <run_address>0x2c68</run_address>
         <size>0x308</size>
         <input_file_ref idref="fl-b"/>
      </object_component>
      <object_component id="oc-100">
         <name>.text</name>
         <load_address>0x2f70</load_address>
         <run_address>0x2f70</run_address>
         <size>0x2c0</size>
         <input_file_ref idref="fl-a"/>
      </object_component>
      <object_component id="oc-e2">
         <name>.text</name>
         <load_address>0x3230</load_address>
         <run_address>0x3230</run_address>
         <size>0x2a8</size>
         <input_file_ref idref="fl-d"/>
      </object_component>
      <object_component id="oc-26b">
         <name>.text:_pconv_a</name>
         <load_address>0x34d8</load_address>
         <run_address>0x34d8</run_address>
         <size>0x270</size>
         <input_file_ref idref="fl-df"/>
      </object_component>
      <object_component id="oc-ee">
         <name>.text</name>
         <load_address>0x3748</load_address>
         <run_address>0x3748</run_address>
         <size>0x248</size>
         <input_file_ref idref="fl-2"/>
      </object_component>
      <object_component id="oc-259">
         <name>.text:_pconv_g</name>
         <load_address>0x3990</load_address>
         <run_address>0x3990</run_address>
         <size>0x1d0</size>
         <input_file_ref idref="fl-df"/>
      </object_component>
      <object_component id="oc-1c0">
         <name>.text</name>
         <load_address>0x3b60</load_address>
         <run_address>0x3b60</run_address>
         <size>0x1b6</size>
         <input_file_ref idref="fl-cf"/>
      </object_component>
      <object_component id="oc-3e8">
         <name>.text</name>
         <load_address>0x3d16</load_address>
         <run_address>0x3d16</run_address>
         <size>0x2</size>
         <input_file_ref idref="fl-f2"/>
      </object_component>
      <object_component id="oc-265">
         <name>.text:_pconv_e</name>
         <load_address>0x3d18</load_address>
         <run_address>0x3d18</run_address>
         <size>0x13c</size>
         <input_file_ref idref="fl-df"/>
      </object_component>
      <object_component id="oc-1b6">
         <name>.text</name>
         <load_address>0x3e54</load_address>
         <run_address>0x3e54</run_address>
         <size>0x136</size>
         <input_file_ref idref="fl-d1"/>
      </object_component>
      <object_component id="oc-356">
         <name>.text:fcvt</name>
         <load_address>0x3f8c</load_address>
         <run_address>0x3f8c</run_address>
         <size>0x124</size>
         <input_file_ref idref="fl-df"/>
      </object_component>
      <object_component id="oc-fa">
         <name>.text</name>
         <load_address>0x40b0</load_address>
         <run_address>0x40b0</run_address>
         <size>0x114</size>
         <input_file_ref idref="fl-3"/>
      </object_component>
      <object_component id="oc-36a">
         <name>.text:scalbn</name>
         <load_address>0x41c4</load_address>
         <run_address>0x41c4</run_address>
         <size>0x110</size>
         <input_file_ref idref="fl-f1"/>
      </object_component>
      <object_component id="oc-3a0">
         <name>.text:aligned_alloc</name>
         <load_address>0x42d4</load_address>
         <run_address>0x42d4</run_address>
         <size>0x100</size>
         <input_file_ref idref="fl-da"/>
      </object_component>
      <object_component id="oc-1b1">
         <name>.text</name>
         <load_address>0x43d4</load_address>
         <run_address>0x43d4</run_address>
         <size>0xfc</size>
         <input_file_ref idref="fl-d2"/>
      </object_component>
      <object_component id="oc-19b">
         <name>.text:free</name>
         <load_address>0x44d0</load_address>
         <run_address>0x44d0</run_address>
         <size>0xe4</size>
         <input_file_ref idref="fl-da"/>
      </object_component>
      <object_component id="oc-2f0">
         <name>.text:scalbnf</name>
         <load_address>0x45b4</load_address>
         <run_address>0x45b4</run_address>
         <size>0xd0</size>
         <input_file_ref idref="fl-cb"/>
      </object_component>
      <object_component id="oc-253">
         <name>.text:_ltostr</name>
         <load_address>0x4684</load_address>
         <run_address>0x4684</run_address>
         <size>0xb1</size>
         <input_file_ref idref="fl-df"/>
      </object_component>
      <object_component id="oc-3e">
         <name>.text</name>
         <load_address>0x4736</load_address>
         <run_address>0x4736</run_address>
         <size>0x9c</size>
         <input_file_ref idref="fl-d6"/>
      </object_component>
      <object_component id="oc-338">
         <name>.text</name>
         <load_address>0x47d2</load_address>
         <run_address>0x47d2</run_address>
         <size>0x96</size>
         <input_file_ref idref="fl-e2"/>
      </object_component>
      <object_component id="oc-208">
         <name>.text:__aeabi_cdcmple</name>
         <load_address>0x4868</load_address>
         <run_address>0x4868</run_address>
         <size>0x86</size>
         <input_file_ref idref="fl-d0"/>
      </object_component>
      <object_component id="oc-20d">
         <name>.text:__aeabi_cdrcmple</name>
         <load_address>0x48ee</load_address>
         <run_address>0x48ee</run_address>
         <size>0x86</size>
         <input_file_ref idref="fl-d0"/>
      </object_component>
      <object_component id="oc-106">
         <name>.text</name>
         <load_address>0x4974</load_address>
         <run_address>0x4974</run_address>
         <size>0x84</size>
         <input_file_ref idref="fl-4"/>
      </object_component>
      <object_component id="oc-96">
         <name>.text</name>
         <load_address>0x49f8</load_address>
         <run_address>0x49f8</run_address>
         <size>0x7a</size>
         <input_file_ref idref="fl-e1"/>
      </object_component>
      <object_component id="oc-413">
         <name>.text:split</name>
         <load_address>0x4a74</load_address>
         <run_address>0x4a74</run_address>
         <size>0x70</size>
         <input_file_ref idref="fl-da"/>
      </object_component>
      <object_component id="oc-34f">
         <name>.text:_mcpy</name>
         <load_address>0x4ae4</load_address>
         <run_address>0x4ae4</run_address>
         <size>0x6e</size>
         <input_file_ref idref="fl-df"/>
      </object_component>
      <object_component id="oc-1c8">
         <name>.text</name>
         <load_address>0x4b52</load_address>
         <run_address>0x4b52</run_address>
         <size>0x6e</size>
         <input_file_ref idref="fl-d3"/>
      </object_component>
      <object_component id="oc-15">
         <name>.text:decompress:lzss:__TI_decompress_lzss</name>
         <load_address>0x4bc0</load_address>
         <run_address>0x4bc0</run_address>
         <size>0x68</size>
         <input_file_ref idref="fl-d9"/>
      </object_component>
      <object_component id="oc-364">
         <name>.text:frexp</name>
         <load_address>0x4c28</load_address>
         <run_address>0x4c28</run_address>
         <size>0x64</size>
         <input_file_ref idref="fl-f0"/>
      </object_component>
      <object_component id="oc-25f">
         <name>.text:_pconv_f</name>
         <load_address>0x4c8c</load_address>
         <run_address>0x4c8c</run_address>
         <size>0x56</size>
         <input_file_ref idref="fl-df"/>
      </object_component>
      <object_component id="oc-343">
         <name>.text:__TI_ltoa</name>
         <load_address>0x4ce2</load_address>
         <run_address>0x4ce2</run_address>
         <size>0x54</size>
         <input_file_ref idref="fl-e8"/>
      </object_component>
      <object_component id="oc-349">
         <name>.text:_ecpy</name>
         <load_address>0x4d36</load_address>
         <run_address>0x4d36</run_address>
         <size>0x52</size>
         <input_file_ref idref="fl-df"/>
      </object_component>
      <object_component id="oc-112">
         <name>.text</name>
         <load_address>0x4d88</load_address>
         <run_address>0x4d88</run_address>
         <size>0x50</size>
         <input_file_ref idref="fl-5"/>
      </object_component>
      <object_component id="oc-24d">
         <name>.text:atoi</name>
         <load_address>0x4dd8</load_address>
         <run_address>0x4dd8</run_address>
         <size>0x4c</size>
         <input_file_ref idref="fl-ea"/>
      </object_component>
      <object_component id="oc-33e">
         <name>.text</name>
         <load_address>0x4e24</load_address>
         <run_address>0x4e24</run_address>
         <size>0x48</size>
         <input_file_ref idref="fl-e0"/>
      </object_component>
      <object_component id="oc-134">
         <name>.text:__TI_auto_init_nobinit_nopinit:__TI_auto_init_nobinit_nopinit</name>
         <load_address>0x4e6c</load_address>
         <run_address>0x4e6c</run_address>
         <size>0x44</size>
         <input_file_ref idref="fl-e3"/>
      </object_component>
      <object_component id="oc-dc">
         <name>.text:sprintf</name>
         <load_address>0x4eb0</load_address>
         <run_address>0x4eb0</run_address>
         <size>0x40</size>
         <input_file_ref idref="fl-cc"/>
      </object_component>
      <object_component id="oc-1dc">
         <name>.text:vsnprintf</name>
         <load_address>0x4ef0</load_address>
         <run_address>0x4ef0</run_address>
         <size>0x40</size>
         <input_file_ref idref="fl-cd"/>
      </object_component>
      <object_component id="oc-35c">
         <name>.text:_fcpy</name>
         <load_address>0x4f30</load_address>
         <run_address>0x4f30</run_address>
         <size>0x3e</size>
         <input_file_ref idref="fl-df"/>
      </object_component>
      <object_component id="oc-195">
         <name>.text:calloc</name>
         <load_address>0x4f70</load_address>
         <run_address>0x4f70</run_address>
         <size>0x38</size>
         <input_file_ref idref="fl-da"/>
      </object_component>
      <object_component id="oc-d7">
         <name>.text</name>
         <load_address>0x4fa8</load_address>
         <run_address>0x4fa8</run_address>
         <size>0x38</size>
         <input_file_ref idref="fl-d4"/>
      </object_component>
      <object_component id="oc-182">
         <name>.text:IntRegister</name>
         <load_address>0x4fe0</load_address>
         <run_address>0x4fe0</run_address>
         <size>0x34</size>
         <input_file_ref idref="fl-f4"/>
      </object_component>
      <object_component id="oc-5c">
         <name>.text:_c_int00_noargs:_c_int00_noargs</name>
         <load_address>0x5014</load_address>
         <run_address>0x5014</run_address>
         <size>0x34</size>
         <input_file_ref idref="fl-dd"/>
      </object_component>
      <object_component id="oc-2ce">
         <name>.text:_outs</name>
         <load_address>0x5048</load_address>
         <run_address>0x5048</run_address>
         <size>0x30</size>
         <input_file_ref idref="fl-cd"/>
      </object_component>
      <object_component id="oc-1bb">
         <name>.text</name>
         <load_address>0x5078</load_address>
         <run_address>0x5078</run_address>
         <size>0x2e</size>
         <input_file_ref idref="fl-d5"/>
      </object_component>
      <object_component id="oc-2b3">
         <name>.text:free_list_insert</name>
         <load_address>0x50a8</load_address>
         <run_address>0x50a8</run_address>
         <size>0x28</size>
         <input_file_ref idref="fl-da"/>
      </object_component>
      <object_component id="oc-2ea">
         <name>.text:sqrtf</name>
         <load_address>0x50d0</load_address>
         <run_address>0x50d0</run_address>
         <size>0x28</size>
         <input_file_ref idref="fl-ca"/>
      </object_component>
      <object_component id="oc-4a">
         <name>.text:decompress:ZI:__TI_zero_init_nomemset:__TI_zero_init_nomemset</name>
         <load_address>0x50f8</load_address>
         <run_address>0x50f8</run_address>
         <size>0x1c</size>
         <input_file_ref idref="fl-d7"/>
      </object_component>
      <object_component id="oc-2ad">
         <name>.text:free_list_remove</name>
         <load_address>0x5114</load_address>
         <run_address>0x5114</run_address>
         <size>0x1c</size>
         <input_file_ref idref="fl-da"/>
      </object_component>
      <object_component id="oc-271">
         <name>.text:memccpy</name>
         <load_address>0x5130</load_address>
         <run_address>0x5130</run_address>
         <size>0x1c</size>
         <input_file_ref idref="fl-ec"/>
      </object_component>
      <object_component id="oc-3f7">
         <name>.text:copysign</name>
         <load_address>0x514c</load_address>
         <run_address>0x514c</run_address>
         <size>0x1a</size>
         <input_file_ref idref="fl-f3"/>
      </object_component>
      <object_component id="oc-2d4">
         <name>.text:_outc</name>
         <load_address>0x5166</load_address>
         <run_address>0x5166</run_address>
         <size>0x18</size>
         <input_file_ref idref="fl-cd"/>
      </object_component>
      <object_component id="oc-16f">
         <name>.text:_outs</name>
         <load_address>0x517e</load_address>
         <run_address>0x517e</run_address>
         <size>0x18</size>
         <input_file_ref idref="fl-cc"/>
      </object_component>
      <object_component id="oc-3b6">
         <name>.text:copysignf</name>
         <load_address>0x5196</load_address>
         <run_address>0x5196</run_address>
         <size>0x18</size>
         <input_file_ref idref="fl-ce"/>
      </object_component>
      <object_component id="oc-1a1">
         <name>.text:oi_parseInt</name>
         <load_address>0x51ae</load_address>
         <run_address>0x51ae</run_address>
         <size>0x18</size>
         <input_file_ref idref="fl-9"/>
      </object_component>
      <object_component id="oc-1a8">
         <name>.text:strcmp</name>
         <load_address>0x51c6</load_address>
         <run_address>0x51c6</run_address>
         <size>0x18</size>
         <input_file_ref idref="fl-db"/>
      </object_component>
      <object_component id="oc-370">
         <name>.text:strchr</name>
         <load_address>0x51de</load_address>
         <run_address>0x51de</run_address>
         <size>0x16</size>
         <input_file_ref idref="fl-ed"/>
      </object_component>
      <object_component id="oc-1e2">
         <name>.text:strcpy</name>
         <load_address>0x51f4</load_address>
         <run_address>0x51f4</run_address>
         <size>0x14</size>
         <input_file_ref idref="fl-dc"/>
      </object_component>
      <object_component id="oc-247">
         <name>.text:strlen</name>
         <load_address>0x5208</load_address>
         <run_address>0x5208</run_address>
         <size>0x14</size>
         <input_file_ref idref="fl-ee"/>
      </object_component>
      <object_component id="oc-277">
         <name>.text:wcslen</name>
         <load_address>0x521c</load_address>
         <run_address>0x521c</run_address>
         <size>0x12</size>
         <input_file_ref idref="fl-ef"/>
      </object_component>
      <object_component id="oc-188">
         <name>.text:IntMasterEnable</name>
         <load_address>0x522e</load_address>
         <run_address>0x522e</run_address>
         <size>0x10</size>
         <input_file_ref idref="fl-f4"/>
      </object_component>
      <object_component id="oc-1d5">
         <name>.text:lcd_clear</name>
         <load_address>0x523e</load_address>
         <run_address>0x523e</run_address>
         <size>0x10</size>
         <input_file_ref idref="fl-6"/>
      </object_component>
      <object_component id="oc-1b">
         <name>.text:decompress:none:__TI_decompress_none</name>
         <load_address>0x524e</load_address>
         <run_address>0x524e</run_address>
         <size>0xe</size>
         <input_file_ref idref="fl-d8"/>
      </object_component>
      <object_component id="oc-29d">
         <name>.text:CPUcpsie</name>
         <load_address>0x525c</load_address>
         <run_address>0x525c</run_address>
         <size>0xc</size>
         <input_file_ref idref="fl-f5"/>
      </object_component>
      <object_component id="oc-2a">
         <name>.text</name>
         <load_address>0x5268</load_address>
         <run_address>0x5268</run_address>
         <size>0xc</size>
         <input_file_ref idref="fl-c"/>
      </object_component>
      <object_component id="oc-175">
         <name>.text:_outc</name>
         <load_address>0x5274</load_address>
         <run_address>0x5274</run_address>
         <size>0xa</size>
         <input_file_ref idref="fl-cc"/>
      </object_component>
      <object_component id="oc-27d">
         <name>.text:__aeabi_errno_addr</name>
         <load_address>0x5280</load_address>
         <run_address>0x5280</run_address>
         <size>0x8</size>
         <input_file_ref idref="fl-de"/>
      </object_component>
      <object_component id="oc-2a6">
         <name>.text:malloc</name>
         <load_address>0x5288</load_address>
         <run_address>0x5288</run_address>
         <size>0x8</size>
         <input_file_ref idref="fl-da"/>
      </object_component>
      <object_component id="oc-9c">
         <name>.text:_system_pre_init</name>
         <load_address>0x5290</load_address>
         <run_address>0x5290</run_address>
         <size>0x4</size>
         <input_file_ref idref="fl-e4"/>
      </object_component>
      <object_component id="oc-128">
         <name>.text:abort:abort</name>
         <load_address>0x5294</load_address>
         <run_address>0x5294</run_address>
         <size>0x4</size>
         <input_file_ref idref="fl-e6"/>
      </object_component>
      <object_component id="oc-333">
         <name>.const:.string:_ctypes_</name>
         <load_address>0x5298</load_address>
         <run_address>0x5298</run_address>
         <size>0x101</size>
         <input_file_ref idref="fl-eb"/>
      </object_component>
      <object_component id="oc-2f6">
         <name>.const:$O1$$</name>
         <load_address>0x539c</load_address>
         <run_address>0x539c</run_address>
         <size>0x18</size>
         <input_file_ref idref="fl-c9"/>
      </object_component>
      <object_component id="oc-1c5">
         <name>.const:.string:$P$T0$3</name>
         <load_address>0x53b4</load_address>
         <run_address>0x53b4</run_address>
         <size>0xf</size>
         <input_file_ref idref="fl-9"/>
      </object_component>
      <object_component id="oc-200">
         <name>.const:.string:$P$T0$1</name>
         <load_address>0x53c3</load_address>
         <run_address>0x53c3</run_address>
         <size>0xa</size>
         <input_file_ref idref="fl-5"/>
      </object_component>
      <object_component id="oc-203">
         <name>.const:.string:$P$T1$2</name>
         <load_address>0x53cd</load_address>
         <run_address>0x53cd</run_address>
         <size>0xa</size>
         <input_file_ref idref="fl-5"/>
      </object_component>
      <object_component id="oc-1e8">
         <name>.const:.string:lineAddress$1</name>
         <load_address>0x53d7</load_address>
         <run_address>0x53d7</run_address>
         <size>0x4</size>
         <input_file_ref idref="fl-6"/>
      </object_component>
      <object_component id="oc-1e9">
         <name>.const:.string:lineAddresses$2</name>
         <load_address>0x53db</load_address>
         <run_address>0x53db</run_address>
         <size>0x4</size>
         <input_file_ref idref="fl-6"/>
      </object_component>
      <object_component id="oc-462">
         <name>.cinit..data.load</name>
         <load_address>0x53e0</load_address>
         <run_address>0x53e0</run_address>
         <size>0x25</size>
      </object_component>
      <object_component id="oc-45f">
         <name>__TI_handler_table</name>
         <load_address>0x5408</load_address>
         <run_address>0x5408</run_address>
         <size>0xc</size>
      </object_component>
      <object_component id="oc-463">
         <name>.cinit..bss.load</name>
         <load_address>0x5418</load_address>
         <run_address>0x5418</run_address>
         <size>0x8</size>
      </object_component>
      <object_component id="oc-461">
         <name>.cinit..vtable.load</name>
         <load_address>0x5420</load_address>
         <run_address>0x5420</run_address>
         <size>0x8</size>
      </object_component>
      <object_component id="oc-460">
         <name>__TI_cinit_table</name>
         <load_address>0x5428</load_address>
         <run_address>0x5428</run_address>
         <size>0x18</size>
      </object_component>
      <object_component id="oc-293">
         <name>.vtable</name>
         <uninitialized>true</uninitialized>
         <run_address>0x20000000</run_address>
         <size>0x26c</size>
         <input_file_ref idref="fl-f4"/>
      </object_component>
      <object_component id="oc-1d0">
         <name>.data</name>
         <load_address>0x2000231d</load_address>
         <run_address>0x2000231d</run_address>
         <size>0x1</size>
         <input_file_ref idref="fl-2"/>
      </object_component>
      <object_component id="oc-1f8">
         <name>.data</name>
         <load_address>0x2000231e</load_address>
         <run_address>0x2000231e</run_address>
         <size>0x1</size>
         <input_file_ref idref="fl-4"/>
      </object_component>
      <object_component id="oc-212">
         <name>.data</name>
         <load_address>0x20002308</load_address>
         <run_address>0x20002308</run_address>
         <size>0xc</size>
         <input_file_ref idref="fl-8"/>
      </object_component>
      <object_component id="oc-1ae">
         <name>.data</name>
         <load_address>0x200022e8</load_address>
         <run_address>0x200022e8</run_address>
         <size>0x20</size>
         <input_file_ref idref="fl-9"/>
      </object_component>
      <object_component id="oc-1f4">
         <name>.data</name>
         <load_address>0x20002314</load_address>
         <run_address>0x20002314</run_address>
         <size>0x9</size>
         <input_file_ref idref="fl-a"/>
      </object_component>
      <object_component id="oc-11e">
         <name>.data</name>
         <load_address>0x20002320</load_address>
         <run_address>0x20002320</run_address>
         <size>0x9</size>
         <input_file_ref idref="fl-d"/>
      </object_component>
      <object_component id="oc-3a7">
         <name>.data:$O1$$</name>
         <load_address>0x20002334</load_address>
         <run_address>0x20002334</run_address>
         <size>0x8</size>
         <input_file_ref idref="fl-da"/>
      </object_component>
      <object_component id="oc-380">
         <name>.data</name>
         <load_address>0x2000233c</load_address>
         <run_address>0x2000233c</run_address>
         <size>0x4</size>
         <input_file_ref idref="fl-de"/>
      </object_component>
      <object_component id="oc-22b">
         <name>.data:$O1$$</name>
         <load_address>0x2000232c</load_address>
         <run_address>0x2000232c</run_address>
         <size>0x8</size>
         <input_file_ref idref="fl-e7"/>
      </object_component>
      <object_component id="oc-1ea">
         <name>.bss:lastbuffer$3</name>
         <uninitialized>true</uninitialized>
         <run_address>0x20002270</run_address>
         <size>0x54</size>
         <input_file_ref idref="fl-6"/>
      </object_component>
      <object_component id="oc-1cd">
         <name>.bss:firmware$2</name>
         <uninitialized>true</uninitialized>
         <run_address>0x200022c4</run_address>
         <size>0x18</size>
         <input_file_ref idref="fl-9"/>
      </object_component>
      <object_component id="oc-1d3">
         <name>.common:_timeout_ticks</name>
         <uninitialized>true</uninitialized>
         <run_address>0x200022dc</run_address>
         <size>0x4</size>
      </object_component>
      <object_component id="oc-121">
         <name>.common:rightCalVal</name>
         <uninitialized>true</uninitialized>
         <run_address>0x200022e4</run_address>
         <size>0x4</size>
      </object_component>
      <object_component id="oc-126">
         <name>.common:leftCalVal</name>
         <uninitialized>true</uninitialized>
         <run_address>0x200022e0</run_address>
         <size>0x4</size>
      </object_component>
      <object_component id="oc-24">
         <name>.sysmem</name>
         <uninitialized>true</uninitialized>
         <run_address>0x20001270</run_address>
         <size>0x10</size>
         <input_file_ref idref="fl-da"/>
      </object_component>
      <object_component id="oc-466">
         <name>.sysmem</name>
         <uninitialized>true</uninitialized>
         <run_address>0x20001270</run_address>
         <size>0x0</size>
      </object_component>
      <object_component id="oc-27">
         <name>.stack</name>
         <uninitialized>true</uninitialized>
         <run_address>0x20000270</run_address>
         <size>0x4</size>
         <input_file_ref idref="fl-dd"/>
      </object_component>
      <object_component id="oc-465">
         <name>.stack</name>
         <uninitialized>true</uninitialized>
         <run_address>0x20000270</run_address>
         <size>0x0</size>
      </object_component>
      <object_component id="oc-c5">
         <name>.debug_info</name>
         <load_address>0x0</load_address>
         <run_address>0x0</run_address>
         <size>0x2b1</size>
         <input_file_ref idref="fl-2"/>
      </object_component>
      <object_component id="oc-1d1">
         <name>.debug_info</name>
         <load_address>0x2b1</load_address>
         <run_address>0x2b1</run_address>
         <size>0xbf</size>
         <input_file_ref idref="fl-2"/>
      </object_component>
      <object_component id="oc-f2">
         <name>.debug_info</name>
         <load_address>0x370</load_address>
         <run_address>0x370</run_address>
         <size>0x507</size>
         <input_file_ref idref="fl-2"/>
      </object_component>
      <object_component id="oc-77">
         <name>.debug_info</name>
         <load_address>0x877</load_address>
         <run_address>0x877</run_address>
         <size>0x26b</size>
         <input_file_ref idref="fl-2"/>
      </object_component>
      <object_component id="oc-39">
         <name>.debug_info</name>
         <load_address>0xae2</load_address>
         <run_address>0xae2</run_address>
         <size>0x84</size>
         <input_file_ref idref="fl-2"/>
      </object_component>
      <object_component id="oc-c0">
         <name>.debug_info</name>
         <load_address>0xb66</load_address>
         <run_address>0xb66</run_address>
         <size>0x2a4</size>
         <input_file_ref idref="fl-2"/>
      </object_component>
      <object_component id="oc-7c">
         <name>.debug_info</name>
         <load_address>0xe0a</load_address>
         <run_address>0xe0a</run_address>
         <size>0xbb</size>
         <input_file_ref idref="fl-2"/>
      </object_component>
      <object_component id="oc-fc">
         <name>.debug_info</name>
         <load_address>0xec5</load_address>
         <run_address>0xec5</run_address>
         <size>0x13e</size>
         <input_file_ref idref="fl-3"/>
      </object_component>
      <object_component id="oc-108">
         <name>.debug_info</name>
         <load_address>0x1003</load_address>
         <run_address>0x1003</run_address>
         <size>0x174</size>
         <input_file_ref idref="fl-4"/>
      </object_component>
      <object_component id="oc-207">
         <name>.debug_info</name>
         <load_address>0x1177</load_address>
         <run_address>0x1177</run_address>
         <size>0x33f</size>
         <input_file_ref idref="fl-5"/>
      </object_component>
      <object_component id="oc-201">
         <name>.debug_info</name>
         <load_address>0x14b6</load_address>
         <run_address>0x14b6</run_address>
         <size>0xc3</size>
         <input_file_ref idref="fl-5"/>
      </object_component>
      <object_component id="oc-204">
         <name>.debug_info</name>
         <load_address>0x1579</load_address>
         <run_address>0x1579</run_address>
         <size>0xc3</size>
         <input_file_ref idref="fl-5"/>
      </object_component>
      <object_component id="oc-113">
         <name>.debug_info</name>
         <load_address>0x163c</load_address>
         <run_address>0x163c</run_address>
         <size>0x1fb</size>
         <input_file_ref idref="fl-5"/>
      </object_component>
      <object_component id="oc-21b">
         <name>.debug_info</name>
         <load_address>0x1837</load_address>
         <run_address>0x1837</run_address>
         <size>0x5aa</size>
         <input_file_ref idref="fl-5"/>
      </object_component>
      <object_component id="oc-2c7">
         <name>.debug_info</name>
         <load_address>0x1de1</load_address>
         <run_address>0x1de1</run_address>
         <size>0xcc</size>
         <input_file_ref idref="fl-5"/>
      </object_component>
      <object_component id="oc-17d">
         <name>.debug_info</name>
         <load_address>0x1ead</load_address>
         <run_address>0x1ead</run_address>
         <size>0x2c</size>
         <input_file_ref idref="fl-5"/>
      </object_component>
      <object_component id="oc-220">
         <name>.debug_info</name>
         <load_address>0x1ed9</load_address>
         <run_address>0x1ed9</run_address>
         <size>0x35</size>
         <input_file_ref idref="fl-5"/>
      </object_component>
      <object_component id="oc-1ec">
         <name>.debug_info</name>
         <load_address>0x1f0e</load_address>
         <run_address>0x1f0e</run_address>
         <size>0x37f</size>
         <input_file_ref idref="fl-6"/>
      </object_component>
      <object_component id="oc-1d7">
         <name>.debug_info</name>
         <load_address>0x228d</load_address>
         <run_address>0x228d</run_address>
         <size>0x114</size>
         <input_file_ref idref="fl-6"/>
      </object_component>
      <object_component id="oc-f8">
         <name>.debug_info</name>
         <load_address>0x23a1</load_address>
         <run_address>0x23a1</run_address>
         <size>0x8a0</size>
         <input_file_ref idref="fl-6"/>
      </object_component>
      <object_component id="oc-122">
         <name>.debug_info</name>
         <load_address>0x2c41</load_address>
         <run_address>0x2c41</run_address>
         <size>0x70a</size>
         <input_file_ref idref="fl-7"/>
      </object_component>
      <object_component id="oc-a4">
         <name>.debug_info</name>
         <load_address>0x334b</load_address>
         <run_address>0x334b</run_address>
         <size>0x927</size>
         <input_file_ref idref="fl-7"/>
      </object_component>
      <object_component id="oc-1fb">
         <name>.debug_info</name>
         <load_address>0x3c72</load_address>
         <run_address>0x3c72</run_address>
         <size>0x5e</size>
         <input_file_ref idref="fl-7"/>
      </object_component>
      <object_component id="oc-216">
         <name>.debug_info</name>
         <load_address>0x3cd0</load_address>
         <run_address>0x3cd0</run_address>
         <size>0x337</size>
         <input_file_ref idref="fl-8"/>
      </object_component>
      <object_component id="oc-213">
         <name>.debug_info</name>
         <load_address>0x4007</load_address>
         <run_address>0x4007</run_address>
         <size>0xf0</size>
         <input_file_ref idref="fl-8"/>
      </object_component>
      <object_component id="oc-119">
         <name>.debug_info</name>
         <load_address>0x40f7</load_address>
         <run_address>0x40f7</run_address>
         <size>0xade</size>
         <input_file_ref idref="fl-8"/>
      </object_component>
      <object_component id="oc-1cf">
         <name>.debug_info</name>
         <load_address>0x4bd5</load_address>
         <run_address>0x4bd5</run_address>
         <size>0x3fc</size>
         <input_file_ref idref="fl-9"/>
      </object_component>
      <object_component id="oc-1af">
         <name>.debug_info</name>
         <load_address>0x4fd1</load_address>
         <run_address>0x4fd1</run_address>
         <size>0x111</size>
         <input_file_ref idref="fl-9"/>
      </object_component>
      <object_component id="oc-1c6">
         <name>.debug_info</name>
         <load_address>0x50e2</load_address>
         <run_address>0x50e2</run_address>
         <size>0xc6</size>
         <input_file_ref idref="fl-9"/>
      </object_component>
      <object_component id="oc-1a3">
         <name>.debug_info</name>
         <load_address>0x51a8</load_address>
         <run_address>0x51a8</run_address>
         <size>0x13e</size>
         <input_file_ref idref="fl-9"/>
      </object_component>
      <object_component id="oc-e9">
         <name>.debug_info</name>
         <load_address>0x52e6</load_address>
         <run_address>0x52e6</run_address>
         <size>0x1988</size>
         <input_file_ref idref="fl-9"/>
      </object_component>
      <object_component id="oc-18f">
         <name>.debug_info</name>
         <load_address>0x6c6e</load_address>
         <run_address>0x6c6e</run_address>
         <size>0x8b</size>
         <input_file_ref idref="fl-9"/>
      </object_component>
      <object_component id="oc-303">
         <name>.debug_info</name>
         <load_address>0x6cf9</load_address>
         <run_address>0x6cf9</run_address>
         <size>0x31d</size>
         <input_file_ref idref="fl-a"/>
      </object_component>
      <object_component id="oc-1f5">
         <name>.debug_info</name>
         <load_address>0x7016</load_address>
         <run_address>0x7016</run_address>
         <size>0x113</size>
         <input_file_ref idref="fl-a"/>
      </object_component>
      <object_component id="oc-101">
         <name>.debug_info</name>
         <load_address>0x7129</load_address>
         <run_address>0x7129</run_address>
         <size>0x3a7</size>
         <input_file_ref idref="fl-a"/>
      </object_component>
      <object_component id="oc-3ce">
         <name>.debug_info</name>
         <load_address>0x74d0</load_address>
         <run_address>0x74d0</run_address>
         <size>0x44</size>
         <input_file_ref idref="fl-a"/>
      </object_component>
      <object_component id="oc-124">
         <name>.debug_info</name>
         <load_address>0x7514</load_address>
         <run_address>0x7514</run_address>
         <size>0x332</size>
         <input_file_ref idref="fl-b"/>
      </object_component>
      <object_component id="oc-10e">
         <name>.debug_info</name>
         <load_address>0x7846</load_address>
         <run_address>0x7846</run_address>
         <size>0x354</size>
         <input_file_ref idref="fl-b"/>
      </object_component>
      <object_component id="oc-32">
         <name>.debug_info</name>
         <load_address>0x7b9a</load_address>
         <run_address>0x7b9a</run_address>
         <size>0x29b</size>
         <input_file_ref idref="fl-c"/>
      </object_component>
      <object_component id="oc-13">
         <name>.debug_info</name>
         <load_address>0x7e35</load_address>
         <run_address>0x7e35</run_address>
         <size>0xda</size>
         <input_file_ref idref="fl-c"/>
      </object_component>
      <object_component id="oc-2d">
         <name>.debug_info</name>
         <load_address>0x7f0f</load_address>
         <run_address>0x7f0f</run_address>
         <size>0x256</size>
         <input_file_ref idref="fl-c"/>
      </object_component>
      <object_component id="oc-194">
         <name>.debug_info</name>
         <load_address>0x8165</load_address>
         <run_address>0x8165</run_address>
         <size>0x2c7</size>
         <input_file_ref idref="fl-d"/>
      </object_component>
      <object_component id="oc-11f">
         <name>.debug_info</name>
         <load_address>0x842c</load_address>
         <run_address>0x842c</run_address>
         <size>0x120</size>
         <input_file_ref idref="fl-d"/>
      </object_component>
      <object_component id="oc-e4">
         <name>.debug_info</name>
         <load_address>0x854c</load_address>
         <run_address>0x854c</run_address>
         <size>0x3a4</size>
         <input_file_ref idref="fl-d"/>
      </object_component>
      <object_component id="oc-2ff">
         <name>.debug_info</name>
         <load_address>0x88f0</load_address>
         <run_address>0x88f0</run_address>
         <size>0x35e</size>
         <input_file_ref idref="fl-c9"/>
      </object_component>
      <object_component id="oc-2f7">
         <name>.debug_info</name>
         <load_address>0x8c4e</load_address>
         <run_address>0x8c4e</run_address>
         <size>0x129</size>
         <input_file_ref idref="fl-c9"/>
      </object_component>
      <object_component id="oc-1f0">
         <name>.debug_info</name>
         <load_address>0x8d77</load_address>
         <run_address>0x8d77</run_address>
         <size>0x323</size>
         <input_file_ref idref="fl-c9"/>
      </object_component>
      <object_component id="oc-3c5">
         <name>.debug_info</name>
         <load_address>0x909a</load_address>
         <run_address>0x909a</run_address>
         <size>0x46</size>
         <input_file_ref idref="fl-c9"/>
      </object_component>
      <object_component id="oc-2fa">
         <name>.debug_info</name>
         <load_address>0x90e0</load_address>
         <run_address>0x90e0</run_address>
         <size>0x39</size>
         <input_file_ref idref="fl-c9"/>
      </object_component>
      <object_component id="oc-3b5">
         <name>.debug_info</name>
         <load_address>0x9119</load_address>
         <run_address>0x9119</run_address>
         <size>0x2c1</size>
         <input_file_ref idref="fl-ca"/>
      </object_component>
      <object_component id="oc-2eb">
         <name>.debug_info</name>
         <load_address>0x93da</load_address>
         <run_address>0x93da</run_address>
         <size>0x171</size>
         <input_file_ref idref="fl-ca"/>
      </object_component>
      <object_component id="oc-3bd">
         <name>.debug_info</name>
         <load_address>0x954b</load_address>
         <run_address>0x954b</run_address>
         <size>0x2f6</size>
         <input_file_ref idref="fl-cb"/>
      </object_component>
      <object_component id="oc-2f3">
         <name>.debug_info</name>
         <load_address>0x9841</load_address>
         <run_address>0x9841</run_address>
         <size>0x1cc</size>
         <input_file_ref idref="fl-cb"/>
      </object_component>
      <object_component id="oc-422">
         <name>.debug_info</name>
         <load_address>0x9a0d</load_address>
         <run_address>0x9a0d</run_address>
         <size>0x39</size>
         <input_file_ref idref="fl-cb"/>
      </object_component>
      <object_component id="oc-3be">
         <name>.debug_info</name>
         <load_address>0x9a46</load_address>
         <run_address>0x9a46</run_address>
         <size>0x2c</size>
         <input_file_ref idref="fl-cb"/>
      </object_component>
      <object_component id="oc-17c">
         <name>.debug_info</name>
         <load_address>0x9a72</load_address>
         <run_address>0x9a72</run_address>
         <size>0x333</size>
         <input_file_ref idref="fl-cc"/>
      </object_component>
      <object_component id="oc-dd">
         <name>.debug_info</name>
         <load_address>0x9da5</load_address>
         <run_address>0x9da5</run_address>
         <size>0x1d1</size>
         <input_file_ref idref="fl-cc"/>
      </object_component>
      <object_component id="oc-170">
         <name>.debug_info</name>
         <load_address>0x9f76</load_address>
         <run_address>0x9f76</run_address>
         <size>0x18d</size>
         <input_file_ref idref="fl-cc"/>
      </object_component>
      <object_component id="oc-176">
         <name>.debug_info</name>
         <load_address>0xa103</load_address>
         <run_address>0xa103</run_address>
         <size>0x16d</size>
         <input_file_ref idref="fl-cc"/>
      </object_component>
      <object_component id="oc-2dc">
         <name>.debug_info</name>
         <load_address>0xa270</load_address>
         <run_address>0xa270</run_address>
         <size>0x2c</size>
         <input_file_ref idref="fl-cc"/>
      </object_component>
      <object_component id="oc-2db">
         <name>.debug_info</name>
         <load_address>0xa29c</load_address>
         <run_address>0xa29c</run_address>
         <size>0x340</size>
         <input_file_ref idref="fl-cd"/>
      </object_component>
      <object_component id="oc-1dd">
         <name>.debug_info</name>
         <load_address>0xa5dc</load_address>
         <run_address>0xa5dc</run_address>
         <size>0x208</size>
         <input_file_ref idref="fl-cd"/>
      </object_component>
      <object_component id="oc-2d0">
         <name>.debug_info</name>
         <load_address>0xa7e4</load_address>
         <run_address>0xa7e4</run_address>
         <size>0x1c6</size>
         <input_file_ref idref="fl-cd"/>
      </object_component>
      <object_component id="oc-2d5">
         <name>.debug_info</name>
         <load_address>0xa9aa</load_address>
         <run_address>0xa9aa</run_address>
         <size>0x179</size>
         <input_file_ref idref="fl-cd"/>
      </object_component>
      <object_component id="oc-2e1">
         <name>.debug_info</name>
         <load_address>0xab23</load_address>
         <run_address>0xab23</run_address>
         <size>0x69</size>
         <input_file_ref idref="fl-cd"/>
      </object_component>
      <object_component id="oc-41f">
         <name>.debug_info</name>
         <load_address>0xab8c</load_address>
         <run_address>0xab8c</run_address>
         <size>0x289</size>
         <input_file_ref idref="fl-ce"/>
      </object_component>
      <object_component id="oc-3b7">
         <name>.debug_info</name>
         <load_address>0xae15</load_address>
         <run_address>0xae15</run_address>
         <size>0x17e</size>
         <input_file_ref idref="fl-ce"/>
      </object_component>
      <object_component id="oc-1c2">
         <name>.debug_info</name>
         <load_address>0xaf93</load_address>
         <run_address>0xaf93</run_address>
         <size>0x14c</size>
         <input_file_ref idref="fl-cf"/>
      </object_component>
      <object_component id="oc-209">
         <name>.debug_info</name>
         <load_address>0xb0df</load_address>
         <run_address>0xb0df</run_address>
         <size>0x128</size>
         <input_file_ref idref="fl-d0"/>
      </object_component>
      <object_component id="oc-20f">
         <name>.debug_info</name>
         <load_address>0xb207</load_address>
         <run_address>0xb207</run_address>
         <size>0x12a</size>
         <input_file_ref idref="fl-d0"/>
      </object_component>
      <object_component id="oc-1b8">
         <name>.debug_info</name>
         <load_address>0xb331</load_address>
         <run_address>0xb331</run_address>
         <size>0x13a</size>
         <input_file_ref idref="fl-d1"/>
      </object_component>
      <object_component id="oc-1b2">
         <name>.debug_info</name>
         <load_address>0xb46b</load_address>
         <run_address>0xb46b</run_address>
         <size>0x13a</size>
         <input_file_ref idref="fl-d2"/>
      </object_component>
      <object_component id="oc-1c9">
         <name>.debug_info</name>
         <load_address>0xb5a5</load_address>
         <run_address>0xb5a5</run_address>
         <size>0x13e</size>
         <input_file_ref idref="fl-d3"/>
      </object_component>
      <object_component id="oc-d8">
         <name>.debug_info</name>
         <load_address>0xb6e3</load_address>
         <run_address>0xb6e3</run_address>
         <size>0x12c</size>
         <input_file_ref idref="fl-d4"/>
      </object_component>
      <object_component id="oc-1bc">
         <name>.debug_info</name>
         <load_address>0xb80f</load_address>
         <run_address>0xb80f</run_address>
         <size>0x12c</size>
         <input_file_ref idref="fl-d5"/>
      </object_component>
      <object_component id="oc-40">
         <name>.debug_info</name>
         <load_address>0xb93b</load_address>
         <run_address>0xb93b</run_address>
         <size>0x119</size>
         <input_file_ref idref="fl-d6"/>
      </object_component>
      <object_component id="oc-95">
         <name>.debug_info</name>
         <load_address>0xba54</load_address>
         <run_address>0xba54</run_address>
         <size>0x2d4</size>
         <input_file_ref idref="fl-d7"/>
      </object_component>
      <object_component id="oc-4c">
         <name>.debug_info</name>
         <load_address>0xbd28</load_address>
         <run_address>0xbd28</run_address>
         <size>0x1d2</size>
         <input_file_ref idref="fl-d7"/>
      </object_component>
      <object_component id="oc-90">
         <name>.debug_info</name>
         <load_address>0xbefa</load_address>
         <run_address>0xbefa</run_address>
         <size>0x46</size>
         <input_file_ref idref="fl-d7"/>
      </object_component>
      <object_component id="oc-ce">
         <name>.debug_info</name>
         <load_address>0xbf40</load_address>
         <run_address>0xbf40</run_address>
         <size>0x2c</size>
         <input_file_ref idref="fl-d7"/>
      </object_component>
      <object_component id="oc-49">
         <name>.debug_info</name>
         <load_address>0xbf6c</load_address>
         <run_address>0xbf6c</run_address>
         <size>0x2a8</size>
         <input_file_ref idref="fl-d8"/>
      </object_component>
      <object_component id="oc-1d">
         <name>.debug_info</name>
         <load_address>0xc214</load_address>
         <run_address>0xc214</run_address>
         <size>0x1ea</size>
         <input_file_ref idref="fl-d8"/>
      </object_component>
      <object_component id="oc-44">
         <name>.debug_info</name>
         <load_address>0xc3fe</load_address>
         <run_address>0xc3fe</run_address>
         <size>0x46</size>
         <input_file_ref idref="fl-d8"/>
      </object_component>
      <object_component id="oc-88">
         <name>.debug_info</name>
         <load_address>0xc444</load_address>
         <run_address>0xc444</run_address>
         <size>0x2c</size>
         <input_file_ref idref="fl-d8"/>
      </object_component>
      <object_component id="oc-86">
         <name>.debug_info</name>
         <load_address>0xc470</load_address>
         <run_address>0xc470</run_address>
         <size>0x29e</size>
         <input_file_ref idref="fl-d9"/>
      </object_component>
      <object_component id="oc-17">
         <name>.debug_info</name>
         <load_address>0xc70e</load_address>
         <run_address>0xc70e</run_address>
         <size>0x250</size>
         <input_file_ref idref="fl-d9"/>
      </object_component>
      <object_component id="oc-34">
         <name>.debug_info</name>
         <load_address>0xc95e</load_address>
         <run_address>0xc95e</run_address>
         <size>0x60</size>
         <input_file_ref idref="fl-d9"/>
      </object_component>
      <object_component id="oc-c7">
         <name>.debug_info</name>
         <load_address>0xc9be</load_address>
         <run_address>0xc9be</run_address>
         <size>0x46</size>
         <input_file_ref idref="fl-d9"/>
      </object_component>
      <object_component id="oc-81">
         <name>.debug_info</name>
         <load_address>0xca04</load_address>
         <run_address>0xca04</run_address>
         <size>0x39</size>
         <input_file_ref idref="fl-d9"/>
      </object_component>
      <object_component id="oc-70">
         <name>.debug_info</name>
         <load_address>0xca3d</load_address>
         <run_address>0xca3d</run_address>
         <size>0x3b2</size>
         <input_file_ref idref="fl-da"/>
      </object_component>
      <object_component id="oc-25">
         <name>.debug_info</name>
         <load_address>0xcdef</load_address>
         <run_address>0xcdef</run_address>
         <size>0x10c</size>
         <input_file_ref idref="fl-da"/>
      </object_component>
      <object_component id="oc-3a8">
         <name>.debug_info</name>
         <load_address>0xcefb</load_address>
         <run_address>0xcefb</run_address>
         <size>0x13f</size>
         <input_file_ref idref="fl-da"/>
      </object_component>
      <object_component id="oc-2a8">
         <name>.debug_info</name>
         <load_address>0xd03a</load_address>
         <run_address>0xd03a</run_address>
         <size>0x168</size>
         <input_file_ref idref="fl-da"/>
      </object_component>
      <object_component id="oc-2af">
         <name>.debug_info</name>
         <load_address>0xd1a2</load_address>
         <run_address>0xd1a2</run_address>
         <size>0x18e</size>
         <input_file_ref idref="fl-da"/>
      </object_component>
      <object_component id="oc-2b5">
         <name>.debug_info</name>
         <load_address>0xd330</load_address>
         <run_address>0xd330</run_address>
         <size>0x19f</size>
         <input_file_ref idref="fl-da"/>
      </object_component>
      <object_component id="oc-19d">
         <name>.debug_info</name>
         <load_address>0xd4cf</load_address>
         <run_address>0xd4cf</run_address>
         <size>0x203</size>
         <input_file_ref idref="fl-da"/>
      </object_component>
      <object_component id="oc-415">
         <name>.debug_info</name>
         <load_address>0xd6d2</load_address>
         <run_address>0xd6d2</run_address>
         <size>0x1db</size>
         <input_file_ref idref="fl-da"/>
      </object_component>
      <object_component id="oc-197">
         <name>.debug_info</name>
         <load_address>0xd8ad</load_address>
         <run_address>0xd8ad</run_address>
         <size>0x1a5</size>
         <input_file_ref idref="fl-da"/>
      </object_component>
      <object_component id="oc-3a2">
         <name>.debug_info</name>
         <load_address>0xda52</load_address>
         <run_address>0xda52</run_address>
         <size>0x299</size>
         <input_file_ref idref="fl-da"/>
      </object_component>
      <object_component id="oc-bb">
         <name>.debug_info</name>
         <load_address>0xdceb</load_address>
         <run_address>0xdceb</run_address>
         <size>0xb2</size>
         <input_file_ref idref="fl-da"/>
      </object_component>
      <object_component id="oc-b6">
         <name>.debug_info</name>
         <load_address>0xdd9d</load_address>
         <run_address>0xdd9d</run_address>
         <size>0x2c</size>
         <input_file_ref idref="fl-da"/>
      </object_component>
      <object_component id="oc-2bb">
         <name>.debug_info</name>
         <load_address>0xddc9</load_address>
         <run_address>0xddc9</run_address>
         <size>0x28a</size>
         <input_file_ref idref="fl-db"/>
      </object_component>
      <object_component id="oc-1ac">
         <name>.debug_info</name>
         <load_address>0xe053</load_address>
         <run_address>0xe053</run_address>
         <size>0x273</size>
         <input_file_ref idref="fl-db"/>
      </object_component>
      <object_component id="oc-2e7">
         <name>.debug_info</name>
         <load_address>0xe2c6</load_address>
         <run_address>0xe2c6</run_address>
         <size>0x2a4</size>
         <input_file_ref idref="fl-dc"/>
      </object_component>
      <object_component id="oc-1e5">
         <name>.debug_info</name>
         <load_address>0xe56a</load_address>
         <run_address>0xe56a</run_address>
         <size>0x24d</size>
         <input_file_ref idref="fl-dc"/>
      </object_component>
      <object_component id="oc-28">
         <name>.debug_info</name>
         <load_address>0xe7b7</load_address>
         <run_address>0xe7b7</run_address>
         <size>0x10b</size>
         <input_file_ref idref="fl-dd"/>
      </object_component>
      <object_component id="oc-5e">
         <name>.debug_info</name>
         <load_address>0xe8c2</load_address>
         <run_address>0xe8c2</run_address>
         <size>0x1a9</size>
         <input_file_ref idref="fl-dd"/>
      </object_component>
      <object_component id="oc-384">
         <name>.debug_info</name>
         <load_address>0xea6b</load_address>
         <run_address>0xea6b</run_address>
         <size>0x289</size>
         <input_file_ref idref="fl-de"/>
      </object_component>
      <object_component id="oc-381">
         <name>.debug_info</name>
         <load_address>0xecf4</load_address>
         <run_address>0xecf4</run_address>
         <size>0x10e</size>
         <input_file_ref idref="fl-de"/>
      </object_component>
      <object_component id="oc-281">
         <name>.debug_info</name>
         <load_address>0xee02</load_address>
         <run_address>0xee02</run_address>
         <size>0x14e</size>
         <input_file_ref idref="fl-de"/>
      </object_component>
      <object_component id="oc-284">
         <name>.debug_info</name>
         <load_address>0xef50</load_address>
         <run_address>0xef50</run_address>
         <size>0x590</size>
         <input_file_ref idref="fl-df"/>
      </object_component>
      <object_component id="oc-255">
         <name>.debug_info</name>
         <load_address>0xf4e0</load_address>
         <run_address>0xf4e0</run_address>
         <size>0x21e</size>
         <input_file_ref idref="fl-df"/>
      </object_component>
      <object_component id="oc-34b">
         <name>.debug_info</name>
         <load_address>0xf6fe</load_address>
         <run_address>0xf6fe</run_address>
         <size>0x1b3</size>
         <input_file_ref idref="fl-df"/>
      </object_component>
      <object_component id="oc-351">
         <name>.debug_info</name>
         <load_address>0xf8b1</load_address>
         <run_address>0xf8b1</run_address>
         <size>0x21b</size>
         <input_file_ref idref="fl-df"/>
      </object_component>
      <object_component id="oc-25b">
         <name>.debug_info</name>
         <load_address>0xfacc</load_address>
         <run_address>0xfacc</run_address>
         <size>0x3c0</size>
         <input_file_ref idref="fl-df"/>
      </object_component>
      <object_component id="oc-358">
         <name>.debug_info</name>
         <load_address>0xfe8c</load_address>
         <run_address>0xfe8c</run_address>
         <size>0x30a</size>
         <input_file_ref idref="fl-df"/>
      </object_component>
      <object_component id="oc-35e">
         <name>.debug_info</name>
         <load_address>0x10196</load_address>
         <run_address>0x10196</run_address>
         <size>0x215</size>
         <input_file_ref idref="fl-df"/>
      </object_component>
      <object_component id="oc-261">
         <name>.debug_info</name>
         <load_address>0x103ab</load_address>
         <run_address>0x103ab</run_address>
         <size>0x215</size>
         <input_file_ref idref="fl-df"/>
      </object_component>
      <object_component id="oc-268">
         <name>.debug_info</name>
         <load_address>0x105c0</load_address>
         <run_address>0x105c0</run_address>
         <size>0x304</size>
         <input_file_ref idref="fl-df"/>
      </object_component>
      <object_component id="oc-26e">
         <name>.debug_info</name>
         <load_address>0x108c4</load_address>
         <run_address>0x108c4</run_address>
         <size>0x4b5</size>
         <input_file_ref idref="fl-df"/>
      </object_component>
      <object_component id="oc-16c">
         <name>.debug_info</name>
         <load_address>0x10d79</load_address>
         <run_address>0x10d79</run_address>
         <size>0x5f4</size>
         <input_file_ref idref="fl-df"/>
      </object_component>
      <object_component id="oc-285">
         <name>.debug_info</name>
         <load_address>0x1136d</load_address>
         <run_address>0x1136d</run_address>
         <size>0x86</size>
         <input_file_ref idref="fl-df"/>
      </object_component>
      <object_component id="oc-387">
         <name>.debug_info</name>
         <load_address>0x113f3</load_address>
         <run_address>0x113f3</run_address>
         <size>0x39</size>
         <input_file_ref idref="fl-df"/>
      </object_component>
      <object_component id="oc-40e">
         <name>.debug_info</name>
         <load_address>0x1142c</load_address>
         <run_address>0x1142c</run_address>
         <size>0xb6</size>
         <input_file_ref idref="fl-df"/>
      </object_component>
      <object_component id="oc-38c">
         <name>.debug_info</name>
         <load_address>0x114e2</load_address>
         <run_address>0x114e2</run_address>
         <size>0x46</size>
         <input_file_ref idref="fl-df"/>
      </object_component>
      <object_component id="oc-28a">
         <name>.debug_info</name>
         <load_address>0x11528</load_address>
         <run_address>0x11528</run_address>
         <size>0x46</size>
         <input_file_ref idref="fl-df"/>
      </object_component>
      <object_component id="oc-33f">
         <name>.debug_info</name>
         <load_address>0x1156e</load_address>
         <run_address>0x1156e</run_address>
         <size>0x12e</size>
         <input_file_ref idref="fl-e0"/>
      </object_component>
      <object_component id="oc-97">
         <name>.debug_info</name>
         <load_address>0x1169c</load_address>
         <run_address>0x1169c</run_address>
         <size>0x147</size>
         <input_file_ref idref="fl-e1"/>
      </object_component>
      <object_component id="oc-33a">
         <name>.debug_info</name>
         <load_address>0x117e3</load_address>
         <run_address>0x117e3</run_address>
         <size>0x134</size>
         <input_file_ref idref="fl-e2"/>
      </object_component>
      <object_component id="oc-232">
         <name>.debug_info</name>
         <load_address>0x11917</load_address>
         <run_address>0x11917</run_address>
         <size>0x4b3</size>
         <input_file_ref idref="fl-e3"/>
      </object_component>
      <object_component id="oc-135">
         <name>.debug_info</name>
         <load_address>0x11dca</load_address>
         <run_address>0x11dca</run_address>
         <size>0x1a6</size>
         <input_file_ref idref="fl-e3"/>
      </object_component>
      <object_component id="oc-320">
         <name>.debug_info</name>
         <load_address>0x11f70</load_address>
         <run_address>0x11f70</run_address>
         <size>0x39</size>
         <input_file_ref idref="fl-e3"/>
      </object_component>
      <object_component id="oc-3d5">
         <name>.debug_info</name>
         <load_address>0x11fa9</load_address>
         <run_address>0x11fa9</run_address>
         <size>0x39</size>
         <input_file_ref idref="fl-e3"/>
      </object_component>
      <object_component id="oc-325">
         <name>.debug_info</name>
         <load_address>0x11fe2</load_address>
         <run_address>0x11fe2</run_address>
         <size>0x39</size>
         <input_file_ref idref="fl-e3"/>
      </object_component>
      <object_component id="oc-32a">
         <name>.debug_info</name>
         <load_address>0x1201b</load_address>
         <run_address>0x1201b</run_address>
         <size>0xcd</size>
         <input_file_ref idref="fl-e3"/>
      </object_component>
      <object_component id="oc-9d">
         <name>.debug_info</name>
         <load_address>0x120e8</load_address>
         <run_address>0x120e8</run_address>
         <size>0x153</size>
         <input_file_ref idref="fl-e4"/>
      </object_component>
      <object_component id="oc-12c">
         <name>.debug_info</name>
         <load_address>0x1223b</load_address>
         <run_address>0x1223b</run_address>
         <size>0x122</size>
         <input_file_ref idref="fl-e6"/>
      </object_component>
      <object_component id="oc-31a">
         <name>.debug_info</name>
         <load_address>0x1235d</load_address>
         <run_address>0x1235d</run_address>
         <size>0x2c9</size>
         <input_file_ref idref="fl-e7"/>
      </object_component>
      <object_component id="oc-22c">
         <name>.debug_info</name>
         <load_address>0x12626</load_address>
         <run_address>0x12626</run_address>
         <size>0x11e</size>
         <input_file_ref idref="fl-e7"/>
      </object_component>
      <object_component id="oc-315">
         <name>.debug_info</name>
         <load_address>0x12744</load_address>
         <run_address>0x12744</run_address>
         <size>0x12e</size>
         <input_file_ref idref="fl-e7"/>
      </object_component>
      <object_component id="oc-3f0">
         <name>.debug_info</name>
         <load_address>0x12872</load_address>
         <run_address>0x12872</run_address>
         <size>0x29c</size>
         <input_file_ref idref="fl-e8"/>
      </object_component>
      <object_component id="oc-345">
         <name>.debug_info</name>
         <load_address>0x12b0e</load_address>
         <run_address>0x12b0e</run_address>
         <size>0x1da</size>
         <input_file_ref idref="fl-e8"/>
      </object_component>
      <object_component id="oc-337">
         <name>.debug_info</name>
         <load_address>0x12ce8</load_address>
         <run_address>0x12ce8</run_address>
         <size>0x2b9</size>
[...]
         <object_component_ref idref="oc-118"/>
      </symbol>
      <symbol id="sm-1e2">
         <name>freeBot</name>
         <value>0x2907</value>
         <object_component_ref idref="oc-118"/>
      </symbol>
      <symbol id="sm-2b0">
         <name>go_charge</name>
         <value>0x97f</value>
         <object_component_ref idref="oc-e8"/>
      </symbol>
      <symbol id="sm-2b1">
         <name>GPIOF_Handler</name>
         <value>0xbc3</value>
         <object_component_ref idref="oc-e8"/>
      </symbol>
      <symbol id="sm-2b2">
         <name>oi_free</name>
         <value>0x279</value>
         <object_component_ref idref="oc-e8"/>
      </symbol>
      <symbol id="sm-2b3">
         <name>oi_getMotorCalibrationRight</name>
         <value>0xe01</value>
         <object_component_ref idref="oc-e8"/>
      </symbol>
      <symbol id="sm-2b4">
         <name>oi_uartReceive</name>
         <value>0xa31</value>
         <object_component_ref idref="oc-e8"/>
      </symbol>
      <symbol id="sm-2b5">
         <name>oi_setWheels</name>
         <value>0x88f</value>
         <object_component_ref idref="oc-e8"/>
      </symbol>
      <symbol id="sm-2b6">
         <name>oi_shutoff_init</name>
         <value>0xb51</value>
         <object_component_ref idref="oc-e8"/>
      </symbol>
      <symbol id="sm-2b7">
         <name>motor_cal_factor_L</name>
         <value>0x200022e8</value>
         <object_component_ref idref="oc-1ae"/>
      </symbol>
      <symbol id="sm-2b8">
         <name>motor_cal_factor_R</name>
         <value>0x200022ec</value>
         <object_component_ref idref="oc-1ae"/>
      </symbol>
      <symbol id="sm-2b9">
         <name>oi_parseInt</name>
         <value>0x51af</value>
         <object_component_ref idref="oc-1a1"/>
      </symbol>
      <symbol id="sm-2ba">
         <name>oi_setMotorCalibration</name>
         <value>0xdb1</value>
         <object_component_ref idref="oc-e8"/>
      </symbol>
      <symbol id="sm-2bb">
         <name>oi_uartSendStr</name>
         <value>0xa59</value>
         <object_component_ref idref="oc-e8"/>
      </symbol>
      <symbol id="sm-2bc">
         <name>oi_close</name>
         <value>0x2c7</value>
         <object_component_ref idref="oc-e8"/>
      </symbol>
      <symbol id="sm-2bd">
         <name>oi_uartSendBuff</name>
         <value>0xa77</value>
         <object_component_ref idref="oc-e8"/>
      </symbol>
      <symbol id="sm-2be">
         <name>oi_checkFirmware</name>
         <value>0xaa9</value>
         <object_component_ref idref="oc-e8"/>
      </symbol>
      <symbol id="sm-2bf">
         <name>oi_init_noupdate</name>
         <value>0x289</value>
         <object_component_ref idref="oc-e8"/>
      </symbol>
      <symbol id="sm-2c0">
         <name>oi_uartSendChar</name>
         <value>0xa15</value>
         <object_component_ref idref="oc-e8"/>
      </symbol>
      <symbol id="sm-2c1">
         <name>oi_alloc</name>
         <value>0x26d</value>
         <object_component_ref idref="oc-e8"/>
      </symbol>
      <symbol id="sm-2c2">
         <name>oi_getMotorCalibrationLeft</name>
         <value>0xded</value>
         <object_component_ref idref="oc-e8"/>
      </symbol>
      <symbol id="sm-2c3">
         <name>oi_loadSong</name>
         <value>0x915</value>
         <object_component_ref idref="oc-e8"/>
      </symbol>
      <symbol id="sm-2c4">
         <name>oi_play_song</name>
         <value>0x96b</value>
         <object_component_ref idref="oc-e8"/>
      </symbol>
      <symbol id="sm-2c5">
         <name>oi_parsePacket</name>
         <value>0x32b</value>
         <object_component_ref idref="oc-e8"/>
      </symbol>
      <symbol id="sm-2c6">
         <name>oi_setLeds</name>
         <value>0x84b</value>
         <object_component_ref idref="oc-e8"/>
      </symbol>
      <symbol id="sm-2c7">
         <name>oi_init</name>
         <value>0x2b1</value>
         <object_component_ref idref="oc-e8"/>
      </symbol>
      <symbol id="sm-2c8">
         <name>oi_update</name>
         <value>0x2d9</value>
         <object_component_ref idref="oc-e8"/>
      </symbol>
      <symbol id="sm-2c9">
         <name>oi_uartInit</name>
         <value>0x98d</value>
         <object_component_ref idref="oc-e8"/>
      </symbol>
      <symbol id="sm-30b">
         <name>g_end_time</name>
         <value>0x20002318</value>
         <object_component_ref idref="oc-1f4"/>
      </symbol>
      <symbol id="sm-30c">
         <name>TIMER3B_Handler</name>
         <value>0x30b5</value>
         <object_component_ref idref="oc-100"/>
      </symbol>
      <symbol id="sm-30d">
         <name>ping_init</name>
         <value>0x2f71</value>
         <object_component_ref idref="oc-100"/>
      </symbol>
      <symbol id="sm-30e">
         <name>g_state</name>
         <value>0x2000231c</value>
         <object_component_ref idref="oc-1f4"/>
      </symbol>
      <symbol id="sm-30f">
         <name>g_start_time</name>
         <value>0x20002314</value>
         <object_component_ref idref="oc-1f4"/>
      </symbol>
      <symbol id="sm-310">
         <name>ping_getDistance</name>
         <value>0x30f5</value>
         <object_component_ref idref="oc-100"/>
      </symbol>
      <symbol id="sm-311">
         <name>ping_trigger</name>
         <value>0x302b</value>
         <object_component_ref idref="oc-100"/>
      </symbol>
      <symbol id="sm-348">
         <name>servo_init</name>
         <value>0x2c69</value>
         <object_component_ref idref="oc-10c"/>
      </symbol>
      <symbol id="sm-349">
         <name>turnDegree</name>
         <value>0x2cfb</value>
         <object_component_ref idref="oc-10c"/>
      </symbol>
      <symbol id="sm-34a">
         <name>servoCal</name>
         <value>0x2dc5</value>
         <object_component_ref idref="oc-10c"/>
      </symbol>
      <symbol id="sm-366">
         <name>ResetISR</name>
         <value>0x5269</value>
         <object_component_ref idref="oc-2a"/>
      </symbol>
      <symbol id="sm-367">
         <name>g_pfnVectors</name>
         <value>0x0</value>
         <object_component_ref idref="oc-12"/>
      </symbol>
      <symbol id="sm-3aa">
         <name>UART1_Handler</name>
         <value>0x3355</value>
         <object_component_ref idref="oc-e2"/>
      </symbol>
      <symbol id="sm-3ab">
         <name>receiveByte</name>
         <value>0x20002328</value>
         <object_component_ref idref="oc-11e"/>
      </symbol>
      <symbol id="sm-3ac">
         <name>command_byte</name>
         <value>0x20002320</value>
         <object_component_ref idref="oc-11e"/>
      </symbol>
      <symbol id="sm-3ad">
         <name>uart_sendChar</name>
         <value>0x32f5</value>
         <object_component_ref idref="oc-e2"/>
      </symbol>
      <symbol id="sm-3ae">
         <name>uart_interrupt_init</name>
         <value>0x3231</value>
         <object_component_ref idref="oc-e2"/>
      </symbol>
      <symbol id="sm-3af">
         <name>command_flag</name>
         <value>0x20002324</value>
         <object_component_ref idref="oc-11e"/>
      </symbol>
      <symbol id="sm-3b0">
         <name>uart_receive</name>
         <value>0x3311</value>
         <object_component_ref idref="oc-e2"/>
      </symbol>
      <symbol id="sm-3b1">
         <name>uart_sendStr</name>
         <value>0x3337</value>
         <object_component_ref idref="oc-e2"/>
      </symbol>
      <symbol id="sm-420">
         <name>powf</name>
         <value>0x1ed9</value>
         <object_component_ref idref="oc-1ee"/>
      </symbol>
      <symbol id="sm-430">
         <name>sqrtf</name>
         <value>0x50d1</value>
         <object_component_ref idref="oc-2ea"/>
      </symbol>
      <symbol id="sm-457">
         <name>scalbnf</name>
         <value>0x45b5</value>
         <object_component_ref idref="oc-2f0"/>
      </symbol>
      <symbol id="sm-458">
         <name>ldexpf</name>
         <value>0x45b5</value>
         <object_component_ref idref="oc-2f0"/>
      </symbol>
      <symbol id="sm-47f">
         <name>sprintf</name>
         <value>0x4eb1</value>
         <object_component_ref idref="oc-dc"/>
      </symbol>
      <symbol id="sm-4a9">
         <name>vsnprintf</name>
         <value>0x4ef1</value>
         <object_component_ref idref="oc-1dc"/>
      </symbol>
      <symbol id="sm-4b6">
         <name>copysignf</name>
         <value>0x5197</value>
         <object_component_ref idref="oc-3b6"/>
      </symbol>
      <symbol id="sm-4cd">
         <name>__aeabi_dsub</name>
         <value>0x3b61</value>
         <object_component_ref idref="oc-1c0"/>
      </symbol>
      <symbol id="sm-4ce">
         <name>__aeabi_dadd</name>
         <value>0x3b6b</value>
         <object_component_ref idref="oc-1c0"/>
      </symbol>
      <symbol id="sm-4f0">
         <name>__aeabi_cdcmpeq</name>
         <value>0x4869</value>
         <object_component_ref idref="oc-208"/>
      </symbol>
      <symbol id="sm-4f1">
         <name>__aeabi_cdcmple</name>
         <value>0x4869</value>
         <object_component_ref idref="oc-208"/>
      </symbol>
      <symbol id="sm-4f2">
         <name>__aeabi_cdrcmple</name>
         <value>0x48ef</value>
         <object_component_ref idref="oc-20d"/>
      </symbol>
      <symbol id="sm-506">
         <name>__aeabi_ddiv</name>
         <value>0x3e55</value>
         <object_component_ref idref="oc-1b6"/>
      </symbol>
      <symbol id="sm-511">
         <name>__aeabi_dmul</name>
         <value>0x43d5</value>
         <object_component_ref idref="oc-1b1"/>
      </symbol>
      <symbol id="sm-51d">
         <name>__aeabi_d2f</name>
         <value>0x4b53</value>
         <object_component_ref idref="oc-1c8"/>
      </symbol>
      <symbol id="sm-528">
         <name>__aeabi_f2d</name>
         <value>0x4fa9</value>
         <object_component_ref idref="oc-d7"/>
      </symbol>
      <symbol id="sm-532">
         <name>__aeabi_i2d</name>
         <value>0x5079</value>
         <object_component_ref idref="oc-1bb"/>
      </symbol>
      <symbol id="sm-54d">
         <name>memcpy</name>
         <value>0x4737</value>
         <object_component_ref idref="oc-3e"/>
      </symbol>
      <symbol id="sm-54e">
         <name>__aeabi_memcpy</name>
         <value>0x4737</value>
         <object_component_ref idref="oc-3e"/>
      </symbol>
      <symbol id="sm-54f">
         <name>__aeabi_memcpy8</name>
         <value>0x4737</value>
         <object_component_ref idref="oc-3e"/>
      </symbol>
      <symbol id="sm-550">
         <name>__aeabi_memcpy4</name>
         <value>0x4737</value>
         <object_component_ref idref="oc-3e"/>
      </symbol>
      <symbol id="sm-569">
         <name>__TI_zero_init_nomemset</name>
         <value>0x50f9</value>
         <object_component_ref idref="oc-4a"/>
      </symbol>
      <symbol id="sm-580">
         <name>__TI_decompress_none</name>
         <value>0x524f</value>
         <object_component_ref idref="oc-1b"/>
      </symbol>
      <symbol id="sm-5a3">
         <name>__TI_decompress_lzss</name>
         <value>0x4bc1</value>
         <object_component_ref idref="oc-15"/>
      </symbol>
      <symbol id="sm-638">
         <name>_sys_memory</name>
         <value>0x20001270</value>
         <object_component_ref idref="oc-24"/>
      </symbol>
      <symbol id="sm-639">
         <name>free</name>
         <value>0x44d1</value>
         <object_component_ref idref="oc-19b"/>
      </symbol>
      <symbol id="sm-63a">
         <name>memalign</name>
         <value>0x42d5</value>
         <object_component_ref idref="oc-3a0"/>
      </symbol>
      <symbol id="sm-63b">
         <name>calloc</name>
         <value>0x4f71</value>
         <object_component_ref idref="oc-195"/>
      </symbol>
      <symbol id="sm-63c">
         <name>malloc</name>
         <value>0x5289</value>
         <object_component_ref idref="oc-2a6"/>
      </symbol>
      <symbol id="sm-63d">
         <name>aligned_alloc</name>
         <value>0x42d5</value>
         <object_component_ref idref="oc-3a0"/>
      </symbol>
      <symbol id="sm-64c">
         <name>strcmp</name>
         <value>0x51c7</value>
         <object_component_ref idref="oc-1a8"/>
      </symbol>
      <symbol id="sm-65a">
         <name>strcpy</name>
         <value>0x51f5</value>
         <object_component_ref idref="oc-1e2"/>
      </symbol>
      <symbol id="sm-66d">
         <name>__stack</name>
         <value>0x20000270</value>
         <object_component_ref idref="oc-27"/>
      </symbol>
      <symbol id="sm-66e">
         <name>_c_int00_noargs</name>
         <value>0x5015</value>
         <object_component_ref idref="oc-5c"/>
      </symbol>
      <symbol id="sm-684">
         <name>__aeabi_errno_addr</name>
         <value>0x5281</value>
         <object_component_ref idref="oc-27d"/>
      </symbol>
      <symbol id="sm-685">
         <name>errno</name>
         <value>0x2000233c</value>
         <object_component_ref idref="oc-380"/>
      </symbol>
      <symbol id="sm-7ea">
         <name>__TI_printfi</name>
         <value>0xe8d</value>
         <object_component_ref idref="oc-169"/>
      </symbol>
      <symbol id="sm-7f4">
         <name>__aeabi_d2iz</name>
         <value>0x4e25</value>
         <object_component_ref idref="oc-33e"/>
      </symbol>
      <symbol id="sm-803">
         <name>__aeabi_memset</name>
         <value>0x49fb</value>
         <object_component_ref idref="oc-96"/>
      </symbol>
      <symbol id="sm-804">
         <name>memset</name>
         <value>0x4a01</value>
         <object_component_ref idref="oc-96"/>
      </symbol>
      <symbol id="sm-805">
         <name>__aeabi_memset8</name>
         <value>0x49fb</value>
         <object_component_ref idref="oc-96"/>
      </symbol>
      <symbol id="sm-806">
         <name>__aeabi_memset4</name>
         <value>0x49fb</value>
         <object_component_ref idref="oc-96"/>
      </symbol>
      <symbol id="sm-807">
         <name>__aeabi_memclr8</name>
         <value>0x49f9</value>
         <object_component_ref idref="oc-96"/>
      </symbol>
      <symbol id="sm-808">
         <name>__aeabi_memclr4</name>
         <value>0x49f9</value>
         <object_component_ref idref="oc-96"/>
      </symbol>
      <symbol id="sm-809">
         <name>__aeabi_memclr</name>
         <value>0x49f9</value>
         <object_component_ref idref="oc-96"/>
      </symbol>
      <symbol id="sm-816">
         <name>__aeabi_uldivmod</name>
         <value>0x47d3</value>
         <object_component_ref idref="oc-338"/>
      </symbol>
      <symbol id="sm-83e">
         <name>__TI_auto_init_nobinit_nopinit</name>
         <value>0x4e6d</value>
         <object_component_ref idref="oc-134"/>
      </symbol>
      <symbol id="sm-848">
         <name>_system_pre_init</name>
         <value>0x5291</value>
         <object_component_ref idref="oc-9c"/>
      </symbol>
      <symbol id="sm-854">
         <name>C$$EXIT</name>
         <value>0x5295</value>
         <object_component_ref idref="oc-128"/>
      </symbol>
      <symbol id="sm-855">
         <name>abort</name>
         <value>0x5295</value>
         <object_component_ref idref="oc-128"/>
      </symbol>
      <symbol id="sm-86a">
         <name>_nop</name>
         <value>0x18db</value>
         <object_component_ref idref="oc-312"/>
      </symbol>
      <symbol id="sm-86b">
         <name>_lock</name>
         <value>0x2000232c</value>
         <object_component_ref idref="oc-22b"/>
      </symbol>
      <symbol id="sm-86c">
         <name>_unlock</name>
         <value>0x20002330</value>
         <object_component_ref idref="oc-22b"/>
      </symbol>
      <symbol id="sm-87b">
         <name>__TI_ltoa</name>
         <value>0x4ce3</value>
         <object_component_ref idref="oc-343"/>
      </symbol>
      <symbol id="sm-892">
         <name>atoi</name>
         <value>0x4dd9</value>
         <object_component_ref idref="oc-24d"/>
      </symbol>
      <symbol id="sm-89d">
         <name>_ctypes_</name>
         <value>0x5298</value>
         <object_component_ref idref="oc-333"/>
      </symbol>
      <symbol id="sm-8ad">
         <name>memccpy</name>
         <value>0x5131</value>
         <object_component_ref idref="oc-271"/>
      </symbol>
      <symbol id="sm-8bd">
         <name>strchr</name>
         <value>0x51df</value>
         <object_component_ref idref="oc-370"/>
      </symbol>
      <symbol id="sm-8cb">
         <name>strlen</name>
         <value>0x5209</value>
         <object_component_ref idref="oc-247"/>
      </symbol>
      <symbol id="sm-8e4">
         <name>wcslen</name>
         <value>0x521d</value>
         <object_component_ref idref="oc-277"/>
      </symbol>
      <symbol id="sm-8fa">
         <name>frexpl</name>
         <value>0x4c29</value>
         <object_component_ref idref="oc-364"/>
      </symbol>
      <symbol id="sm-8fb">
         <name>frexp</name>
         <value>0x4c29</value>
         <object_component_ref idref="oc-364"/>
      </symbol>
      <symbol id="sm-918">
         <name>scalbn</name>
         <value>0x41c5</value>
         <object_component_ref idref="oc-36a"/>
      </symbol>
      <symbol id="sm-919">
         <name>scalbnl</name>
         <value>0x41c5</value>
         <object_component_ref idref="oc-36a"/>
      </symbol>
      <symbol id="sm-91a">
         <name>ldexpl</name>
         <value>0x41c5</value>
         <object_component_ref idref="oc-36a"/>
      </symbol>
      <symbol id="sm-91b">
         <name>ldexp</name>
         <value>0x41c5</value>
         <object_component_ref idref="oc-36a"/>
      </symbol>
      <symbol id="sm-925">
         <name>__aeabi_idiv0</name>
         <value>0x3d17</value>
         <object_component_ref idref="oc-3e8"/>
      </symbol>
      <symbol id="sm-926">
         <name>__aeabi_ldiv0</name>
         <value>0x3d17</value>
         <object_component_ref idref="oc-3e8"/>
      </symbol>
      <symbol id="sm-930">
         <name>copysign</name>
         <value>0x514d</value>
         <object_component_ref idref="oc-3f7"/>
      </symbol>
      <symbol id="sm-931">
         <name>copysignl</name>
         <value>0x514d</value>
         <object_component_ref idref="oc-3f7"/>
      </symbol>
      <symbol id="sm-960">
         <name>IntRegister</name>
         <value>0x4fe1</value>
         <object_component_ref idref="oc-182"/>
      </symbol>
      <symbol id="sm-961">
         <name>g_pfnRAMVectors</name>
         <value>0x20000000</value>
         <object_component_ref idref="oc-293"/>
      </symbol>
      <symbol id="sm-962">
         <name>IntMasterEnable</name>
         <value>0x522f</value>
         <object_component_ref idref="oc-188"/>
      </symbol>
      <symbol id="sm-96c">
         <name>CPUcpsie</name>
         <value>0x525d</value>
         <object_component_ref idref="oc-29d"/>
      </symbol>
      <symbol id="sm-96d">
         <name>__TI_static_base__</name>
         <value>0x0</value>
      </symbol>
      <symbol id="sm-970">
         <name>__mpu_init</name>
         <value>0x0</value>
      </symbol>
      <symbol id="sm-971">
         <name>_system_post_cinit</name>
         <value>0x0</value>
      </symbol>
   </symbol_table>
   <title>Link successful</title>
</link_info>
