******************************************************************************
                  TI ARM Linker PC v20.2.7                     
******************************************************************************
>> Linked Sat May  3 19:50:33 2025

OUTPUT FILE NAME:   <shit.out>
ENTRY POINT SYMBOL: "_c_int00_noargs"  address: 00004d3d


MEMORY CONFIGURATION

         name            origin    length      used     unused   attr    fill
----------------------  --------  ---------  --------  --------  ----  --------
  FLASH                 00000000   00040000  00005167  0003ae99  R  X
  SRAM                  20000000   00008000  00002338  00005cc8  RW X


SEGMENT ALLOCATION MAP

run origin  load origin   length   init length attrs members
----------  ----------- ---------- ----------- ----- -------
00000000    00000000    00005168   00005168    r-x
  00000000    00000000    0000026c   0000026c    r-- .intvecs
  0000026c    0000026c    00004d54   00004d54    r-x .text
  00004fc0    00004fc0    00000147   00000147    r-- .const
  00005108    00005108    00000060   00000060    r-- .cinit
20000000    20000000    0000233c   00000000    rw-
  20000000    20000000    0000026c   00000000    rw- .vtable
  20000270    20000270    00001000   00000000    rw- .stack
  20001270    20001270    00001000   00000000    rw- .sysmem
  20002270    20002270    00000078   00000000    rw- .bss
  200022e8    200022e8    00000054   00000000    rw- .data


SECTION ALLOCATION MAP

 output                                  attributes/
section   page    origin      length       input sections
--------  ----  ----------  ----------   ----------------
.intvecs   0    00000000    0000026c     
                  00000000    0000026c     tm4c123gh6pm_startup_ccs.obj (.intvecs)

.text      0    0000026c    00004d54     
                  0000026c    00000c20     open_interface.obj (.text)
                  00000e8c    00000a4e     rtsv7M4_T_le_v4SPD16_eabi.lib : _printfi.c.obj (.text:__TI_printfi)
                  000018da    00000002                                   : _lock.c.obj (.text:_nop)
                  000018dc    0000058c                                   : e_powf.c.obj (.text:powf)
                  00001e68    00000458     movement.obj (.text)
                  000022c0    000003ec     main.obj (.text)
                  000026ac    00000328     lcd.obj (.text)
                  000029d4    00000308     servo.obj (.text)
                  00002cdc    000002c0     ping_template.obj (.text)
                  00002f9c    00000270     rtsv7M4_T_le_v4SPD16_eabi.lib : _printfi.c.obj (.text:_pconv_a)
                  0000320c    00000264     uart-interrupt.obj (.text)
                  00003470    00000248     Timer.obj (.text)
                  000036b8    000001d0     rtsv7M4_T_le_v4SPD16_eabi.lib : _printfi.c.obj (.text:_pconv_g)
                  00003888    000001b6                                   : fd_add_t2.asm.obj (.text)
                  00003a3e    00000002                                   : div0.asm.obj (.text)
                  00003a40    0000013c                                   : _printfi.c.obj (.text:_pconv_e)
                  00003b7c    00000136                                   : fd_div_t2.asm.obj (.text)
                  00003cb2    00000002     --HOLE-- [fill = 0]
                  00003cb4    00000124                                   : _printfi.c.obj (.text:fcvt)
                  00003dd8    00000114     adc.obj (.text)
                  00003eec    00000110     rtsv7M4_T_le_v4SPD16_eabi.lib : s_scalbn.c.obj (.text:scalbn)
                  00003ffc    00000100                                   : memory.c.obj (.text:aligned_alloc)
                  000040fc    000000fc                                   : fd_mul_t2.asm.obj (.text)
                  000041f8    000000e4                                   : memory.c.obj (.text:free)
                  000042dc    000000d0                                   : s_scalbnf.c.obj (.text:scalbnf)
                  000043ac    000000b1                                   : _printfi.c.obj (.text:_ltostr)
                  0000445d    00000001     --HOLE-- [fill = 0]
                  0000445e    0000009c                                   : memcpy_t2.asm.obj (.text)
                  000044fa    00000096                                   : ull_div_t2.asm.obj (.text)
                  00004590    00000086                                   : fd_cmp_t2.asm.obj (.text:__aeabi_cdcmple)
                  00004616    00000086                                   : fd_cmp_t2.asm.obj (.text:__aeabi_cdrcmple)
                  0000469c    00000084     button.obj (.text)
                  00004720    0000007a     rtsv7M4_T_le_v4SPD16_eabi.lib : memset_t2.asm.obj (.text)
                  0000479a    00000002     --HOLE-- [fill = 0]
                  0000479c    00000070                                   : memory.c.obj (.text:split)
                  0000480c    0000006e                                   : _printfi.c.obj (.text:_mcpy)
                  0000487a    0000006e                                   : fd_tos_t2.asm.obj (.text)
                  000048e8    00000068                                   : copy_decompress_lzss.c.obj (.text:decompress:lzss:__TI_decompress_lzss)
                  00004950    00000064                                   : s_frexp.c.obj (.text:frexp)
                  000049b4    00000056                                   : _printfi.c.obj (.text:_pconv_f)
                  00004a0a    00000054                                   : _ltoa.c.obj (.text:__TI_ltoa)
                  00004a5e    00000052                                   : _printfi.c.obj (.text:_ecpy)
                  00004ab0    00000050     iceCreamSong.obj (.text)
                  00004b00    0000004c     rtsv7M4_T_le_v4SPD16_eabi.lib : atoi.c.obj (.text:atoi)
                  00004b4c    00000048                                   : fd_toi_t2.asm.obj (.text)
                  00004b94    00000044                                   : autoinit.c.obj (.text:__TI_auto_init_nobinit_nopinit:__TI_auto_init_nobinit_nopinit)
                  00004bd8    00000040                                   : sprintf.c.obj (.text:sprintf)
                  00004c18    00000040                                   : vsnprintf.c.obj (.text:vsnprintf)
                  00004c58    0000003e                                   : _printfi.c.obj (.text:_fcpy)
                  00004c96    00000002     --HOLE-- [fill = 0]
                  00004c98    00000038                                   : memory.c.obj (.text:calloc)
                  00004cd0    00000038                                   : fs_tod_t2.asm.obj (.text)
                  00004d08    00000034     driverlib.lib : interrupt.obj (.text:IntRegister)
                  00004d3c    00000034     rtsv7M4_T_le_v4SPD16_eabi.lib : boot_cortex_m.c.obj (.text:_c_int00_noargs:_c_int00_noargs)
                  00004d70    00000030                                   : vsnprintf.c.obj (.text:_outs)
                  00004da0    0000002e                                   : i_tofd_t2.asm.obj (.text)
                  00004dce    00000002     --HOLE-- [fill = 0]
                  00004dd0    00000028                                   : memory.c.obj (.text:free_list_insert)
                  00004df8    00000028                                   : e_sqrtf.c.obj (.text:sqrtf)
                  00004e20    0000001c                                   : copy_zero_init.c.obj (.text:decompress:ZI:__TI_zero_init_nomemset:__TI_zero_init_nomemset)
                  00004e3c    0000001c                                   : memory.c.obj (.text:free_list_remove)
                  00004e58    0000001c                                   : memccpy.c.obj (.text:memccpy)
                  00004e74    0000001a                                   : s_copysign.c.obj (.text:copysign)
                  00004e8e    00000018                                   : vsnprintf.c.obj (.text:_outc)
                  00004ea6    00000018                                   : sprintf.c.obj (.text:_outs)
                  00004ebe    00000018                                   : s_copysignf.c.obj (.text:copysignf)
                  00004ed6    00000018     open_interface.obj (.text:oi_parseInt)
                  00004eee    00000018     rtsv7M4_T_le_v4SPD16_eabi.lib : strcmp.c.obj (.text:strcmp)
                  00004f06    00000016                                   : strchr.c.obj (.text:strchr)
                  00004f1c    00000014                                   : strcpy.c.obj (.text:strcpy)
                  00004f30    00000014                                   : strlen.c.obj (.text:strlen)
                  00004f44    00000012                                   : wcslen.c.obj (.text:wcslen)
                  00004f56    00000010     driverlib.lib : interrupt.obj (.text:IntMasterEnable)
                  00004f66    00000010     lcd.obj (.text:lcd_clear)
                  00004f76    0000000e     rtsv7M4_T_le_v4SPD16_eabi.lib : copy_decompress_none.c.obj (.text:decompress:none:__TI_decompress_none)
                  00004f84    0000000c     driverlib.lib : cpu.obj (.text:CPUcpsie)
                  00004f90    0000000c     tm4c123gh6pm_startup_ccs.obj (.text)
                  00004f9c    0000000a     rtsv7M4_T_le_v4SPD16_eabi.lib : sprintf.c.obj (.text:_outc)
                  00004fa6    00000002     --HOLE-- [fill = 0]
                  00004fa8    00000008                                   : errno.c.obj (.text:__aeabi_errno_addr)
                  00004fb0    00000008                                   : memory.c.obj (.text:malloc)
                  00004fb8    00000004                                   : pre_init.c.obj (.text:_system_pre_init)
                  00004fbc    00000004                                   : exit.c.obj (.text:abort:abort)

.const     0    00004fc0    00000147     
                  00004fc0    00000101     rtsv7M4_T_le_v4SPD16_eabi.lib : ctype.c.obj (.const:.string:_ctypes_)
                  000050c1    00000003     --HOLE-- [fill = 0]
                  000050c4    00000018                                   : e_powf.c.obj (.const:$O1$$)
                  000050dc    0000000f     open_interface.obj (.const:.string:$P$T0$3)
                  000050eb    0000000a     iceCreamSong.obj (.const:.string:$P$T0$1)
                  000050f5    0000000a     iceCreamSong.obj (.const:.string:$P$T1$2)
                  000050ff    00000004     lcd.obj (.const:.string:lineAddress$1)
                  00005103    00000004     lcd.obj (.const:.string:lineAddresses$2)

.cinit     0    00005108    00000060     
                  00005108    00000025     (.cinit..data.load) [load image, compression = lzss]
                  0000512d    00000003     --HOLE-- [fill = 0]
                  00005130    0000000c     (__TI_handler_table)
                  0000513c    00000004     --HOLE-- [fill = 0]
                  00005140    00000008     (.cinit..bss.load) [load image, compression = zero_init]
                  00005148    00000008     (.cinit..vtable.load) [load image, compression = zero_init]
                  00005150    00000018     (__TI_cinit_table)

.init_array 
*          0    00000000    00000000     UNINITIALIZED

.vtable    0    20000000    0000026c     UNINITIALIZED
                  20000000    0000026c     driverlib.lib : interrupt.obj (.vtable)

.stack     0    20000270    00001000     UNINITIALIZED
                  20000270    00000004     rtsv7M4_T_le_v4SPD16_eabi.lib : boot_cortex_m.c.obj (.stack)
                  20000274    00000ffc     --HOLE--

.sysmem    0    20001270    00001000     UNINITIALIZED
                  20001270    00000010     rtsv7M4_T_le_v4SPD16_eabi.lib : memory.c.obj (.sysmem)
                  20001280    00000ff0     --HOLE--

.bss       0    20002270    00000078     UNINITIALIZED
                  20002270    00000054     lcd.obj (.bss:lastbuffer$3)
                  200022c4    00000018     open_interface.obj (.bss:firmware$2)
                  200022dc    00000004     (.common:_timeout_ticks)
                  200022e0    00000004     (.common:leftCalVal)
                  200022e4    00000004     (.common:rightCalVal)

.data      0    200022e8    00000054     UNINITIALIZED
                  200022e8    00000020     open_interface.obj (.data)
                  20002308    00000009     ping_template.obj (.data)
                  20002311    00000001     Timer.obj (.data)
                  20002312    00000001     button.obj (.data)
                  20002313    00000001     --HOLE--
                  20002314    00000009     uart-interrupt.obj (.data)
                  2000231d    00000003     --HOLE--
                  20002320    00000008     rtsv7M4_T_le_v4SPD16_eabi.lib : _lock.c.obj (.data:$O1$$)
                  20002328    00000008                                   : memory.c.obj (.data:$O1$$)
                  20002330    00000008     movement.obj (.data)
                  20002338    00000004     rtsv7M4_T_le_v4SPD16_eabi.lib : errno.c.obj (.data)

__llvm_prf_cnts 
*          0    20000000    00000000     UNINITIALIZED

MODULE SUMMARY

       Module                         code    ro data   rw data
       ------                         ----    -------   -------
    .\
       open_interface.obj             3128    15        56     
       movement.obj                   1112    0         8      
       main.obj                       1004    0         8      
       lcd.obj                        824     8         84     
       servo.obj                      776     0         0      
       ping_template.obj              704     0         9      
       tm4c123gh6pm_startup_ccs.obj   12      620       0      
       uart-interrupt.obj             612     0         9      
       Timer.obj                      584     0         5      
       adc.obj                        276     0         0      
       button.obj                     132     0         1      
       iceCreamSong.obj               80      20        0      
    +--+------------------------------+-------+---------+---------+
       Total:                         9244    663       180    
                                                               
    C:/ti/TivaWare_C_Series-2.2.0.295/driverlib/ccs/Debug/driverlib.lib
       interrupt.obj                  68      0         620    
       cpu.obj                        12      0         0      
    +--+------------------------------+-------+---------+---------+
       Total:                         80      0         620    
                                                               
    C:\ti\ccs1271\ccs\tools\compiler\ti-cgt-arm_20.2.7.LTS\lib\rtsv7M4_T_le_v4SPD16_eabi.lib
       _printfi.c.obj                 4851    0         0      
       e_powf.c.obj                   1420    24        0      
       memory.c.obj                   728     0         8      
       fd_add_t2.asm.obj              438     0         0      
       fd_div_t2.asm.obj              310     0         0      
       s_scalbn.c.obj                 272     0         0      
       fd_cmp_t2.asm.obj              268     0         0      
       ctype.c.obj                    0       257       0      
       fd_mul_t2.asm.obj              252     0         0      
       s_scalbnf.c.obj                208     0         0      
       memcpy_t2.asm.obj              156     0         0      
       ull_div_t2.asm.obj             150     0         0      
       vsnprintf.c.obj                136     0         0      
       memset_t2.asm.obj              122     0         0      
       fd_tos_t2.asm.obj              110     0         0      
       copy_decompress_lzss.c.obj     104     0         0      
       s_frexp.c.obj                  100     0         0      
       sprintf.c.obj                  98      0         0      
       _ltoa.c.obj                    84      0         0      
       atoi.c.obj                     76      0         0      
       fd_toi_t2.asm.obj              72      0         0      
       autoinit.c.obj                 68      0         0      
       fs_tod_t2.asm.obj              56      0         0      
       boot_cortex_m.c.obj            52      0         0      
       i_tofd_t2.asm.obj              46      0         0      
       e_sqrtf.c.obj                  40      0         0      
       copy_zero_init.c.obj           28      0         0      
       memccpy.c.obj                  28      0         0      
       s_copysign.c.obj               26      0         0      
       s_copysignf.c.obj              24      0         0      
       strcmp.c.obj                   24      0         0      
       strchr.c.obj                   22      0         0      
       strcpy.c.obj                   20      0         0      
       strlen.c.obj                   20      0         0      
       wcslen.c.obj                   18      0         0      
       copy_decompress_none.c.obj     14      0         0      
       errno.c.obj                    8       0         4      
       _lock.c.obj                    2       0         8      
       exit.c.obj                     4       0         0      
       pre_init.c.obj                 4       0         0      
       div0.asm.obj                   2       0         0      
    +--+------------------------------+-------+---------+---------+
       Total:                         10461   281       20     
                                                               
       Heap:                          0       0         4096   
       Stack:                         0       0         4096   
       Linker Generated:              0       89        0      
    +--+------------------------------+-------+---------+---------+
       Grand Total:                   19785   1033      9012   


LINKER GENERATED COPY TABLES

__TI_cinit_table @ 00005150 records: 3, size/record: 8, table size: 24
	.data: load addr=00005108, load size=00000025 bytes, run addr=200022e8, run size=00000054 bytes, compression=lzss
	.bss: load addr=00005140, load size=00000008 bytes, run addr=20002270, run size=00000078 bytes, compression=zero_init
	.vtable: load addr=00005148, load size=00000008 bytes, run addr=20000000, run size=0000026c bytes, compression=zero_init


LINKER GENERATED HANDLER TABLE

__TI_handler_table @ 00005130 records: 3, size/record: 4, table size: 12
	index: 0, handler: __TI_zero_init
	index: 1, handler: __TI_decompress_lzss
	index: 2, handler: __TI_decompress_none


GLOBAL SYMBOLS: SORTED ALPHABETICALLY BY Name 

address   name                          
-------   ----                          
00004fbd  C$$EXIT                       
00004f85  CPUcpsie                      
00000bc3  GPIOF_Handler                 
00004f57  IntMasterEnable               
00004d09  IntRegister                   
00004f91  ResetISR                      
00002e21  TIMER3B_Handler               
00003331  UART1_Handler                 
20001270  __STACK_END                   
00001000  __STACK_SIZE                  
20000470  __STACK_TOP                   
00001000  __SYSMEM_SIZE                 
00005150  __TI_CINIT_Base               
00005168  __TI_CINIT_Limit              
00005130  __TI_Handler_Table_Base       
0000513c  __TI_Handler_Table_Limit      
00004b95  __TI_auto_init_nobinit_nopinit
000048e9  __TI_decompress_lzss          
00004f77  __TI_decompress_none          
00004a0b  __TI_ltoa                     
ffffffff  __TI_pprof_out_hndl           
00000e8d  __TI_printfi                  
ffffffff  __TI_prof_data_size           
ffffffff  __TI_prof_data_start          
00000000  __TI_static_base__            
00004e21  __TI_zero_init_nomemset       
00004591  __aeabi_cdcmpeq               
00004591  __aeabi_cdcmple               
00004617  __aeabi_cdrcmple              
0000487b  __aeabi_d2f                   
00004b4d  __aeabi_d2iz                  
00003893  __aeabi_dadd                  
00003b7d  __aeabi_ddiv                  
000040fd  __aeabi_dmul                  
00003889  __aeabi_dsub                  
00004fa9  __aeabi_errno_addr            
00004cd1  __aeabi_f2d                   
00004da1  __aeabi_i2d                   
00003a3f  __aeabi_idiv0                 
00003a3f  __aeabi_ldiv0                 
00004721  __aeabi_memclr                
00004721  __aeabi_memclr4               
00004721  __aeabi_memclr8               
0000445f  __aeabi_memcpy                
0000445f  __aeabi_memcpy4               
0000445f  __aeabi_memcpy8               
00004723  __aeabi_memset                
00004723  __aeabi_memset4               
00004723  __aeabi_memset8               
000044fb  __aeabi_uldivmod              
ffffffff  __binit__                     
ffffffff  __c_args__                    
UNDEFED   __mpu_init                    
20000270  __stack                       
20000000  __start___llvm_prf_cnts       
20000000  __stop___llvm_prf_cnts        
00004d3d  _c_int00_noargs               
00004fc0  _ctypes_                      
20002320  _lock                         
000018db  _nop                          
20002311  _running                      
20001270  _sys_memory                   
UNDEFED   _system_post_cinit            
00004fb9  _system_pre_init              
200022dc  _timeout_ticks                
20002324  _unlock                       
00004fbd  abort                         
00003dd9  adc_init                      
00003ffd  aligned_alloc                 
00004b01  atoi                          
ffffffff  binit                         
0000201f  bumpDetect                    
000046d1  button_getButton              
0000469d  button_init                   
00004c99  calloc                        
20002314  command_byte                  
20002318  command_flag                  
00004e75  copysign                      
00004ebf  copysignf                     
00004e75  copysignl                     
20002338  errno                         
000041f9  free                          
00002289  freeBot                       
00004951  frexp                         
00004951  frexpl                        
2000230c  g_end_time                    
20000000  g_pfnRAMVectors               
00000000  g_pfnVectors                  
20002308  g_start_time                  
20002310  g_state                       
00003e6f  get_ADC                       
00001e69  get_current_heading           
0000097f  go_charge                     
00004f67  lcd_clear                     
00002881  lcd_gotoLine                  
000026e9  lcd_init                      
000028e7  lcd_printf                    
000027a9  lcd_putc                      
000027e1  lcd_puts                      
000026ad  lcd_reverseNibble             
000027ff  lcd_sendCommand               
0000283d  lcd_sendNibble                
000028a9  lcd_setCursorPos              
00003eed  ldexp                         
000042dd  ldexpf                        
00003eed  ldexpl                        
200022e0  leftCalVal                    
0000237d  main                          
00004fb1  malloc                        
00003ffd  memalign                      
00004e59  memccpy                       
0000445f  memcpy                        
00004729  memset                        
200022e8  motor_cal_factor_L            
200022ec  motor_cal_factor_R            
000020dd  move_backward                 
00001ed1  move_forward                  
00001f5f  navAroundObject               
0000026d  oi_alloc                      
00000aa9  oi_checkFirmware              
000002c7  oi_close                      
00000279  oi_free                       
00000ded  oi_getMotorCalibrationLeft    
00000e01  oi_getMotorCalibrationRight   
000002b1  oi_init                       
00000289  oi_init_noupdate              
00000915  oi_loadSong                   
00004ed7  oi_parseInt                   
0000032b  oi_parsePacket                
0000096b  oi_play_song                  
0000084b  oi_setLeds                    
00000db1  oi_setMotorCalibration        
0000088f  oi_setWheels                  
00000b51  oi_shutoff_init               
0000098d  oi_uartInit                   
00000a31  oi_uartReceive                
00000a77  oi_uartSendBuff               
00000a15  oi_uartSendChar               
00000a59  oi_uartSendStr                
000002d9  oi_update                     
00002e61  ping_getDistance              
00002cdd  ping_init                     
00002d97  ping_trigger                  
000018dd  powf                          
2000231c  receiveByte                   
200022e4  rightCalVal                   
00003eed  scalbn                        
000042dd  scalbnf                       
00003eed  scalbnl                       
00002361  send_message                  
00002323  send_scan_data                
000022c1  send_sensor_data              
00002b31  servoCal                      
000029d5  servo_init                    
00004ab1  setup_ice_cream_jingle        
00004bd9  sprintf                       
00004df9  sqrtf                         
00004f07  strchr                        
00004eef  strcmp                        
00004f1d  strcpy                        
00004f31  strlen                        
0000358f  timer_getMicros               
00003537  timer_getMillis               
00003471  timer_init                    
00003513  timer_pause                   
00003525  timer_resume                  
000034e9  timer_stop                    
000035e9  timer_waitMicros              
0000361b  timer_waitMillis              
00004aed  trigger_ice_cream_jingle      
00002a67  turnDegree                    
00002207  turn_left                     
00002161  turn_right                    
0000320d  uart_interrupt_init           
000032ed  uart_receive                  
000032d1  uart_sendChar                 
00003313  uart_sendStr                  
00004c19  vsnprintf                     
00004f45  wcslen                        


GLOBAL SYMBOLS: SORTED BY Symbol Address 

address   name                          
-------   ----                          
00000000  __TI_static_base__            
00000000  g_pfnVectors                  
0000026d  oi_alloc                      
00000279  oi_free                       
00000289  oi_init_noupdate              
000002b1  oi_init                       
000002c7  oi_close                      
000002d9  oi_update                     
0000032b  oi_parsePacket                
0000084b  oi_setLeds                    
0000088f  oi_setWheels                  
00000915  oi_loadSong                   
0000096b  oi_play_song                  
0000097f  go_charge                     
0000098d  oi_uartInit                   
00000a15  oi_uartSendChar               
00000a31  oi_uartReceive                
00000a59  oi_uartSendStr                
00000a77  oi_uartSendBuff               
00000aa9  oi_checkFirmware              
00000b51  oi_shutoff_init               
00000bc3  GPIOF_Handler                 
00000db1  oi_setMotorCalibration        
00000ded  oi_getMotorCalibrationLeft    
00000e01  oi_getMotorCalibrationRight   
00000e8d  __TI_printfi                  
00001000  __STACK_SIZE                  
00001000  __SYSMEM_SIZE                 
000018db  _nop                          
000018dd  powf                          
00001e69  get_current_heading           
00001ed1  move_forward                  
00001f5f  navAroundObject               
0000201f  bumpDetect                    
000020dd  move_backward                 
00002161  turn_right                    
00002207  turn_left                     
00002289  freeBot                       
000022c1  send_sensor_data              
00002323  send_scan_data                
00002361  send_message                  
0000237d  main                          
000026ad  lcd_reverseNibble             
000026e9  lcd_init                      
000027a9  lcd_putc                      
000027e1  lcd_puts                      
000027ff  lcd_sendCommand               
0000283d  lcd_sendNibble                
00002881  lcd_gotoLine                  
000028a9  lcd_setCursorPos              
000028e7  lcd_printf                    
000029d5  servo_init                    
00002a67  turnDegree                    
00002b31  servoCal                      
00002cdd  ping_init                     
00002d97  ping_trigger                  
00002e21  TIMER3B_Handler               
00002e61  ping_getDistance              
0000320d  uart_interrupt_init           
000032d1  uart_sendChar                 
000032ed  uart_receive                  
00003313  uart_sendStr                  
00003331  UART1_Handler                 
00003471  timer_init                    
000034e9  timer_stop                    
00003513  timer_pause                   
00003525  timer_resume                  
00003537  timer_getMillis               
0000358f  timer_getMicros               
000035e9  timer_waitMicros              
0000361b  timer_waitMillis              
00003889  __aeabi_dsub                  
00003893  __aeabi_dadd                  
00003a3f  __aeabi_idiv0                 
00003a3f  __aeabi_ldiv0                 
00003b7d  __aeabi_ddiv                  
00003dd9  adc_init                      
00003e6f  get_ADC                       
00003eed  ldexp                         
00003eed  ldexpl                        
00003eed  scalbn                        
00003eed  scalbnl                       
00003ffd  aligned_alloc                 
00003ffd  memalign                      
000040fd  __aeabi_dmul                  
000041f9  free                          
000042dd  ldexpf                        
000042dd  scalbnf                       
0000445f  __aeabi_memcpy                
0000445f  __aeabi_memcpy4               
0000445f  __aeabi_memcpy8               
0000445f  memcpy                        
000044fb  __aeabi_uldivmod              
00004591  __aeabi_cdcmpeq               
00004591  __aeabi_cdcmple               
00004617  __aeabi_cdrcmple              
0000469d  button_init                   
000046d1  button_getButton              
00004721  __aeabi_memclr                
00004721  __aeabi_memclr4               
00004721  __aeabi_memclr8               
00004723  __aeabi_memset                
00004723  __aeabi_memset4               
00004723  __aeabi_memset8               
00004729  memset                        
0000487b  __aeabi_d2f                   
000048e9  __TI_decompress_lzss          
00004951  frexp                         
00004951  frexpl                        
00004a0b  __TI_ltoa                     
00004ab1  setup_ice_cream_jingle        
00004aed  trigger_ice_cream_jingle      
00004b01  atoi                          
00004b4d  __aeabi_d2iz                  
00004b95  __TI_auto_init_nobinit_nopinit
00004bd9  sprintf                       
00004c19  vsnprintf                     
00004c99  calloc                        
00004cd1  __aeabi_f2d                   
00004d09  IntRegister                   
00004d3d  _c_int00_noargs               
00004da1  __aeabi_i2d                   
00004df9  sqrtf                         
00004e21  __TI_zero_init_nomemset       
00004e59  memccpy                       
00004e75  copysign                      
00004e75  copysignl                     
00004ebf  copysignf                     
00004ed7  oi_parseInt                   
00004eef  strcmp                        
00004f07  strchr                        
00004f1d  strcpy                        
00004f31  strlen                        
00004f45  wcslen                        
00004f57  IntMasterEnable               
00004f67  lcd_clear                     
00004f77  __TI_decompress_none          
00004f85  CPUcpsie                      
00004f91  ResetISR                      
00004fa9  __aeabi_errno_addr            
00004fb1  malloc                        
00004fb9  _system_pre_init              
00004fbd  C$$EXIT                       
00004fbd  abort                         
00004fc0  _ctypes_                      
00005130  __TI_Handler_Table_Base       
0000513c  __TI_Handler_Table_Limit      
00005150  __TI_CINIT_Base               
00005168  __TI_CINIT_Limit              
20000000  __start___llvm_prf_cnts       
20000000  __stop___llvm_prf_cnts        
20000000  g_pfnRAMVectors               
20000270  __stack                       
20000470  __STACK_TOP                   
20001270  __STACK_END                   
20001270  _sys_memory                   
200022dc  _timeout_ticks                
200022e0  leftCalVal                    
200022e4  rightCalVal                   
200022e8  motor_cal_factor_L            
200022ec  motor_cal_factor_R            
20002308  g_start_time                  
2000230c  g_end_time                    
20002310  g_state                       
20002311  _running                      
20002314  command_byte                  
20002318  command_flag                  
2000231c  receiveByte                   
20002320  _lock                         
20002324  _unlock                       
20002338  errno                         
ffffffff  __TI_pprof_out_hndl           
ffffffff  __TI_prof_data_size           
ffffffff  __TI_prof_data_start          
ffffffff  __binit__                     
ffffffff  __c_args__                    
ffffffff  binit                         
UNDEFED   __mpu_init                    
UNDEFED   _system_post_cinit            

[179 symbols]
