******************************************************************************
                  TI ARM Linker PC v20.2.7                     
******************************************************************************
>> Linked Wed May  7 23:35:26 2025

OUTPUT FILE NAME:   <shit.out>
ENTRY POINT SYMBOL: "_c_int00_noargs"  address: 00004e1d


MEMORY CONFIGURATION

         name            origin    length      used     unused   attr    fill
----------------------  --------  ---------  --------  --------  ----  --------
  FLASH                 00000000   00040000  0000523f  0003adc1  R  X
  SRAM                  20000000   00008000  00002334  00005ccc  RW X


SEGMENT ALLOCATION MAP

run origin  load origin   length   init length attrs members
----------  ----------- ---------- ----------- ----- -------
00000000    00000000    00005240   00005240    r-x
  00000000    00000000    0000026c   0000026c    r-- .intvecs
  0000026c    0000026c    00004e34   00004e34    r-x .text
  000050a0    000050a0    00000147   00000147    r-- .const
  000051e8    000051e8    00000058   00000058    r-- .cinit
20000000    20000000    00002338   00000000    rw-
  20000000    20000000    0000026c   00000000    rw- .vtable
  20000270    20000270    00001000   00000000    rw- .stack
  20001270    20001270    00001000   00000000    rw- .sysmem
  20002270    20002270    0000007c   00000000    rw- .bss
  200022ec    200022ec    0000004c   00000000    rw- .data


SECTION ALLOCATION MAP

 output                                  attributes/
section   page    origin      length       input sections
--------  ----  ----------  ----------   ----------------
.intvecs   0    00000000    0000026c     
                  00000000    0000026c     tm4c123gh6pm_startup_ccs.obj (.intvecs)

.text      0    0000026c    00004e34     
                  0000026c    00000c20     open_interface.obj (.text)
                  00000e8c    00000a4e     rtsv7M4_T_le_v4SPD16_eabi.lib : _printfi.c.obj (.text:__TI_printfi)
                  000018da    00000002                                   : _lock.c.obj (.text:_nop)
                  000018dc    0000058c                                   : e_powf.c.obj (.text:powf)
                  00001e68    00000498     uart-interrupt.obj (.text)
                  00002300    00000390     main.obj (.text)
                  00002690    00000328     lcd.obj (.text)
                  000029b8    0000031c     movement.obj (.text)
                  00002cd4    00000308     servo.obj (.text)
                  00002fdc    000002c0     ping_template.obj (.text)
                  0000329c    00000270     rtsv7M4_T_le_v4SPD16_eabi.lib : _printfi.c.obj (.text:_pconv_a)
                  0000350c    00000248     Timer.obj (.text)
                  00003754    000001d0     rtsv7M4_T_le_v4SPD16_eabi.lib : _printfi.c.obj (.text:_pconv_g)
                  00003924    000001b6                                   : fd_add_t2.asm.obj (.text)
                  00003ada    00000002                                   : div0.asm.obj (.text)
                  00003adc    00000158     adc.obj (.text)
                  00003c34    0000013c     rtsv7M4_T_le_v4SPD16_eabi.lib : _printfi.c.obj (.text:_pconv_e)
                  00003d70    00000136                                   : fd_div_t2.asm.obj (.text)
                  00003ea6    00000002     --HOLE-- [fill = 0]
                  00003ea8    00000124                                   : _printfi.c.obj (.text:fcvt)
                  00003fcc    00000110                                   : s_scalbn.c.obj (.text:scalbn)
                  000040dc    00000100                                   : memory.c.obj (.text:aligned_alloc)
                  000041dc    000000fc                                   : fd_mul_t2.asm.obj (.text)
                  000042d8    000000e4                                   : memory.c.obj (.text:free)
                  000043bc    000000d0                                   : s_scalbnf.c.obj (.text:scalbnf)
                  0000448c    000000b1                                   : _printfi.c.obj (.text:_ltostr)
                  0000453d    00000001     --HOLE-- [fill = 0]
                  0000453e    0000009c                                   : memcpy_t2.asm.obj (.text)
                  000045da    00000096                                   : ull_div_t2.asm.obj (.text)
                  00004670    00000086                                   : fd_cmp_t2.asm.obj (.text:__aeabi_cdcmple)
                  000046f6    00000086                                   : fd_cmp_t2.asm.obj (.text:__aeabi_cdrcmple)
                  0000477c    00000084     button.obj (.text)
                  00004800    0000007a     rtsv7M4_T_le_v4SPD16_eabi.lib : memset_t2.asm.obj (.text)
                  0000487a    00000002     --HOLE-- [fill = 0]
                  0000487c    00000070                                   : memory.c.obj (.text:split)
                  000048ec    0000006e                                   : _printfi.c.obj (.text:_mcpy)
                  0000495a    0000006e                                   : fd_tos_t2.asm.obj (.text)
                  000049c8    00000068                                   : copy_decompress_lzss.c.obj (.text:decompress:lzss:__TI_decompress_lzss)
                  00004a30    00000064                                   : s_frexp.c.obj (.text:frexp)
                  00004a94    00000056                                   : _printfi.c.obj (.text:_pconv_f)
                  00004aea    00000054                                   : _ltoa.c.obj (.text:__TI_ltoa)
                  00004b3e    00000052                                   : _printfi.c.obj (.text:_ecpy)
                  00004b90    00000050     iceCreamSong.obj (.text)
                  00004be0    0000004c     rtsv7M4_T_le_v4SPD16_eabi.lib : atoi.c.obj (.text:atoi)
                  00004c2c    00000048                                   : fd_toi_t2.asm.obj (.text)
                  00004c74    00000044                                   : autoinit.c.obj (.text:__TI_auto_init_nobinit_nopinit:__TI_auto_init_nobinit_nopinit)
                  00004cb8    00000040                                   : sprintf.c.obj (.text:sprintf)
                  00004cf8    00000040                                   : vsnprintf.c.obj (.text:vsnprintf)
                  00004d38    0000003e                                   : _printfi.c.obj (.text:_fcpy)
                  00004d76    00000002     --HOLE-- [fill = 0]
                  00004d78    00000038                                   : memory.c.obj (.text:calloc)
                  00004db0    00000038                                   : fs_tod_t2.asm.obj (.text)
                  00004de8    00000034     driverlib.lib : interrupt.obj (.text:IntRegister)
                  00004e1c    00000034     rtsv7M4_T_le_v4SPD16_eabi.lib : boot_cortex_m.c.obj (.text:_c_int00_noargs:_c_int00_noargs)
                  00004e50    00000030                                   : vsnprintf.c.obj (.text:_outs)
                  00004e80    0000002e                                   : i_tofd_t2.asm.obj (.text)
                  00004eae    00000002     --HOLE-- [fill = 0]
                  00004eb0    00000028                                   : memory.c.obj (.text:free_list_insert)
                  00004ed8    00000028                                   : e_sqrtf.c.obj (.text:sqrtf)
                  00004f00    0000001c                                   : copy_zero_init.c.obj (.text:decompress:ZI:__TI_zero_init_nomemset:__TI_zero_init_nomemset)
                  00004f1c    0000001c                                   : memory.c.obj (.text:free_list_remove)
                  00004f38    0000001c                                   : memccpy.c.obj (.text:memccpy)
                  00004f54    0000001a                                   : s_copysign.c.obj (.text:copysign)
                  00004f6e    00000018                                   : vsnprintf.c.obj (.text:_outc)
                  00004f86    00000018                                   : sprintf.c.obj (.text:_outs)
                  00004f9e    00000018                                   : s_copysignf.c.obj (.text:copysignf)
                  00004fb6    00000018     open_interface.obj (.text:oi_parseInt)
                  00004fce    00000018     rtsv7M4_T_le_v4SPD16_eabi.lib : strcmp.c.obj (.text:strcmp)
                  00004fe6    00000016                                   : strchr.c.obj (.text:strchr)
                  00004ffc    00000014                                   : strcpy.c.obj (.text:strcpy)
                  00005010    00000014                                   : strlen.c.obj (.text:strlen)
                  00005024    00000012                                   : wcslen.c.obj (.text:wcslen)
                  00005036    00000010     driverlib.lib : interrupt.obj (.text:IntMasterEnable)
                  00005046    00000010     lcd.obj (.text:lcd_clear)
                  00005056    0000000e     rtsv7M4_T_le_v4SPD16_eabi.lib : copy_decompress_none.c.obj (.text:decompress:none:__TI_decompress_none)
                  00005064    0000000c     driverlib.lib : cpu.obj (.text:CPUcpsie)
                  00005070    0000000c     tm4c123gh6pm_startup_ccs.obj (.text)
                  0000507c    0000000a     rtsv7M4_T_le_v4SPD16_eabi.lib : sprintf.c.obj (.text:_outc)
                  00005086    00000002     --HOLE-- [fill = 0]
                  00005088    00000008                                   : errno.c.obj (.text:__aeabi_errno_addr)
                  00005090    00000008                                   : memory.c.obj (.text:malloc)
                  00005098    00000004                                   : pre_init.c.obj (.text:_system_pre_init)
                  0000509c    00000004                                   : exit.c.obj (.text:abort:abort)

.const     0    000050a0    00000147     
                  000050a0    00000101     rtsv7M4_T_le_v4SPD16_eabi.lib : ctype.c.obj (.const:.string:_ctypes_)
                  000051a1    00000003     --HOLE-- [fill = 0]
                  000051a4    00000018                                   : e_powf.c.obj (.const:$O1$$)
                  000051bc    0000000f     open_interface.obj (.const:.string:$P$T0$3)
                  000051cb    0000000a     iceCreamSong.obj (.const:.string:$P$T0$1)
                  000051d5    0000000a     iceCreamSong.obj (.const:.string:$P$T1$2)
                  000051df    00000004     lcd.obj (.const:.string:lineAddress$1)
                  000051e3    00000004     lcd.obj (.const:.string:lineAddresses$2)

.cinit     0    000051e8    00000058     
                  000051e8    00000020     (.cinit..data.load) [load image, compression = lzss]
                  00005208    0000000c     (__TI_handler_table)
                  00005214    00000004     --HOLE-- [fill = 0]
                  00005218    00000008     (.cinit..bss.load) [load image, compression = zero_init]
                  00005220    00000008     (.cinit..vtable.load) [load image, compression = zero_init]
                  00005228    00000018     (__TI_cinit_table)

.init_array 
*          0    00000000    00000000     UNINITIALIZED

.vtable    0    20000000    0000026c     UNINITIALIZED
                  20000000    0000026c     driverlib.lib : interrupt.obj (.vtable)

.stack     0    20000270    00001000     UNINITIALIZED
                  20000270    00000004     rtsv7M4_T_le_v4SPD16_eabi.lib : boot_cortex_m.c.obj (.stack)
                  20000274    00000ffc     --HOLE--

.sysmem    0    20001270    00001000     UNINITIALIZED
                  20001270    00000010     rtsv7M4_T_le_v4SPD16_eabi.lib : memory.c.obj (.sysmem)
                  20001280    00000ff0     --HOLE--

.bss       0    20002270    0000007c     UNINITIALIZED
                  20002270    00000054     lcd.obj (.bss:lastbuffer$3)
                  200022c4    00000018     open_interface.obj (.bss:firmware$2)
                  200022dc    00000004     (.common:_timeout_ticks)
                  200022e0    00000004     (.common:currentHeading)
                  200022e4    00000004     (.common:leftCalVal)
                  200022e8    00000004     (.common:rightCalVal)

.data      0    200022ec    0000004c     UNINITIALIZED
                  200022ec    00000020     open_interface.obj (.data)
                  2000230c    00000009     ping_template.obj (.data)
                  20002315    00000001     Timer.obj (.data)
                  20002316    00000001     button.obj (.data)
                  20002317    00000001     --HOLE--
                  20002318    00000009     uart-interrupt.obj (.data)
                  20002321    00000003     --HOLE--
                  20002324    00000008     rtsv7M4_T_le_v4SPD16_eabi.lib : _lock.c.obj (.data:$O1$$)
                  2000232c    00000008                                   : memory.c.obj (.data:$O1$$)
                  20002334    00000004                                   : errno.c.obj (.data)

__llvm_prf_cnts 
*          0    20000000    00000000     UNINITIALIZED

MODULE SUMMARY

       Module                         code    ro data   rw data
       ------                         ----    -------   -------
    .\
       open_interface.obj             3128    15        56     
       uart-interrupt.obj             1176    0         13     
       main.obj                       912     0         8      
       lcd.obj                        824     8         84     
       movement.obj                   796     0         0      
       servo.obj                      776     0         0      
       ping_template.obj              704     0         9      
       tm4c123gh6pm_startup_ccs.obj   12      620       0      
       Timer.obj                      584     0         5      
       adc.obj                        344     0         0      
       button.obj                     132     0         1      
       iceCreamSong.obj               80      20        0      
    +--+------------------------------+-------+---------+---------+
       Total:                         9468    663       176    
                                                               
    C:/ti/TivaWare_C_Series-2.2.0.295/driverlib/ccs/Debug/driverlib.lib
       interrupt.obj                  68      0         620    
       cpu.obj                        12      0         0      
    +--+------------------------------+-------+---------+---------+
       Total:                         80      0         620    
                                                               
    D:\ti\ccs1271\ccs\tools\compiler\ti-cgt-arm_20.2.7.LTS\lib\rtsv7M4_T_le_v4SPD16_eabi.lib
       _printfi.c.obj                 4851    0         0      
       e_powf.c.obj                   1420    24        0      
       memory.c.obj                   728     0         8      
       fd_add_t2.asm.obj              438     0         0      
       fd_div_t2.asm.obj              310     0         0      
       s_scalbn.c.obj                 272     0         0      
       fd_cmp_t2.asm.obj              268     0         0      
       ctype.c.obj                    0       257       0      
       fd_mul_t2.asm.obj              252     0         0      
       s_scalbnf.c.obj                208     0         0      
       memcpy_t2.asm.obj              156     0         0      
       ull_div_t2.asm.obj             150     0         0      
       vsnprintf.c.obj                136     0         0      
       memset_t2.asm.obj              122     0         0      
       fd_tos_t2.asm.obj              110     0         0      
       copy_decompress_lzss.c.obj     104     0         0      
       s_frexp.c.obj                  100     0         0      
       sprintf.c.obj                  98      0         0      
       _ltoa.c.obj                    84      0         0      
       atoi.c.obj                     76      0         0      
       fd_toi_t2.asm.obj              72      0         0      
       autoinit.c.obj                 68      0         0      
       fs_tod_t2.asm.obj              56      0         0      
       boot_cortex_m.c.obj            52      0         0      
       i_tofd_t2.asm.obj              46      0         0      
       e_sqrtf.c.obj                  40      0         0      
       copy_zero_init.c.obj           28      0         0      
       memccpy.c.obj                  28      0         0      
       s_copysign.c.obj               26      0         0      
       s_copysignf.c.obj              24      0         0      
       strcmp.c.obj                   24      0         0      
       strchr.c.obj                   22      0         0      
       strcpy.c.obj                   20      0         0      
       strlen.c.obj                   20      0         0      
       wcslen.c.obj                   18      0         0      
       copy_decompress_none.c.obj     14      0         0      
       errno.c.obj                    8       0         4      
       _lock.c.obj                    2       0         8      
       exit.c.obj                     4       0         0      
       pre_init.c.obj                 4       0         0      
       div0.asm.obj                   2       0         0      
    +--+------------------------------+-------+---------+---------+
       Total:                         10461   281       20     
                                                               
       Heap:                          0       0         4096   
       Stack:                         0       0         4096   
       Linker Generated:              0       84        0      
    +--+------------------------------+-------+---------+---------+
       Grand Total:                   20009   1028      9008   


LINKER GENERATED COPY TABLES

__TI_cinit_table @ 00005228 records: 3, size/record: 8, table size: 24
	.data: load addr=000051e8, load size=00000020 bytes, run addr=200022ec, run size=0000004c bytes, compression=lzss
	.bss: load addr=00005218, load size=00000008 bytes, run addr=20002270, run size=0000007c bytes, compression=zero_init
	.vtable: load addr=00005220, load size=00000008 bytes, run addr=20000000, run size=0000026c bytes, compression=zero_init


LINKER GENERATED HANDLER TABLE

__TI_handler_table @ 00005208 records: 3, size/record: 4, table size: 12
	index: 0, handler: __TI_zero_init
	index: 1, handler: __TI_decompress_lzss
	index: 2, handler: __TI_decompress_none


GLOBAL SYMBOLS: SORTED ALPHABETICALLY BY Name 

address   name                          
-------   ----                          
0000509d  C$$EXIT                       
00005065  CPUcpsie                      
00000bc3  GPIOF_Handler                 
00005037  IntMasterEnable               
00004de9  IntRegister                   
00005071  ResetISR                      
00003121  TIMER3B_Handler               
00001f8d  UART1_Handler                 
20001270  __STACK_END                   
00001000  __STACK_SIZE                  
20000470  __STACK_TOP                   
00001000  __SYSMEM_SIZE                 
00005228  __TI_CINIT_Base               
00005240  __TI_CINIT_Limit              
00005208  __TI_Handler_Table_Base       
00005214  __TI_Handler_Table_Limit      
00004c75  __TI_auto_init_nobinit_nopinit
000049c9  __TI_decompress_lzss          
00005057  __TI_decompress_none          
00004aeb  __TI_ltoa                     
ffffffff  __TI_pprof_out_hndl           
00000e8d  __TI_printfi                  
ffffffff  __TI_prof_data_size           
ffffffff  __TI_prof_data_start          
00000000  __TI_static_base__            
00004f01  __TI_zero_init_nomemset       
00004671  __aeabi_cdcmpeq               
00004671  __aeabi_cdcmple               
000046f7  __aeabi_cdrcmple              
0000495b  __aeabi_d2f                   
00004c2d  __aeabi_d2iz                  
0000392f  __aeabi_dadd                  
00003d71  __aeabi_ddiv                  
000041dd  __aeabi_dmul                  
00003925  __aeabi_dsub                  
00005089  __aeabi_errno_addr            
00004db1  __aeabi_f2d                   
00004e81  __aeabi_i2d                   
00003adb  __aeabi_idiv0                 
00003adb  __aeabi_ldiv0                 
00004801  __aeabi_memclr                
00004801  __aeabi_memclr4               
00004801  __aeabi_memclr8               
0000453f  __aeabi_memcpy                
0000453f  __aeabi_memcpy4               
0000453f  __aeabi_memcpy8               
00004803  __aeabi_memset                
00004803  __aeabi_memset4               
00004803  __aeabi_memset8               
000045db  __aeabi_uldivmod              
ffffffff  __binit__                     
ffffffff  __c_args__                    
UNDEFED   __mpu_init                    
20000270  __stack                       
20000000  __start___llvm_prf_cnts       
20000000  __stop___llvm_prf_cnts        
00004e1d  _c_int00_noargs               
000050a0  _ctypes_                      
20002324  _lock                         
000018db  _nop                          
20002315  _running                      
20001270  _sys_memory                   
UNDEFED   _system_post_cinit            
00005099  _system_pre_init              
200022dc  _timeout_ticks                
20002328  _unlock                       
0000509d  abort                         
00003add  adc_init                      
000040dd  aligned_alloc                 
00004be1  atoi                          
ffffffff  binit                         
000047b1  button_getButton              
0000477d  button_init                   
00004d79  calloc                        
00002b91  checkBotSensors               
20002318  command_byte                  
2000231c  command_flag                  
00004f55  copysign                      
00004f9f  copysignf                     
00004f55  copysignl                     
200022e0  currentHeading                
20002334  errno                         
000042d9  free                          
00002c61  freeBot                       
00004a31  frexp                         
00004a31  frexpl                        
20002310  g_end_time                    
20000000  g_pfnRAMVectors               
00000000  g_pfnVectors                  
2000230c  g_start_time                  
20002314  g_state                       
00003b73  get_ADC                       
00003ba5  get_avgADC                    
0000097f  go_charge                     
00005047  lcd_clear                     
00002865  lcd_gotoLine                  
000026cd  lcd_init                      
000028cb  lcd_printf                    
0000278d  lcd_putc                      
000027c5  lcd_puts                      
00002691  lcd_reverseNibble             
000027e3  lcd_sendCommand               
00002821  lcd_sendNibble                
0000288d  lcd_setCursorPos              
00003fcd  ldexp                         
000043bd  ldexpf                        
00003fcd  ldexpl                        
200022e4  leftCalVal                    
00002301  main                          
00005091  malloc                        
000040dd  memalign                      
00004f39  memccpy                       
0000453f  memcpy                        
00004809  memset                        
200022ec  motor_cal_factor_L            
200022f0  motor_cal_factor_R            
00002a35  move_backward                 
000029b9  move_forward                  
0000026d  oi_alloc                      
00000aa9  oi_checkFirmware              
000002c7  oi_close                      
00000279  oi_free                       
00000ded  oi_getMotorCalibrationLeft    
00000e01  oi_getMotorCalibrationRight   
000002b1  oi_init                       
00000289  oi_init_noupdate              
00000915  oi_loadSong                   
00004fb7  oi_parseInt                   
0000032b  oi_parsePacket                
0000096b  oi_play_song                  
0000084b  oi_setLeds                    
00000db1  oi_setMotorCalibration        
0000088f  oi_setWheels                  
00000b51  oi_shutoff_init               
0000098d  oi_uartInit                   
00000a31  oi_uartReceive                
00000a77  oi_uartSendBuff               
00000a15  oi_uartSendChar               
00000a59  oi_uartSendStr                
000002d9  oi_update                     
00003161  ping_getDistance              
00002fdd  ping_init                     
00003097  ping_trigger                  
000018dd  powf                          
20002320  receiveByte                   
200022e8  rightCalVal                   
00003fcd  scalbn                        
000043bd  scalbnf                       
00003fcd  scalbnl                       
000021bd  send_message                  
000021dd  send_movemessage              
00002155  send_scan_data                
000020b3  send_sensor_data              
00002e31  servoCal                      
00002cd5  servo_init                    
00004b91  setup_ice_cream_jingle        
00004cb9  sprintf                       
00004ed9  sqrtf                         
00004fe7  strchr                        
00004fcf  strcmp                        
00004ffd  strcpy                        
00005011  strlen                        
0000362b  timer_getMicros               
000035d3  timer_getMillis               
0000350d  timer_init                    
000035af  timer_pause                   
000035c1  timer_resume                  
00003585  timer_stop                    
00003685  timer_waitMicros              
000036b7  timer_waitMillis              
00004bcd  trigger_ice_cream_jingle      
00002d67  turnDegree                    
00002b23  turn_left                     
00002aad  turn_right                    
00001e69  uart_interrupt_init           
00001f49  uart_receive                  
00001f2d  uart_sendChar                 
00001f6f  uart_sendStr                  
00004cf9  vsnprintf                     
00005025  wcslen                        


GLOBAL SYMBOLS: SORTED BY Symbol Address 

address   name                          
-------   ----                          
00000000  __TI_static_base__            
00000000  g_pfnVectors                  
0000026d  oi_alloc                      
00000279  oi_free                       
00000289  oi_init_noupdate              
000002b1  oi_init                       
000002c7  oi_close                      
000002d9  oi_update                     
0000032b  oi_parsePacket                
0000084b  oi_setLeds                    
0000088f  oi_setWheels                  
00000915  oi_loadSong                   
0000096b  oi_play_song                  
0000097f  go_charge                     
0000098d  oi_uartInit                   
00000a15  oi_uartSendChar               
00000a31  oi_uartReceive                
00000a59  oi_uartSendStr                
00000a77  oi_uartSendBuff               
00000aa9  oi_checkFirmware              
00000b51  oi_shutoff_init               
00000bc3  GPIOF_Handler                 
00000db1  oi_setMotorCalibration        
00000ded  oi_getMotorCalibrationLeft    
00000e01  oi_getMotorCalibrationRight   
00000e8d  __TI_printfi                  
00001000  __STACK_SIZE                  
00001000  __SYSMEM_SIZE                 
000018db  _nop                          
000018dd  powf                          
00001e69  uart_interrupt_init           
00001f2d  uart_sendChar                 
00001f49  uart_receive                  
00001f6f  uart_sendStr                  
00001f8d  UART1_Handler                 
000020b3  send_sensor_data              
00002155  send_scan_data                
000021bd  send_message                  
000021dd  send_movemessage              
00002301  main                          
00002691  lcd_reverseNibble             
000026cd  lcd_init                      
0000278d  lcd_putc                      
000027c5  lcd_puts                      
000027e3  lcd_sendCommand               
00002821  lcd_sendNibble                
00002865  lcd_gotoLine                  
0000288d  lcd_setCursorPos              
000028cb  lcd_printf                    
000029b9  move_forward                  
00002a35  move_backward                 
00002aad  turn_right                    
00002b23  turn_left                     
00002b91  checkBotSensors               
00002c61  freeBot                       
00002cd5  servo_init                    
00002d67  turnDegree                    
00002e31  servoCal                      
00002fdd  ping_init                     
00003097  ping_trigger                  
00003121  TIMER3B_Handler               
00003161  ping_getDistance              
0000350d  timer_init                    
00003585  timer_stop                    
000035af  timer_pause                   
000035c1  timer_resume                  
000035d3  timer_getMillis               
0000362b  timer_getMicros               
00003685  timer_waitMicros              
000036b7  timer_waitMillis              
00003925  __aeabi_dsub                  
0000392f  __aeabi_dadd                  
00003adb  __aeabi_idiv0                 
00003adb  __aeabi_ldiv0                 
00003add  adc_init                      
00003b73  get_ADC                       
00003ba5  get_avgADC                    
00003d71  __aeabi_ddiv                  
00003fcd  ldexp                         
00003fcd  ldexpl                        
00003fcd  scalbn                        
00003fcd  scalbnl                       
000040dd  aligned_alloc                 
000040dd  memalign                      
000041dd  __aeabi_dmul                  
000042d9  free                          
000043bd  ldexpf                        
000043bd  scalbnf                       
0000453f  __aeabi_memcpy                
0000453f  __aeabi_memcpy4               
0000453f  __aeabi_memcpy8               
0000453f  memcpy                        
000045db  __aeabi_uldivmod              
00004671  __aeabi_cdcmpeq               
00004671  __aeabi_cdcmple               
000046f7  __aeabi_cdrcmple              
0000477d  button_init                   
000047b1  button_getButton              
00004801  __aeabi_memclr                
00004801  __aeabi_memclr4               
00004801  __aeabi_memclr8               
00004803  __aeabi_memset                
00004803  __aeabi_memset4               
00004803  __aeabi_memset8               
00004809  memset                        
0000495b  __aeabi_d2f                   
000049c9  __TI_decompress_lzss          
00004a31  frexp                         
00004a31  frexpl                        
00004aeb  __TI_ltoa                     
00004b91  setup_ice_cream_jingle        
00004bcd  trigger_ice_cream_jingle      
00004be1  atoi                          
00004c2d  __aeabi_d2iz                  
00004c75  __TI_auto_init_nobinit_nopinit
00004cb9  sprintf                       
00004cf9  vsnprintf                     
00004d79  calloc                        
00004db1  __aeabi_f2d                   
00004de9  IntRegister                   
00004e1d  _c_int00_noargs               
00004e81  __aeabi_i2d                   
00004ed9  sqrtf                         
00004f01  __TI_zero_init_nomemset       
00004f39  memccpy                       
00004f55  copysign                      
00004f55  copysignl                     
00004f9f  copysignf                     
00004fb7  oi_parseInt                   
00004fcf  strcmp                        
00004fe7  strchr                        
00004ffd  strcpy                        
00005011  strlen                        
00005025  wcslen                        
00005037  IntMasterEnable               
00005047  lcd_clear                     
00005057  __TI_decompress_none          
00005065  CPUcpsie                      
00005071  ResetISR                      
00005089  __aeabi_errno_addr            
00005091  malloc                        
00005099  _system_pre_init              
0000509d  C$$EXIT                       
0000509d  abort                         
000050a0  _ctypes_                      
00005208  __TI_Handler_Table_Base       
00005214  __TI_Handler_Table_Limit      
00005228  __TI_CINIT_Base               
00005240  __TI_CINIT_Limit              
20000000  __start___llvm_prf_cnts       
20000000  __stop___llvm_prf_cnts        
20000000  g_pfnRAMVectors               
20000270  __stack                       
20000470  __STACK_TOP                   
20001270  __STACK_END                   
20001270  _sys_memory                   
200022dc  _timeout_ticks                
200022e0  currentHeading                
200022e4  leftCalVal                    
200022e8  rightCalVal                   
200022ec  motor_cal_factor_L            
200022f0  motor_cal_factor_R            
2000230c  g_start_time                  
20002310  g_end_time                    
20002314  g_state                       
20002315  _running                      
20002318  command_byte                  
2000231c  command_flag                  
20002320  receiveByte                   
20002324  _lock                         
20002328  _unlock                       
20002334  errno                         
ffffffff  __TI_pprof_out_hndl           
ffffffff  __TI_prof_data_size           
ffffffff  __TI_prof_data_start          
ffffffff  __binit__                     
ffffffff  __c_args__                    
ffffffff  binit                         
UNDEFED   __mpu_init                    
UNDEFED   _system_post_cinit            

[180 symbols]
