******************************************************************************
                  TI ARM Linker PC v20.2.7                     
******************************************************************************
>> Linked Tue May  6 17:16:11 2025

OUTPUT FILE NAME:   <shit.out>
ENTRY POINT SYMBOL: "_c_int00_noargs"  address: 0000504d


MEMORY CONFIGURATION

         name            origin    length      used     unused   attr    fill
----------------------  --------  ---------  --------  --------  ----  --------
  FLASH                 00000000   00040000  00005477  0003ab89  R  X
  SRAM                  20000000   00008000  0000233c  00005cc4  RW X


SEGMENT ALLOCATION MAP

run origin  load origin   length   init length attrs members
----------  ----------- ---------- ----------- ----- -------
00000000    00000000    00005478   00005478    r-x
  00000000    00000000    0000026c   0000026c    r-- .intvecs
  0000026c    0000026c    00005064   00005064    r-x .text
  000052d0    000052d0    00000147   00000147    r-- .const
  00005418    00005418    00000060   00000060    r-- .cinit
20000000    20000000    00002340   00000000    rw-
  20000000    20000000    0000026c   00000000    rw- .vtable
  20000270    20000270    00001000   00000000    rw- .stack
  20001270    20001270    00001000   00000000    rw- .sysmem
  20002270    20002270    00000078   00000000    rw- .bss
  200022e8    200022e8    00000058   00000000    rw- .data


SECTION ALLOCATION MAP

 output                                  attributes/
section   page    origin      length       input sections
--------  ----  ----------  ----------   ----------------
.intvecs   0    00000000    0000026c     
                  00000000    0000026c     tm4c123gh6pm_startup_ccs.obj (.intvecs)

.text      0    0000026c    00005064     
                  0000026c    00000c20     open_interface.obj (.text)
                  00000e8c    00000a4e     rtsv7M4_T_le_v4SPD16_eabi.lib : _printfi.c.obj (.text:__TI_printfi)
                  000018da    00000002                                   : _lock.c.obj (.text:_nop)
                  000018dc    00000618     main.obj (.text)
                  00001ef4    0000058c     rtsv7M4_T_le_v4SPD16_eabi.lib : e_powf.c.obj (.text:powf)
                  00002480    000004b4     movement.obj (.text)
                  00002934    00000328     lcd.obj (.text)
                  00002c5c    00000308     servo.obj (.text)
                  00002f64    000002c0     ping_template.obj (.text)
                  00003224    000002a8     uart-interrupt.obj (.text)
                  000034cc    00000270     rtsv7M4_T_le_v4SPD16_eabi.lib : _printfi.c.obj (.text:_pconv_a)
                  0000373c    00000248     Timer.obj (.text)
                  00003984    000001d0     rtsv7M4_T_le_v4SPD16_eabi.lib : _printfi.c.obj (.text:_pconv_g)
                  00003b54    000001b6                                   : fd_add_t2.asm.obj (.text)
                  00003d0a    00000002                                   : div0.asm.obj (.text)
                  00003d0c    00000158     adc.obj (.text)
                  00003e64    0000013c     rtsv7M4_T_le_v4SPD16_eabi.lib : _printfi.c.obj (.text:_pconv_e)
                  00003fa0    00000136                                   : fd_div_t2.asm.obj (.text)
                  000040d6    00000002     --HOLE-- [fill = 0]
                  000040d8    00000124                                   : _printfi.c.obj (.text:fcvt)
                  000041fc    00000110                                   : s_scalbn.c.obj (.text:scalbn)
                  0000430c    00000100                                   : memory.c.obj (.text:aligned_alloc)
                  0000440c    000000fc                                   : fd_mul_t2.asm.obj (.text)
                  00004508    000000e4                                   : memory.c.obj (.text:free)
                  000045ec    000000d0                                   : s_scalbnf.c.obj (.text:scalbnf)
                  000046bc    000000b1                                   : _printfi.c.obj (.text:_ltostr)
                  0000476d    00000001     --HOLE-- [fill = 0]
                  0000476e    0000009c                                   : memcpy_t2.asm.obj (.text)
                  0000480a    00000096                                   : ull_div_t2.asm.obj (.text)
                  000048a0    00000086                                   : fd_cmp_t2.asm.obj (.text:__aeabi_cdcmple)
                  00004926    00000086                                   : fd_cmp_t2.asm.obj (.text:__aeabi_cdrcmple)
                  000049ac    00000084     button.obj (.text)
                  00004a30    0000007a     rtsv7M4_T_le_v4SPD16_eabi.lib : memset_t2.asm.obj (.text)
                  00004aaa    00000002     --HOLE-- [fill = 0]
                  00004aac    00000070                                   : memory.c.obj (.text:split)
                  00004b1c    0000006e                                   : _printfi.c.obj (.text:_mcpy)
                  00004b8a    0000006e                                   : fd_tos_t2.asm.obj (.text)
                  00004bf8    00000068                                   : copy_decompress_lzss.c.obj (.text:decompress:lzss:__TI_decompress_lzss)
                  00004c60    00000064                                   : s_frexp.c.obj (.text:frexp)
                  00004cc4    00000056                                   : _printfi.c.obj (.text:_pconv_f)
                  00004d1a    00000054                                   : _ltoa.c.obj (.text:__TI_ltoa)
                  00004d6e    00000052                                   : _printfi.c.obj (.text:_ecpy)
                  00004dc0    00000050     iceCreamSong.obj (.text)
                  00004e10    0000004c     rtsv7M4_T_le_v4SPD16_eabi.lib : atoi.c.obj (.text:atoi)
                  00004e5c    00000048                                   : fd_toi_t2.asm.obj (.text)
                  00004ea4    00000044                                   : autoinit.c.obj (.text:__TI_auto_init_nobinit_nopinit:__TI_auto_init_nobinit_nopinit)
                  00004ee8    00000040                                   : sprintf.c.obj (.text:sprintf)
                  00004f28    00000040                                   : vsnprintf.c.obj (.text:vsnprintf)
                  00004f68    0000003e                                   : _printfi.c.obj (.text:_fcpy)
                  00004fa6    00000002     --HOLE-- [fill = 0]
                  00004fa8    00000038                                   : memory.c.obj (.text:calloc)
                  00004fe0    00000038                                   : fs_tod_t2.asm.obj (.text)
                  00005018    00000034     driverlib.lib : interrupt.obj (.text:IntRegister)
                  0000504c    00000034     rtsv7M4_T_le_v4SPD16_eabi.lib : boot_cortex_m.c.obj (.text:_c_int00_noargs:_c_int00_noargs)
                  00005080    00000030                                   : vsnprintf.c.obj (.text:_outs)
                  000050b0    0000002e                                   : i_tofd_t2.asm.obj (.text)
                  000050de    00000002     --HOLE-- [fill = 0]
                  000050e0    00000028                                   : memory.c.obj (.text:free_list_insert)
                  00005108    00000028                                   : e_sqrtf.c.obj (.text:sqrtf)
                  00005130    0000001c                                   : copy_zero_init.c.obj (.text:decompress:ZI:__TI_zero_init_nomemset:__TI_zero_init_nomemset)
                  0000514c    0000001c                                   : memory.c.obj (.text:free_list_remove)
                  00005168    0000001c                                   : memccpy.c.obj (.text:memccpy)
                  00005184    0000001a                                   : s_copysign.c.obj (.text:copysign)
                  0000519e    00000018                                   : vsnprintf.c.obj (.text:_outc)
                  000051b6    00000018                                   : sprintf.c.obj (.text:_outs)
                  000051ce    00000018                                   : s_copysignf.c.obj (.text:copysignf)
                  000051e6    00000018     open_interface.obj (.text:oi_parseInt)
                  000051fe    00000018     rtsv7M4_T_le_v4SPD16_eabi.lib : strcmp.c.obj (.text:strcmp)
                  00005216    00000016                                   : strchr.c.obj (.text:strchr)
                  0000522c    00000014                                   : strcpy.c.obj (.text:strcpy)
                  00005240    00000014                                   : strlen.c.obj (.text:strlen)
                  00005254    00000012                                   : wcslen.c.obj (.text:wcslen)
                  00005266    00000010     driverlib.lib : interrupt.obj (.text:IntMasterEnable)
                  00005276    00000010     lcd.obj (.text:lcd_clear)
                  00005286    0000000e     rtsv7M4_T_le_v4SPD16_eabi.lib : copy_decompress_none.c.obj (.text:decompress:none:__TI_decompress_none)
                  00005294    0000000c     driverlib.lib : cpu.obj (.text:CPUcpsie)
                  000052a0    0000000c     tm4c123gh6pm_startup_ccs.obj (.text)
                  000052ac    0000000a     rtsv7M4_T_le_v4SPD16_eabi.lib : sprintf.c.obj (.text:_outc)
                  000052b6    00000002     --HOLE-- [fill = 0]
                  000052b8    00000008                                   : errno.c.obj (.text:__aeabi_errno_addr)
                  000052c0    00000008                                   : memory.c.obj (.text:malloc)
                  000052c8    00000004                                   : pre_init.c.obj (.text:_system_pre_init)
                  000052cc    00000004                                   : exit.c.obj (.text:abort:abort)

.const     0    000052d0    00000147     
                  000052d0    00000101     rtsv7M4_T_le_v4SPD16_eabi.lib : ctype.c.obj (.const:.string:_ctypes_)
                  000053d1    00000003     --HOLE-- [fill = 0]
                  000053d4    00000018                                   : e_powf.c.obj (.const:$O1$$)
                  000053ec    0000000f     open_interface.obj (.const:.string:$P$T0$3)
                  000053fb    0000000a     iceCreamSong.obj (.const:.string:$P$T0$1)
                  00005405    0000000a     iceCreamSong.obj (.const:.string:$P$T1$2)
                  0000540f    00000004     lcd.obj (.const:.string:lineAddress$1)
                  00005413    00000004     lcd.obj (.const:.string:lineAddresses$2)

.cinit     0    00005418    00000060     
                  00005418    00000025     (.cinit..data.load) [load image, compression = lzss]
                  0000543d    00000003     --HOLE-- [fill = 0]
                  00005440    0000000c     (__TI_handler_table)
                  0000544c    00000004     --HOLE-- [fill = 0]
                  00005450    00000008     (.cinit..bss.load) [load image, compression = zero_init]
                  00005458    00000008     (.cinit..vtable.load) [load image, compression = zero_init]
                  00005460    00000018     (__TI_cinit_table)

.init_array 
*          0    00000000    00000000     UNINITIALIZED

.vtable    0    20000000    0000026c     UNINITIALIZED
                  20000000    0000026c     driverlib.lib : interrupt.obj (.vtable)

.stack     0    20000270    00001000     UNINITIALIZED
                  20000270    00000004     rtsv7M4_T_le_v4SPD16_eabi.lib : boot_cortex_m.c.obj (.stack)
                  20000274    00000ffc     --HOLE--

.sysmem    0    20001270    00001000     UNINITIALIZED
                  20001270    00000010     rtsv7M4_T_le_v4SPD16_eabi.lib : memory.c.obj (.sysmem)
                  20001280    00000ff0     --HOLE--

.bss       0    20002270    00000078     UNINITIALIZED
                  20002270    00000054     lcd.obj (.bss:lastbuffer$3)
                  200022c4    00000018     open_interface.obj (.bss:firmware$2)
                  200022dc    00000004     (.common:_timeout_ticks)
                  200022e0    00000004     (.common:leftCalVal)
                  200022e4    00000004     (.common:rightCalVal)

.data      0    200022e8    00000058     UNINITIALIZED
                  200022e8    00000020     open_interface.obj (.data)
                  20002308    0000000c     movement.obj (.data)
                  20002314    00000009     ping_template.obj (.data)
                  2000231d    00000001     Timer.obj (.data)
                  2000231e    00000001     button.obj (.data)
                  2000231f    00000001     --HOLE--
                  20002320    00000009     uart-interrupt.obj (.data)
                  20002329    00000003     --HOLE--
                  2000232c    00000008     rtsv7M4_T_le_v4SPD16_eabi.lib : _lock.c.obj (.data:$O1$$)
                  20002334    00000008                                   : memory.c.obj (.data:$O1$$)
                  2000233c    00000004                                   : errno.c.obj (.data)

__llvm_prf_cnts 
*          0    20000000    00000000     UNINITIALIZED

MODULE SUMMARY

       Module                         code    ro data   rw data
       ------                         ----    -------   -------
    .\
       open_interface.obj             3128    15        56     
       main.obj                       1560    0         8      
       movement.obj                   1204    0         12     
       lcd.obj                        824     8         84     
       servo.obj                      776     0         0      
       ping_template.obj              704     0         9      
       uart-interrupt.obj             680     0         9      
       tm4c123gh6pm_startup_ccs.obj   12      620       0      
       Timer.obj                      584     0         5      
       adc.obj                        344     0         0      
       button.obj                     132     0         1      
       iceCreamSong.obj               80      20        0      
    +--+------------------------------+-------+---------+---------+
       Total:                         10028   663       184    
                                                               
    C:/ti/TivaWare_C_Series-2.2.0.295/driverlib/ccs/Debug/driverlib.lib
       interrupt.obj                  68      0         620    
       cpu.obj                        12      0         0      
    +--+------------------------------+-------+---------+---------+
       Total:                         80      0         620    
                                                               
    C:\ti\ccs1271\ccs\tools\compiler\ti-cgt-arm_20.2.7.LTS\lib\rtsv7M4_T_le_v4SPD16_eabi.lib
       _printfi.c.obj                 4851    0         0      
       e_powf.c.obj                   1420    24        0      
       memory.c.obj                   728     0         8      
       fd_add_t2.asm.obj              438     0         0      
       fd_div_t2.asm.obj              310     0         0      
       s_scalbn.c.obj                 272     0         0      
       fd_cmp_t2.asm.obj              268     0         0      
       ctype.c.obj                    0       257       0      
       fd_mul_t2.asm.obj              252     0         0      
       s_scalbnf.c.obj                208     0         0      
       memcpy_t2.asm.obj              156     0         0      
       ull_div_t2.asm.obj             150     0         0      
       vsnprintf.c.obj                136     0         0      
       memset_t2.asm.obj              122     0         0      
       fd_tos_t2.asm.obj              110     0         0      
       copy_decompress_lzss.c.obj     104     0         0      
       s_frexp.c.obj                  100     0         0      
       sprintf.c.obj                  98      0         0      
       _ltoa.c.obj                    84      0         0      
       atoi.c.obj                     76      0         0      
       fd_toi_t2.asm.obj              72      0         0      
       autoinit.c.obj                 68      0         0      
       fs_tod_t2.asm.obj              56      0         0      
       boot_cortex_m.c.obj            52      0         0      
       i_tofd_t2.asm.obj              46      0         0      
       e_sqrtf.c.obj                  40      0         0      
       copy_zero_init.c.obj           28      0         0      
       memccpy.c.obj                  28      0         0      
       s_copysign.c.obj               26      0         0      
       s_copysignf.c.obj              24      0         0      
       strcmp.c.obj                   24      0         0      
       strchr.c.obj                   22      0         0      
       strcpy.c.obj                   20      0         0      
       strlen.c.obj                   20      0         0      
       wcslen.c.obj                   18      0         0      
       copy_decompress_none.c.obj     14      0         0      
       errno.c.obj                    8       0         4      
       _lock.c.obj                    2       0         8      
       exit.c.obj                     4       0         0      
       pre_init.c.obj                 4       0         0      
       div0.asm.obj                   2       0         0      
    +--+------------------------------+-------+---------+---------+
       Total:                         10461   281       20     
                                                               
       Heap:                          0       0         4096   
       Stack:                         0       0         4096   
       Linker Generated:              0       89        0      
    +--+------------------------------+-------+---------+---------+
       Grand Total:                   20569   1033      9016   


LINKER GENERATED COPY TABLES

__TI_cinit_table @ 00005460 records: 3, size/record: 8, table size: 24
	.data: load addr=00005418, load size=00000025 bytes, run addr=200022e8, run size=00000058 bytes, compression=lzss
	.bss: load addr=00005450, load size=00000008 bytes, run addr=20002270, run size=00000078 bytes, compression=zero_init
	.vtable: load addr=00005458, load size=00000008 bytes, run addr=20000000, run size=0000026c bytes, compression=zero_init


LINKER GENERATED HANDLER TABLE

__TI_handler_table @ 00005440 records: 3, size/record: 4, table size: 12
	index: 0, handler: __TI_zero_init
	index: 1, handler: __TI_decompress_lzss
	index: 2, handler: __TI_decompress_none


GLOBAL SYMBOLS: SORTED ALPHABETICALLY BY Name 

address   name                          
-------   ----                          
000052cd  C$$EXIT                       
00005295  CPUcpsie                      
00000bc3  GPIOF_Handler                 
00005267  IntMasterEnable               
00005019  IntRegister                   
000052a1  ResetISR                      
000030a9  TIMER3B_Handler               
00003349  UART1_Handler                 
20001270  __STACK_END                   
00001000  __STACK_SIZE                  
20000470  __STACK_TOP                   
00001000  __SYSMEM_SIZE                 
00005460  __TI_CINIT_Base               
00005478  __TI_CINIT_Limit              
00005440  __TI_Handler_Table_Base       
0000544c  __TI_Handler_Table_Limit      
00004ea5  __TI_auto_init_nobinit_nopinit
00004bf9  __TI_decompress_lzss          
00005287  __TI_decompress_none          
00004d1b  __TI_ltoa                     
ffffffff  __TI_pprof_out_hndl           
00000e8d  __TI_printfi                  
ffffffff  __TI_prof_data_size           
ffffffff  __TI_prof_data_start          
00000000  __TI_static_base__            
00005131  __TI_zero_init_nomemset       
000048a1  __aeabi_cdcmpeq               
000048a1  __aeabi_cdcmple               
00004927  __aeabi_cdrcmple              
00004b8b  __aeabi_d2f                   
00004e5d  __aeabi_d2iz                  
00003b5f  __aeabi_dadd                  
00003fa1  __aeabi_ddiv                  
0000440d  __aeabi_dmul                  
00003b55  __aeabi_dsub                  
000052b9  __aeabi_errno_addr            
00004fe1  __aeabi_f2d                   
000050b1  __aeabi_i2d                   
00003d0b  __aeabi_idiv0                 
00003d0b  __aeabi_ldiv0                 
00004a31  __aeabi_memclr                
00004a31  __aeabi_memclr4               
00004a31  __aeabi_memclr8               
0000476f  __aeabi_memcpy                
0000476f  __aeabi_memcpy4               
0000476f  __aeabi_memcpy8               
00004a33  __aeabi_memset                
00004a33  __aeabi_memset4               
00004a33  __aeabi_memset8               
0000480b  __aeabi_uldivmod              
ffffffff  __binit__                     
ffffffff  __c_args__                    
UNDEFED   __mpu_init                    
20000270  __stack                       
20000000  __start___llvm_prf_cnts       
20000000  __stop___llvm_prf_cnts        
0000504d  _c_int00_noargs               
000052d0  _ctypes_                      
2000232c  _lock                         
000018db  _nop                          
2000231d  _running                      
20001270  _sys_memory                   
UNDEFED   _system_post_cinit            
000052c9  _system_pre_init              
200022dc  _timeout_ticks                
20002330  _unlock                       
000052cd  abort                         
00003d0d  adc_init                      
0000430d  aligned_alloc                 
00004e11  atoi                          
ffffffff  binit                         
000026b5  bumpDetect                    
000049e1  button_getButton              
000049ad  button_init                   
00004fa9  calloc                        
000019ad  checkBotSensors               
20002320  command_byte                  
20002324  command_flag                  
00005185  copysign                      
000051cf  copysignf                     
00005185  copysignl                     
2000233c  errno                         
00004509  free                          
000028fd  freeBot                       
00004c61  frexp                         
00004c61  frexpl                        
20002318  g_end_time                    
20000000  g_pfnRAMVectors               
00000000  g_pfnVectors                  
20002314  g_start_time                  
2000231c  g_state                       
00003da3  get_ADC                       
00003dd5  get_avgADC                    
00002481  get_current_heading           
0000097f  go_charge                     
00005277  lcd_clear                     
00002b09  lcd_gotoLine                  
00002971  lcd_init                      
00002b6f  lcd_printf                    
00002a31  lcd_putc                      
00002a69  lcd_puts                      
00002935  lcd_reverseNibble             
00002a87  lcd_sendCommand               
00002ac5  lcd_sendNibble                
00002b31  lcd_setCursorPos              
000041fd  ldexp                         
000045ed  ldexpf                        
000041fd  ldexpl                        
200022e0  leftCalVal                    
00001b69  main                          
000052c1  malloc                        
0000430d  memalign                      
00005169  memccpy                       
0000476f  memcpy                        
00004a39  memset                        
200022e8  motor_cal_factor_L            
200022ec  motor_cal_factor_R            
00002779  move_backward                 
000024e9  move_forward                  
000025ef  navAroundObject               
0000026d  oi_alloc                      
00000aa9  oi_checkFirmware              
000002c7  oi_close                      
00000279  oi_free                       
00000ded  oi_getMotorCalibrationLeft    
00000e01  oi_getMotorCalibrationRight   
000002b1  oi_init                       
00000289  oi_init_noupdate              
00000915  oi_loadSong                   
000051e7  oi_parseInt                   
0000032b  oi_parsePacket                
0000096b  oi_play_song                  
0000084b  oi_setLeds                    
00000db1  oi_setMotorCalibration        
0000088f  oi_setWheels                  
00000b51  oi_shutoff_init               
0000098d  oi_uartInit                   
00000a31  oi_uartReceive                
00000a77  oi_uartSendBuff               
00000a15  oi_uartSendChar               
00000a59  oi_uartSendStr                
000002d9  oi_update                     
000030e9  ping_getDistance              
00002f65  ping_init                     
0000301f  ping_trigger                  
00001ef5  powf                          
20002328  receiveByte                   
200022e4  rightCalVal                   
000041fd  scalbn                        
000045ed  scalbnf                       
000041fd  scalbnl                       
00001991  send_message                  
0000192f  send_scan_data                
000018dd  send_sensor_data              
00002db9  servoCal                      
00002c5d  servo_init                    
00004dc1  setup_ice_cream_jingle        
00004ee9  sprintf                       
00005109  sqrtf                         
20002310  stopFlag                      
00005217  strchr                        
000051ff  strcmp                        
0000522d  strcpy                        
00005241  strlen                        
0000385b  timer_getMicros               
00003803  timer_getMillis               
0000373d  timer_init                    
000037df  timer_pause                   
000037f1  timer_resume                  
000037b5  timer_stop                    
000038b5  timer_waitMicros              
000038e7  timer_waitMillis              
00004dfd  trigger_ice_cream_jingle      
00002cef  turnDegree                    
0000287b  turn_left                     
000027f1  turn_right                    
00003225  uart_interrupt_init           
00003305  uart_receive                  
000032e9  uart_sendChar                 
0000332b  uart_sendStr                  
00004f29  vsnprintf                     
00005255  wcslen                        


GLOBAL SYMBOLS: SORTED BY Symbol Address 

address   name                          
-------   ----                          
00000000  __TI_static_base__            
00000000  g_pfnVectors                  
0000026d  oi_alloc                      
00000279  oi_free                       
00000289  oi_init_noupdate              
000002b1  oi_init                       
000002c7  oi_close                      
000002d9  oi_update                     
0000032b  oi_parsePacket                
0000084b  oi_setLeds                    
0000088f  oi_setWheels                  
00000915  oi_loadSong                   
0000096b  oi_play_song                  
0000097f  go_charge                     
0000098d  oi_uartInit                   
00000a15  oi_uartSendChar               
00000a31  oi_uartReceive                
00000a59  oi_uartSendStr                
00000a77  oi_uartSendBuff               
00000aa9  oi_checkFirmware              
00000b51  oi_shutoff_init               
00000bc3  GPIOF_Handler                 
00000db1  oi_setMotorCalibration        
00000ded  oi_getMotorCalibrationLeft    
00000e01  oi_getMotorCalibrationRight   
00000e8d  __TI_printfi                  
00001000  __STACK_SIZE                  
00001000  __SYSMEM_SIZE                 
000018db  _nop                          
000018dd  send_sensor_data              
0000192f  send_scan_data                
00001991  send_message                  
000019ad  checkBotSensors               
00001b69  main                          
00001ef5  powf                          
00002481  get_current_heading           
000024e9  move_forward                  
000025ef  navAroundObject               
000026b5  bumpDetect                    
00002779  move_backward                 
000027f1  turn_right                    
0000287b  turn_left                     
000028fd  freeBot                       
00002935  lcd_reverseNibble             
00002971  lcd_init                      
00002a31  lcd_putc                      
00002a69  lcd_puts                      
00002a87  lcd_sendCommand               
00002ac5  lcd_sendNibble                
00002b09  lcd_gotoLine                  
00002b31  lcd_setCursorPos              
00002b6f  lcd_printf                    
00002c5d  servo_init                    
00002cef  turnDegree                    
00002db9  servoCal                      
00002f65  ping_init                     
0000301f  ping_trigger                  
000030a9  TIMER3B_Handler               
000030e9  ping_getDistance              
00003225  uart_interrupt_init           
000032e9  uart_sendChar                 
00003305  uart_receive                  
0000332b  uart_sendStr                  
00003349  UART1_Handler                 
0000373d  timer_init                    
000037b5  timer_stop                    
000037df  timer_pause                   
000037f1  timer_resume                  
00003803  timer_getMillis               
0000385b  timer_getMicros               
000038b5  timer_waitMicros              
000038e7  timer_waitMillis              
00003b55  __aeabi_dsub                  
00003b5f  __aeabi_dadd                  
00003d0b  __aeabi_idiv0                 
00003d0b  __aeabi_ldiv0                 
00003d0d  adc_init                      
00003da3  get_ADC                       
00003dd5  get_avgADC                    
00003fa1  __aeabi_ddiv                  
000041fd  ldexp                         
000041fd  ldexpl                        
000041fd  scalbn                        
000041fd  scalbnl                       
0000430d  aligned_alloc                 
0000430d  memalign                      
0000440d  __aeabi_dmul                  
00004509  free                          
000045ed  ldexpf                        
000045ed  scalbnf                       
0000476f  __aeabi_memcpy                
0000476f  __aeabi_memcpy4               
0000476f  __aeabi_memcpy8               
0000476f  memcpy                        
0000480b  __aeabi_uldivmod              
000048a1  __aeabi_cdcmpeq               
000048a1  __aeabi_cdcmple               
00004927  __aeabi_cdrcmple              
000049ad  button_init                   
000049e1  button_getButton              
00004a31  __aeabi_memclr                
00004a31  __aeabi_memclr4               
00004a31  __aeabi_memclr8               
00004a33  __aeabi_memset                
00004a33  __aeabi_memset4               
00004a33  __aeabi_memset8               
00004a39  memset                        
00004b8b  __aeabi_d2f                   
00004bf9  __TI_decompress_lzss          
00004c61  frexp                         
00004c61  frexpl                        
00004d1b  __TI_ltoa                     
00004dc1  setup_ice_cream_jingle        
00004dfd  trigger_ice_cream_jingle      
00004e11  atoi                          
00004e5d  __aeabi_d2iz                  
00004ea5  __TI_auto_init_nobinit_nopinit
00004ee9  sprintf                       
00004f29  vsnprintf                     
00004fa9  calloc                        
00004fe1  __aeabi_f2d                   
00005019  IntRegister                   
0000504d  _c_int00_noargs               
000050b1  __aeabi_i2d                   
00005109  sqrtf                         
00005131  __TI_zero_init_nomemset       
00005169  memccpy                       
00005185  copysign                      
00005185  copysignl                     
000051cf  copysignf                     
000051e7  oi_parseInt                   
000051ff  strcmp                        
00005217  strchr                        
0000522d  strcpy                        
00005241  strlen                        
00005255  wcslen                        
00005267  IntMasterEnable               
00005277  lcd_clear                     
00005287  __TI_decompress_none          
00005295  CPUcpsie                      
000052a1  ResetISR                      
000052b9  __aeabi_errno_addr            
000052c1  malloc                        
000052c9  _system_pre_init              
000052cd  C$$EXIT                       
000052cd  abort                         
000052d0  _ctypes_                      
00005440  __TI_Handler_Table_Base       
0000544c  __TI_Handler_Table_Limit      
00005460  __TI_CINIT_Base               
00005478  __TI_CINIT_Limit              
20000000  __start___llvm_prf_cnts       
20000000  __stop___llvm_prf_cnts        
20000000  g_pfnRAMVectors               
20000270  __stack                       
20000470  __STACK_TOP                   
20001270  __STACK_END                   
20001270  _sys_memory                   
200022dc  _timeout_ticks                
200022e0  leftCalVal                    
200022e4  rightCalVal                   
200022e8  motor_cal_factor_L            
200022ec  motor_cal_factor_R            
20002310  stopFlag                      
20002314  g_start_time                  
20002318  g_end_time                    
2000231c  g_state                       
2000231d  _running                      
20002320  command_byte                  
20002324  command_flag                  
20002328  receiveByte                   
2000232c  _lock                         
20002330  _unlock                       
2000233c  errno                         
ffffffff  __TI_pprof_out_hndl           
ffffffff  __TI_prof_data_size           
ffffffff  __TI_prof_data_start          
ffffffff  __binit__                     
ffffffff  __c_args__                    
ffffffff  binit                         
UNDEFED   __mpu_init                    
UNDEFED   _system_post_cinit            

[182 symbols]
