******************************************************************************
                  TI ARM Linker PC v20.2.7                     
******************************************************************************
>> Linked Tue May  6 15:58:25 2025

OUTPUT FILE NAME:   <shit.out>
ENTRY POINT SYMBOL: "_c_int00_noargs"  address: 00005015


MEMORY CONFIGURATION

         name            origin    length      used     unused   attr    fill
----------------------  --------  ---------  --------  --------  ----  --------
  FLASH                 00000000   00040000  0000543f  0003abc1  R  X
  SRAM                  20000000   00008000  0000233c  00005cc4  RW X


SEGMENT ALLOCATION MAP

run origin  load origin   length   init length attrs members
----------  ----------- ---------- ----------- ----- -------
00000000    00000000    00005440   00005440    r-x
  00000000    00000000    0000026c   0000026c    r-- .intvecs
  0000026c    0000026c    0000502c   0000502c    r-x .text
  00005298    00005298    00000147   00000147    r-- .const
  000053e0    000053e0    00000060   00000060    r-- .cinit
20000000    20000000    00002340   00000000    rw-
  20000000    20000000    0000026c   00000000    rw- .vtable
  20000270    20000270    00001000   00000000    rw- .stack
  20001270    20001270    00001000   00000000    rw- .sysmem
  20002270    20002270    00000078   00000000    rw- .bss
  200022e8    200022e8    00000058   00000000    rw- .data


SECTION ALLOCATION MAP

 output                                  attributes/
section   page    origin      length       input sections
--------  ----  ----------  ----------   ----------------
.intvecs   0    00000000    0000026c     
                  00000000    0000026c     tm4c123gh6pm_startup_ccs.obj (.intvecs)

.text      0    0000026c    0000502c     
                  0000026c    00000c20     open_interface.obj (.text)
                  00000e8c    00000a4e     rtsv7M4_T_le_v4SPD16_eabi.lib : _printfi.c.obj (.text:__TI_printfi)
                  000018da    00000002                                   : _lock.c.obj (.text:_nop)
                  000018dc    000005fc     main.obj (.text)
                  00001ed8    0000058c     rtsv7M4_T_le_v4SPD16_eabi.lib : e_powf.c.obj (.text:powf)
                  00002464    000004dc     movement.obj (.text)
                  00002940    00000328     lcd.obj (.text)
                  00002c68    00000308     servo.obj (.text)
                  00002f70    000002c0     ping_template.obj (.text)
                  00003230    000002a8     uart-interrupt.obj (.text)
                  000034d8    00000270     rtsv7M4_T_le_v4SPD16_eabi.lib : _printfi.c.obj (.text:_pconv_a)
                  00003748    00000248     Timer.obj (.text)
                  00003990    000001d0     rtsv7M4_T_le_v4SPD16_eabi.lib : _printfi.c.obj (.text:_pconv_g)
                  00003b60    000001b6                                   : fd_add_t2.asm.obj (.text)
                  00003d16    00000002                                   : div0.asm.obj (.text)
                  00003d18    0000013c                                   : _printfi.c.obj (.text:_pconv_e)
                  00003e54    00000136                                   : fd_div_t2.asm.obj (.text)
                  00003f8a    00000002     --HOLE-- [fill = 0]
                  00003f8c    00000124                                   : _printfi.c.obj (.text:fcvt)
                  000040b0    00000114     adc.obj (.text)
                  000041c4    00000110     rtsv7M4_T_le_v4SPD16_eabi.lib : s_scalbn.c.obj (.text:scalbn)
                  000042d4    00000100                                   : memory.c.obj (.text:aligned_alloc)
                  000043d4    000000fc                                   : fd_mul_t2.asm.obj (.text)
                  000044d0    000000e4                                   : memory.c.obj (.text:free)
                  000045b4    000000d0                                   : s_scalbnf.c.obj (.text:scalbnf)
                  00004684    000000b1                                   : _printfi.c.obj (.text:_ltostr)
                  00004735    00000001     --HOLE-- [fill = 0]
                  00004736    0000009c                                   : memcpy_t2.asm.obj (.text)
                  000047d2    00000096                                   : ull_div_t2.asm.obj (.text)
                  00004868    00000086                                   : fd_cmp_t2.asm.obj (.text:__aeabi_cdcmple)
                  000048ee    00000086                                   : fd_cmp_t2.asm.obj (.text:__aeabi_cdrcmple)
                  00004974    00000084     button.obj (.text)
                  000049f8    0000007a     rtsv7M4_T_le_v4SPD16_eabi.lib : memset_t2.asm.obj (.text)
                  00004a72    00000002     --HOLE-- [fill = 0]
                  00004a74    00000070                                   : memory.c.obj (.text:split)
                  00004ae4    0000006e                                   : _printfi.c.obj (.text:_mcpy)
                  00004b52    0000006e                                   : fd_tos_t2.asm.obj (.text)
                  00004bc0    00000068                                   : copy_decompress_lzss.c.obj (.text:decompress:lzss:__TI_decompress_lzss)
                  00004c28    00000064                                   : s_frexp.c.obj (.text:frexp)
                  00004c8c    00000056                                   : _printfi.c.obj (.text:_pconv_f)
                  00004ce2    00000054                                   : _ltoa.c.obj (.text:__TI_ltoa)
                  00004d36    00000052                                   : _printfi.c.obj (.text:_ecpy)
                  00004d88    00000050     iceCreamSong.obj (.text)
                  00004dd8    0000004c     rtsv7M4_T_le_v4SPD16_eabi.lib : atoi.c.obj (.text:atoi)
                  00004e24    00000048                                   : fd_toi_t2.asm.obj (.text)
                  00004e6c    00000044                                   : autoinit.c.obj (.text:__TI_auto_init_nobinit_nopinit:__TI_auto_init_nobinit_nopinit)
                  00004eb0    00000040                                   : sprintf.c.obj (.text:sprintf)
                  00004ef0    00000040                                   : vsnprintf.c.obj (.text:vsnprintf)
                  00004f30    0000003e                                   : _printfi.c.obj (.text:_fcpy)
                  00004f6e    00000002     --HOLE-- [fill = 0]
                  00004f70    00000038                                   : memory.c.obj (.text:calloc)
                  00004fa8    00000038                                   : fs_tod_t2.asm.obj (.text)
                  00004fe0    00000034     driverlib.lib : interrupt.obj (.text:IntRegister)
                  00005014    00000034     rtsv7M4_T_le_v4SPD16_eabi.lib : boot_cortex_m.c.obj (.text:_c_int00_noargs:_c_int00_noargs)
                  00005048    00000030                                   : vsnprintf.c.obj (.text:_outs)
                  00005078    0000002e                                   : i_tofd_t2.asm.obj (.text)
                  000050a6    00000002     --HOLE-- [fill = 0]
                  000050a8    00000028                                   : memory.c.obj (.text:free_list_insert)
                  000050d0    00000028                                   : e_sqrtf.c.obj (.text:sqrtf)
                  000050f8    0000001c                                   : copy_zero_init.c.obj (.text:decompress:ZI:__TI_zero_init_nomemset:__TI_zero_init_nomemset)
                  00005114    0000001c                                   : memory.c.obj (.text:free_list_remove)
                  00005130    0000001c                                   : memccpy.c.obj (.text:memccpy)
                  0000514c    0000001a                                   : s_copysign.c.obj (.text:copysign)
                  00005166    00000018                                   : vsnprintf.c.obj (.text:_outc)
                  0000517e    00000018                                   : sprintf.c.obj (.text:_outs)
                  00005196    00000018                                   : s_copysignf.c.obj (.text:copysignf)
                  000051ae    00000018     open_interface.obj (.text:oi_parseInt)
                  000051c6    00000018     rtsv7M4_T_le_v4SPD16_eabi.lib : strcmp.c.obj (.text:strcmp)
                  000051de    00000016                                   : strchr.c.obj (.text:strchr)
                  000051f4    00000014                                   : strcpy.c.obj (.text:strcpy)
                  00005208    00000014                                   : strlen.c.obj (.text:strlen)
                  0000521c    00000012                                   : wcslen.c.obj (.text:wcslen)
                  0000522e    00000010     driverlib.lib : interrupt.obj (.text:IntMasterEnable)
                  0000523e    00000010     lcd.obj (.text:lcd_clear)
                  0000524e    0000000e     rtsv7M4_T_le_v4SPD16_eabi.lib : copy_decompress_none.c.obj (.text:decompress:none:__TI_decompress_none)
                  0000525c    0000000c     driverlib.lib : cpu.obj (.text:CPUcpsie)
                  00005268    0000000c     tm4c123gh6pm_startup_ccs.obj (.text)
                  00005274    0000000a     rtsv7M4_T_le_v4SPD16_eabi.lib : sprintf.c.obj (.text:_outc)
                  0000527e    00000002     --HOLE-- [fill = 0]
                  00005280    00000008                                   : errno.c.obj (.text:__aeabi_errno_addr)
                  00005288    00000008                                   : memory.c.obj (.text:malloc)
                  00005290    00000004                                   : pre_init.c.obj (.text:_system_pre_init)
                  00005294    00000004                                   : exit.c.obj (.text:abort:abort)

.const     0    00005298    00000147     
                  00005298    00000101     rtsv7M4_T_le_v4SPD16_eabi.lib : ctype.c.obj (.const:.string:_ctypes_)
                  00005399    00000003     --HOLE-- [fill = 0]
                  0000539c    00000018                                   : e_powf.c.obj (.const:$O1$$)
                  000053b4    0000000f     open_interface.obj (.const:.string:$P$T0$3)
                  000053c3    0000000a     iceCreamSong.obj (.const:.string:$P$T0$1)
                  000053cd    0000000a     iceCreamSong.obj (.const:.string:$P$T1$2)
                  000053d7    00000004     lcd.obj (.const:.string:lineAddress$1)
                  000053db    00000004     lcd.obj (.const:.string:lineAddresses$2)

.cinit     0    000053e0    00000060     
                  000053e0    00000025     (.cinit..data.load) [load image, compression = lzss]
                  00005405    00000003     --HOLE-- [fill = 0]
                  00005408    0000000c     (__TI_handler_table)
                  00005414    00000004     --HOLE-- [fill = 0]
                  00005418    00000008     (.cinit..bss.load) [load image, compression = zero_init]
                  00005420    00000008     (.cinit..vtable.load) [load image, compression = zero_init]
                  00005428    00000018     (__TI_cinit_table)

.init_array 
*          0    00000000    00000000     UNINITIALIZED

.vtable    0    20000000    0000026c     UNINITIALIZED
                  20000000    0000026c     driverlib.lib : interrupt.obj (.vtable)

.stack     0    20000270    00001000     UNINITIALIZED
                  20000270    00000004     rtsv7M4_T_le_v4SPD16_eabi.lib : boot_cortex_m.c.obj (.stack)
                  20000274    00000ffc     --HOLE--

.sysmem    0    20001270    00001000     UNINITIALIZED
                  20001270    00000010     rtsv7M4_T_le_v4SPD16_eabi.lib : memory.c.obj (.sysmem)
                  20001280    00000ff0     --HOLE--

.bss       0    20002270    00000078     UNINITIALIZED
                  20002270    00000054     lcd.obj (.bss:lastbuffer$3)
                  200022c4    00000018     open_interface.obj (.bss:firmware$2)
                  200022dc    00000004     (.common:_timeout_ticks)
                  200022e0    00000004     (.common:leftCalVal)
                  200022e4    00000004     (.common:rightCalVal)

.data      0    200022e8    00000058     UNINITIALIZED
                  200022e8    00000020     open_interface.obj (.data)
                  20002308    0000000c     movement.obj (.data)
                  20002314    00000009     ping_template.obj (.data)
                  2000231d    00000001     Timer.obj (.data)
                  2000231e    00000001     button.obj (.data)
                  2000231f    00000001     --HOLE--
                  20002320    00000009     uart-interrupt.obj (.data)
                  20002329    00000003     --HOLE--
                  2000232c    00000008     rtsv7M4_T_le_v4SPD16_eabi.lib : _lock.c.obj (.data:$O1$$)
                  20002334    00000008                                   : memory.c.obj (.data:$O1$$)
                  2000233c    00000004                                   : errno.c.obj (.data)

__llvm_prf_cnts 
*          0    20000000    00000000     UNINITIALIZED

MODULE SUMMARY

       Module                         code    ro data   rw data
       ------                         ----    -------   -------
    .\
       open_interface.obj             3128    15        56     
       main.obj                       1532    0         8      
       movement.obj                   1244    0         12     
       lcd.obj                        824     8         84     
       servo.obj                      776     0         0      
       ping_template.obj              704     0         9      
       uart-interrupt.obj             680     0         9      
       tm4c123gh6pm_startup_ccs.obj   12      620       0      
       Timer.obj                      584     0         5      
       adc.obj                        276     0         0      
       button.obj                     132     0         1      
       iceCreamSong.obj               80      20        0      
    +--+------------------------------+-------+---------+---------+
       Total:                         9972    663       184    
                                                               
    C:/ti/TivaWare_C_Series-2.2.0.295/driverlib/ccs/Debug/driverlib.lib
       interrupt.obj                  68      0         620    
       cpu.obj                        12      0         0      
    +--+------------------------------+-------+---------+---------+
       Total:                         80      0         620    
                                                               
    C:\ti\ccs1271\ccs\tools\compiler\ti-cgt-arm_20.2.7.LTS\lib\rtsv7M4_T_le_v4SPD16_eabi.lib
       _printfi.c.obj                 4851    0         0      
       e_powf.c.obj                   1420    24        0      
       memory.c.obj                   728     0         8      
       fd_add_t2.asm.obj              438     0         0      
       fd_div_t2.asm.obj              310     0         0      
       s_scalbn.c.obj                 272     0         0      
       fd_cmp_t2.asm.obj              268     0         0      
       ctype.c.obj                    0       257       0      
       fd_mul_t2.asm.obj              252     0         0      
       s_scalbnf.c.obj                208     0         0      
       memcpy_t2.asm.obj              156     0         0      
       ull_div_t2.asm.obj             150     0         0      
       vsnprintf.c.obj                136     0         0      
       memset_t2.asm.obj              122     0         0      
       fd_tos_t2.asm.obj              110     0         0      
       copy_decompress_lzss.c.obj     104     0         0      
       s_frexp.c.obj                  100     0         0      
       sprintf.c.obj                  98      0         0      
       _ltoa.c.obj                    84      0         0      
       atoi.c.obj                     76      0         0      
       fd_toi_t2.asm.obj              72      0         0      
       autoinit.c.obj                 68      0         0      
       fs_tod_t2.asm.obj              56      0         0      
       boot_cortex_m.c.obj            52      0         0      
       i_tofd_t2.asm.obj              46      0         0      
       e_sqrtf.c.obj                  40      0         0      
       copy_zero_init.c.obj           28      0         0      
       memccpy.c.obj                  28      0         0      
       s_copysign.c.obj               26      0         0      
       s_copysignf.c.obj              24      0         0      
       strcmp.c.obj                   24      0         0      
       strchr.c.obj                   22      0         0      
       strcpy.c.obj                   20      0         0      
       strlen.c.obj                   20      0         0      
       wcslen.c.obj                   18      0         0      
       copy_decompress_none.c.obj     14      0         0      
       errno.c.obj                    8       0         4      
       _lock.c.obj                    2       0         8      
       exit.c.obj                     4       0         0      
       pre_init.c.obj                 4       0         0      
       div0.asm.obj                   2       0         0      
    +--+------------------------------+-------+---------+---------+
       Total:                         10461   281       20     
                                                               
       Heap:                          0       0         4096   
       Stack:                         0       0         4096   
       Linker Generated:              0       89        0      
    +--+------------------------------+-------+---------+---------+
       Grand Total:                   20513   1033      9016   


LINKER GENERATED COPY TABLES

__TI_cinit_table @ 00005428 records: 3, size/record: 8, table size: 24
	.data: load addr=000053e0, load size=00000025 bytes, run addr=200022e8, run size=00000058 bytes, compression=lzss
	.bss: load addr=00005418, load size=00000008 bytes, run addr=20002270, run size=00000078 bytes, compression=zero_init
	.vtable: load addr=00005420, load size=00000008 bytes, run addr=20000000, run size=0000026c bytes, compression=zero_init


LINKER GENERATED HANDLER TABLE

__TI_handler_table @ 00005408 records: 3, size/record: 4, table size: 12
	index: 0, handler: __TI_zero_init
	index: 1, handler: __TI_decompress_lzss
	index: 2, handler: __TI_decompress_none


GLOBAL SYMBOLS: SORTED ALPHABETICALLY BY Name 

address   name                          
-------   ----                          
00005295  C$$EXIT                       
0000525d  CPUcpsie                      
00000bc3  GPIOF_Handler                 
0000522f  IntMasterEnable               
00004fe1  IntRegister                   
00005269  ResetISR                      
000030b5  TIMER3B_Handler               
00003355  UART1_Handler                 
20001270  __STACK_END                   
00001000  __STACK_SIZE                  
20000470  __STACK_TOP                   
00001000  __SYSMEM_SIZE                 
00005428  __TI_CINIT_Base               
00005440  __TI_CINIT_Limit              
00005408  __TI_Handler_Table_Base       
00005414  __TI_Handler_Table_Limit      
00004e6d  __TI_auto_init_nobinit_nopinit
00004bc1  __TI_decompress_lzss          
0000524f  __TI_decompress_none          
00004ce3  __TI_ltoa                     
ffffffff  __TI_pprof_out_hndl           
00000e8d  __TI_printfi                  
ffffffff  __TI_prof_data_size           
ffffffff  __TI_prof_data_start          
00000000  __TI_static_base__            
000050f9  __TI_zero_init_nomemset       
00004869  __aeabi_cdcmpeq               
00004869  __aeabi_cdcmple               
000048ef  __aeabi_cdrcmple              
00004b53  __aeabi_d2f                   
00004e25  __aeabi_d2iz                  
00003b6b  __aeabi_dadd                  
00003e55  __aeabi_ddiv                  
000043d5  __aeabi_dmul                  
00003b61  __aeabi_dsub                  
00005281  __aeabi_errno_addr            
00004fa9  __aeabi_f2d                   
00005079  __aeabi_i2d                   
00003d17  __aeabi_idiv0                 
00003d17  __aeabi_ldiv0                 
000049f9  __aeabi_memclr                
000049f9  __aeabi_memclr4               
000049f9  __aeabi_memclr8               
00004737  __aeabi_memcpy                
00004737  __aeabi_memcpy4               
00004737  __aeabi_memcpy8               
000049fb  __aeabi_memset                
000049fb  __aeabi_memset4               
000049fb  __aeabi_memset8               
000047d3  __aeabi_uldivmod              
ffffffff  __binit__                     
ffffffff  __c_args__                    
UNDEFED   __mpu_init                    
20000270  __stack                       
20000000  __start___llvm_prf_cnts       
20000000  __stop___llvm_prf_cnts        
00005015  _c_int00_noargs               
00005298  _ctypes_                      
2000232c  _lock                         
000018db  _nop                          
2000231d  _running                      
20001270  _sys_memory                   
UNDEFED   _system_post_cinit            
00005291  _system_pre_init              
200022dc  _timeout_ticks                
20002330  _unlock                       
00005295  abort                         
000040b1  adc_init                      
000042d5  aligned_alloc                 
00004dd9  atoi                          
ffffffff  binit                         
000026ad  bumpDetect                    
000049a9  button_getButton              
00004975  button_init                   
00004f71  calloc                        
000019ad  checkBotSensors               
20002320  command_byte                  
20002324  command_flag                  
0000514d  copysign                      
00005197  copysignf                     
0000514d  copysignl                     
2000233c  errno                         
000044d1  free                          
00002907  freeBot                       
00004c29  frexp                         
00004c29  frexpl                        
20002318  g_end_time                    
20000000  g_pfnRAMVectors               
00000000  g_pfnVectors                  
20002314  g_start_time                  
2000231c  g_state                       
00004147  get_ADC                       
00002465  get_current_heading           
0000097f  go_charge                     
0000523f  lcd_clear                     
00002b15  lcd_gotoLine                  
0000297d  lcd_init                      
00002b7b  lcd_printf                    
00002a3d  lcd_putc                      
00002a75  lcd_puts                      
00002941  lcd_reverseNibble             
00002a93  lcd_sendCommand               
00002ad1  lcd_sendNibble                
00002b3d  lcd_setCursorPos              
000041c5  ldexp                         
000045b5  ldexpf                        
000041c5  ldexpl                        
200022e0  leftCalVal                    
00001b69  main                          
00005289  malloc                        
000042d5  memalign                      
00005131  memccpy                       
00004737  memcpy                        
00004a01  memset                        
200022e8  motor_cal_factor_L            
200022ec  motor_cal_factor_R            
00002767  move_backward                 
000024cd  move_forward                  
000025df  navAroundObject               
0000026d  oi_alloc                      
00000aa9  oi_checkFirmware              
000002c7  oi_close                      
00000279  oi_free                       
00000ded  oi_getMotorCalibrationLeft    
00000e01  oi_getMotorCalibrationRight   
000002b1  oi_init                       
00000289  oi_init_noupdate              
00000915  oi_loadSong                   
000051af  oi_parseInt                   
0000032b  oi_parsePacket                
0000096b  oi_play_song                  
0000084b  oi_setLeds                    
00000db1  oi_setMotorCalibration        
0000088f  oi_setWheels                  
00000b51  oi_shutoff_init               
0000098d  oi_uartInit                   
00000a31  oi_uartReceive                
00000a77  oi_uartSendBuff               
00000a15  oi_uartSendChar               
00000a59  oi_uartSendStr                
000002d9  oi_update                     
000030f5  ping_getDistance              
00002f71  ping_init                     
0000302b  ping_trigger                  
00001ed9  powf                          
20002328  receiveByte                   
200022e4  rightCalVal                   
000041c5  scalbn                        
000045b5  scalbnf                       
000041c5  scalbnl                       
00001991  send_message                  
0000192f  send_scan_data                
000018dd  send_sensor_data              
00002dc5  servoCal                      
00002c69  servo_init                    
00004d89  setup_ice_cream_jingle        
00004eb1  sprintf                       
000050d1  sqrtf                         
20002310  stopFlag                      
000051df  strchr                        
000051c7  strcmp                        
000051f5  strcpy                        
00005209  strlen                        
00003867  timer_getMicros               
0000380f  timer_getMillis               
00003749  timer_init                    
000037eb  timer_pause                   
000037fd  timer_resume                  
000037c1  timer_stop                    
000038c1  timer_waitMicros              
000038f3  timer_waitMillis              
00004dc5  trigger_ice_cream_jingle      
00002cfb  turnDegree                    
00002885  turn_left                     
000027fb  turn_right                    
00003231  uart_interrupt_init           
00003311  uart_receive                  
000032f5  uart_sendChar                 
00003337  uart_sendStr                  
00004ef1  vsnprintf                     
0000521d  wcslen                        


GLOBAL SYMBOLS: SORTED BY Symbol Address 

address   name                          
-------   ----                          
00000000  __TI_static_base__            
00000000  g_pfnVectors                  
0000026d  oi_alloc                      
00000279  oi_free                       
00000289  oi_init_noupdate              
000002b1  oi_init                       
000002c7  oi_close                      
000002d9  oi_update                     
0000032b  oi_parsePacket                
0000084b  oi_setLeds                    
0000088f  oi_setWheels                  
00000915  oi_loadSong                   
0000096b  oi_play_song                  
0000097f  go_charge                     
0000098d  oi_uartInit                   
00000a15  oi_uartSendChar               
00000a31  oi_uartReceive                
00000a59  oi_uartSendStr                
00000a77  oi_uartSendBuff               
00000aa9  oi_checkFirmware              
00000b51  oi_shutoff_init               
00000bc3  GPIOF_Handler                 
00000db1  oi_setMotorCalibration        
00000ded  oi_getMotorCalibrationLeft    
00000e01  oi_getMotorCalibrationRight   
00000e8d  __TI_printfi                  
00001000  __STACK_SIZE                  
00001000  __SYSMEM_SIZE                 
000018db  _nop                          
000018dd  send_sensor_data              
0000192f  send_scan_data                
00001991  send_message                  
000019ad  checkBotSensors               
00001b69  main                          
00001ed9  powf                          
00002465  get_current_heading           
000024cd  move_forward                  
000025df  navAroundObject               
000026ad  bumpDetect                    
00002767  move_backward                 
000027fb  turn_right                    
00002885  turn_left                     
00002907  freeBot                       
00002941  lcd_reverseNibble             
0000297d  lcd_init                      
00002a3d  lcd_putc                      
00002a75  lcd_puts                      
00002a93  lcd_sendCommand               
00002ad1  lcd_sendNibble                
00002b15  lcd_gotoLine                  
00002b3d  lcd_setCursorPos              
00002b7b  lcd_printf                    
00002c69  servo_init                    
00002cfb  turnDegree                    
00002dc5  servoCal                      
00002f71  ping_init                     
0000302b  ping_trigger                  
000030b5  TIMER3B_Handler               
000030f5  ping_getDistance              
00003231  uart_interrupt_init           
000032f5  uart_sendChar                 
00003311  uart_receive                  
00003337  uart_sendStr                  
00003355  UART1_Handler                 
00003749  timer_init                    
000037c1  timer_stop                    
000037eb  timer_pause                   
000037fd  timer_resume                  
0000380f  timer_getMillis               
00003867  timer_getMicros               
000038c1  timer_waitMicros              
000038f3  timer_waitMillis              
00003b61  __aeabi_dsub                  
00003b6b  __aeabi_dadd                  
00003d17  __aeabi_idiv0                 
00003d17  __aeabi_ldiv0                 
00003e55  __aeabi_ddiv                  
000040b1  adc_init                      
00004147  get_ADC                       
000041c5  ldexp                         
000041c5  ldexpl                        
000041c5  scalbn                        
000041c5  scalbnl                       
000042d5  aligned_alloc                 
000042d5  memalign                      
000043d5  __aeabi_dmul                  
000044d1  free                          
000045b5  ldexpf                        
000045b5  scalbnf                       
00004737  __aeabi_memcpy                
00004737  __aeabi_memcpy4               
00004737  __aeabi_memcpy8               
00004737  memcpy                        
000047d3  __aeabi_uldivmod              
00004869  __aeabi_cdcmpeq               
00004869  __aeabi_cdcmple               
000048ef  __aeabi_cdrcmple              
00004975  button_init                   
000049a9  button_getButton              
000049f9  __aeabi_memclr                
000049f9  __aeabi_memclr4               
000049f9  __aeabi_memclr8               
000049fb  __aeabi_memset                
000049fb  __aeabi_memset4               
000049fb  __aeabi_memset8               
00004a01  memset                        
00004b53  __aeabi_d2f                   
00004bc1  __TI_decompress_lzss          
00004c29  frexp                         
00004c29  frexpl                        
00004ce3  __TI_ltoa                     
00004d89  setup_ice_cream_jingle        
00004dc5  trigger_ice_cream_jingle      
00004dd9  atoi                          
00004e25  __aeabi_d2iz                  
00004e6d  __TI_auto_init_nobinit_nopinit
00004eb1  sprintf                       
00004ef1  vsnprintf                     
00004f71  calloc                        
00004fa9  __aeabi_f2d                   
00004fe1  IntRegister                   
00005015  _c_int00_noargs               
00005079  __aeabi_i2d                   
000050d1  sqrtf                         
000050f9  __TI_zero_init_nomemset       
00005131  memccpy                       
0000514d  copysign                      
0000514d  copysignl                     
00005197  copysignf                     
000051af  oi_parseInt                   
000051c7  strcmp                        
000051df  strchr                        
000051f5  strcpy                        
00005209  strlen                        
0000521d  wcslen                        
0000522f  IntMasterEnable               
0000523f  lcd_clear                     
0000524f  __TI_decompress_none          
0000525d  CPUcpsie                      
00005269  ResetISR                      
00005281  __aeabi_errno_addr            
00005289  malloc                        
00005291  _system_pre_init              
00005295  C$$EXIT                       
00005295  abort                         
00005298  _ctypes_                      
00005408  __TI_Handler_Table_Base       
00005414  __TI_Handler_Table_Limit      
00005428  __TI_CINIT_Base               
00005440  __TI_CINIT_Limit              
20000000  __start___llvm_prf_cnts       
20000000  __stop___llvm_prf_cnts        
20000000  g_pfnRAMVectors               
20000270  __stack                       
20000470  __STACK_TOP                   
20001270  __STACK_END                   
20001270  _sys_memory                   
200022dc  _timeout_ticks                
200022e0  leftCalVal                    
200022e4  rightCalVal                   
200022e8  motor_cal_factor_L            
200022ec  motor_cal_factor_R            
20002310  stopFlag                      
20002314  g_start_time                  
20002318  g_end_time                    
2000231c  g_state                       
2000231d  _running                      
20002320  command_byte                  
20002324  command_flag                  
20002328  receiveByte                   
2000232c  _lock                         
20002330  _unlock                       
2000233c  errno                         
ffffffff  __TI_pprof_out_hndl           
ffffffff  __TI_prof_data_size           
ffffffff  __TI_prof_data_start          
ffffffff  __binit__                     
ffffffff  __c_args__                    
ffffffff  binit                         
UNDEFED   __mpu_init                    
UNDEFED   _system_post_cinit            

[181 symbols]
